Archive member included to satisfy reference by file (symbol)

c:/program files (x86)/atmel/studio/7.0/toolchain/arm/arm-gnu-toolchain/bin/../lib/gcc/arm-none-eabi/6.3.1/../../../../arm-none-eabi/lib/thumb/v7e-m\libc.a(lib_a-exit.o)
                              c:/program files (x86)/atmel/studio/7.0/toolchain/arm/arm-gnu-toolchain/bin/../lib/gcc/arm-none-eabi/6.3.1/../../../../arm-none-eabi/lib/thumb/v7e-m/crt0.o (exit)
c:/program files (x86)/atmel/studio/7.0/toolchain/arm/arm-gnu-toolchain/bin/../lib/gcc/arm-none-eabi/6.3.1/../../../../arm-none-eabi/lib/thumb/v7e-m\libc.a(lib_a-impure.o)
                              c:/program files (x86)/atmel/studio/7.0/toolchain/arm/arm-gnu-toolchain/bin/../lib/gcc/arm-none-eabi/6.3.1/../../../../arm-none-eabi/lib/thumb/v7e-m\libc.a(lib_a-exit.o) (_global_impure_ptr)
c:/program files (x86)/atmel/studio/7.0/toolchain/arm/arm-gnu-toolchain/bin/../lib/gcc/arm-none-eabi/6.3.1/../../../../arm-none-eabi/lib/thumb/v7e-m\libc.a(lib_a-init.o)
                              c:/program files (x86)/atmel/studio/7.0/toolchain/arm/arm-gnu-toolchain/bin/../lib/gcc/arm-none-eabi/6.3.1/../../../../arm-none-eabi/lib/thumb/v7e-m/crt0.o (__libc_init_array)
c:/program files (x86)/atmel/studio/7.0/toolchain/arm/arm-gnu-toolchain/bin/../lib/gcc/arm-none-eabi/6.3.1/../../../../arm-none-eabi/lib/thumb/v7e-m\libc.a(lib_a-memset.o)
                              c:/program files (x86)/atmel/studio/7.0/toolchain/arm/arm-gnu-toolchain/bin/../lib/gcc/arm-none-eabi/6.3.1/../../../../arm-none-eabi/lib/thumb/v7e-m/crt0.o (memset)
c:/program files (x86)/atmel/studio/7.0/toolchain/arm/arm-gnu-toolchain/bin/../lib/gcc/arm-none-eabi/6.3.1/../../../../arm-none-eabi/lib/thumb/v7e-m\libc.a(lib_a-puts.o)
                              src/main.o (puts)
c:/program files (x86)/atmel/studio/7.0/toolchain/arm/arm-gnu-toolchain/bin/../lib/gcc/arm-none-eabi/6.3.1/../../../../arm-none-eabi/lib/thumb/v7e-m\libc.a(lib_a-rget.o)
                              src/main.o (__srget_r)
c:/program files (x86)/atmel/studio/7.0/toolchain/arm/arm-gnu-toolchain/bin/../lib/gcc/arm-none-eabi/6.3.1/../../../../arm-none-eabi/lib/thumb/v7e-m\libc.a(lib_a-setbuf.o)
                              src/main.o (setbuf)
c:/program files (x86)/atmel/studio/7.0/toolchain/arm/arm-gnu-toolchain/bin/../lib/gcc/arm-none-eabi/6.3.1/../../../../arm-none-eabi/lib/thumb/v7e-m\libc.a(lib_a-setvbuf.o)
                              c:/program files (x86)/atmel/studio/7.0/toolchain/arm/arm-gnu-toolchain/bin/../lib/gcc/arm-none-eabi/6.3.1/../../../../arm-none-eabi/lib/thumb/v7e-m\libc.a(lib_a-setbuf.o) (setvbuf)
c:/program files (x86)/atmel/studio/7.0/toolchain/arm/arm-gnu-toolchain/bin/../lib/gcc/arm-none-eabi/6.3.1/../../../../arm-none-eabi/lib/thumb/v7e-m\libc.a(lib_a-strlen.o)
                              c:/program files (x86)/atmel/studio/7.0/toolchain/arm/arm-gnu-toolchain/bin/../lib/gcc/arm-none-eabi/6.3.1/../../../../arm-none-eabi/lib/thumb/v7e-m\libc.a(lib_a-puts.o) (strlen)
c:/program files (x86)/atmel/studio/7.0/toolchain/arm/arm-gnu-toolchain/bin/../lib/gcc/arm-none-eabi/6.3.1/../../../../arm-none-eabi/lib/thumb/v7e-m\libc.a(lib_a-__call_atexit.o)
                              c:/program files (x86)/atmel/studio/7.0/toolchain/arm/arm-gnu-toolchain/bin/../lib/gcc/arm-none-eabi/6.3.1/../../../../arm-none-eabi/lib/thumb/v7e-m\libc.a(lib_a-exit.o) (__call_exitprocs)
c:/program files (x86)/atmel/studio/7.0/toolchain/arm/arm-gnu-toolchain/bin/../lib/gcc/arm-none-eabi/6.3.1/../../../../arm-none-eabi/lib/thumb/v7e-m\libc.a(lib_a-atexit.o)
                              c:/program files (x86)/atmel/studio/7.0/toolchain/arm/arm-gnu-toolchain/bin/../lib/gcc/arm-none-eabi/6.3.1/../../../../arm-none-eabi/lib/thumb/v7e-m\libc.a(lib_a-__call_atexit.o) (atexit)
c:/program files (x86)/atmel/studio/7.0/toolchain/arm/arm-gnu-toolchain/bin/../lib/gcc/arm-none-eabi/6.3.1/../../../../arm-none-eabi/lib/thumb/v7e-m\libc.a(lib_a-fflush.o)
                              c:/program files (x86)/atmel/studio/7.0/toolchain/arm/arm-gnu-toolchain/bin/../lib/gcc/arm-none-eabi/6.3.1/../../../../arm-none-eabi/lib/thumb/v7e-m\libc.a(lib_a-setvbuf.o) (_fflush_r)
c:/program files (x86)/atmel/studio/7.0/toolchain/arm/arm-gnu-toolchain/bin/../lib/gcc/arm-none-eabi/6.3.1/../../../../arm-none-eabi/lib/thumb/v7e-m\libc.a(lib_a-findfp.o)
                              c:/program files (x86)/atmel/studio/7.0/toolchain/arm/arm-gnu-toolchain/bin/../lib/gcc/arm-none-eabi/6.3.1/../../../../arm-none-eabi/lib/thumb/v7e-m\libc.a(lib_a-puts.o) (__sinit)
c:/program files (x86)/atmel/studio/7.0/toolchain/arm/arm-gnu-toolchain/bin/../lib/gcc/arm-none-eabi/6.3.1/../../../../arm-none-eabi/lib/thumb/v7e-m\libc.a(lib_a-fini.o)
                              c:/program files (x86)/atmel/studio/7.0/toolchain/arm/arm-gnu-toolchain/bin/../lib/gcc/arm-none-eabi/6.3.1/../../../../arm-none-eabi/lib/thumb/v7e-m\libc.a(lib_a-__call_atexit.o) (__libc_fini_array)
[...]
Memory Configuration

Name             Origin             Length             Attributes
rom              0x00400000         0x00200000         xr
ram              0x20000000         0x00028000         xrw
*default*        0x00000000         0xffffffff

Linker script and memory map

LOAD c:/program files (x86)/atmel/studio/7.0/toolchain/arm/arm-gnu-toolchain/bin/../lib/gcc/arm-none-eabi/6.3.1/thumb/v7e-m/crti.o
LOAD c:/program files (x86)/atmel/studio/7.0/toolchain/arm/arm-gnu-toolchain/bin/../lib/gcc/arm-none-eabi/6.3.1/thumb/v7e-m/crtbegin.o
LOAD c:/program files (x86)/atmel/studio/7.0/toolchain/arm/arm-gnu-toolchain/bin/../lib/gcc/arm-none-eabi/6.3.1/../../../../arm-none-eabi/lib/thumb/v7e-m/crt0.o
LOAD src/ASF/common/services/delay/sam/cycle_counter.o
LOAD src/ASF/common/utils/stdio/read.o
LOAD src/ASF/sam/drivers/usart/usart.o
LOAD src/ASF/common/utils/stdio/write.o
LOAD src/ASF/common/services/serial/usart_serial.o
LOAD src/ASF/sam/drivers/uart/uart.o
LOAD src/ASF/common/services/clock/sam4s/sysclk.o
LOAD src/ASF/common/utils/interrupt/interrupt_sam_nvic.o
LOAD src/ASF/sam/boards/sam4s_ek2/init.o
LOAD src/ASF/sam/boards/sam4s_ek2/led.o
LOAD src/ASF/sam/drivers/pio/pio.o
LOAD src/ASF/sam/drivers/pio/pio_handler.o
LOAD src/ASF/sam/drivers/pmc/pmc.o
LOAD src/ASF/sam/drivers/pmc/sleep.o
LOAD src/ASF/sam/utils/cmsis/sam4s/source/templates/gcc/startup_sam4s.o
LOAD src/ASF/sam/utils/cmsis/sam4s/source/templates/system_sam4s.o
LOAD src/ASF/sam/utils/syscalls/gcc/syscalls.o
LOAD src/main.o
START GROUP
LOAD ../src/ASF/thirdparty/CMSIS/Lib/GCC\libarm_cortexM4l_math.a
LOAD c:/program files (x86)/atmel/studio/7.0/toolchain/arm/arm-gnu-toolchain/bin/../lib/gcc/arm-none-eabi/6.3.1/../../../../arm-none-eabi/lib/thumb/v7e-m\libm.a
END GROUP
START GROUP
LOAD c:/program files (x86)/atmel/studio/7.0/toolchain/arm/arm-gnu-toolchain/bin/../lib/gcc/arm-none-eabi/6.3.1/thumb/v7e-m\libgcc.a
LOAD c:/program files (x86)/atmel/studio/7.0/toolchain/arm/arm-gnu-toolchain/bin/../lib/gcc/arm-none-eabi/6.3.1/../../../../arm-none-eabi/lib/thumb/v7e-m\libc.a
END GROUP
LOAD c:/program files (x86)/atmel/studio/7.0/toolchain/arm/arm-gnu-toolchain/bin/../lib/gcc/arm-none-eabi/6.3.1/thumb/v7e-m/crtend.o
LOAD c:/program files (x86)/atmel/studio/7.0/toolchain/arm/arm-gnu-toolchain/bin/../lib/gcc/arm-none-eabi/6.3.1/thumb/v7e-m/crtn.o
                0x00003000                __stack_size__ = DEFINED (__stack_size__)?__stack_size__:0x3000
                0x20027ffc                __ram_end__ = ((ORIGIN (ram) + LENGTH (ram)) - 0x4)

.text           0x00400000     0x2df0
                0x00400000                . = ALIGN (0x4)
                0x00400000                _sfixed = .
 *(.vectors .vectors.*)
 .vectors       0x00400000       0xcc src/ASF/sam/utils/cmsis/sam4s/source/templates/gcc/startup_sam4s.o
                0x00400000                exception_table
 *(.text .text.* .gnu.linkonce.t.*)
 .text          0x004000cc       0x6c c:/program files (x86)/atmel/studio/7.0/toolchain/arm/arm-gnu-toolchain/bin/../lib/gcc/arm-none-eabi/6.3.1/thumb/v7e-m/crtbegin.o
 .text._read    0x00400138       0x3c src/ASF/common/utils/stdio/read.o
                0x00400138                _read
 .text.usart_write
                0x00400174       0x14 src/ASF/sam/drivers/usart/usart.o
                0x00400174                usart_write
 .text.usart_read
                0x00400188       0x18 src/ASF/sam/drivers/usart/usart.o
                0x00400188                usart_read
 .text._write   0x004001a0       0x50 src/ASF/common/utils/stdio/write.o
                0x004001a0                _write
 .text.uart_init
                0x004001f0       0x36 src/ASF/sam/drivers/uart/uart.o
                0x004001f0                uart_init
 .text.uart_write
                0x00400226       0x10 src/ASF/sam/drivers/uart/uart.o
                0x00400226                uart_write
 .text.uart_read
                0x00400236       0x12 src/ASF/sam/drivers/uart/uart.o
                0x00400236                uart_read
 .text.sysclk_init
                0x00400248       0x64 src/ASF/common/services/clock/sam4s/sysclk.o
                0x00400248                sysclk_init
 .text.board_init
                0x004002ac      0x144 src/ASF/sam/boards/sam4s_ek2/init.o
                0x004002ac                board_init
 .text.pio_set_peripheral
                0x004003f0       0x90 src/ASF/sam/drivers/pio/pio.o
                0x004003f0                pio_set_peripheral
 .text.pio_set_input
                0x00400480       0x32 src/ASF/sam/drivers/pio/pio.o
                0x00400480                pio_set_input
 .text.pio_set_output
                0x004004b2       0x26 src/ASF/sam/drivers/pio/pio.o
                0x004004b2                pio_set_output
 .text.pio_get_interrupt_status
                0x004004d8        0x4 src/ASF/sam/drivers/pio/pio.o
                0x004004d8                pio_get_interrupt_status
 .text.pio_get_interrupt_mask
                0x004004dc        0x4 src/ASF/sam/drivers/pio/pio.o
                0x004004dc                pio_get_interrupt_mask
 .text.pio_set_pin_low
                0x004004e0       0x1a src/ASF/sam/drivers/pio/pio.o
                0x004004e0                pio_set_pin_low
 *fill*         0x004004fa        0x2 
 .text.pio_configure_pin
                0x004004fc      0x120 src/ASF/sam/drivers/pio/pio.o
                0x004004fc                pio_configure_pin
 .text.pio_configure_pin_group
                0x0040061c       0xd8 src/ASF/sam/drivers/pio/pio.o
                0x0040061c                pio_configure_pin_group
 .text.pio_handler_process
                0x004006f4       0x68 src/ASF/sam/drivers/pio/pio_handler.o
                0x004006f4                pio_handler_process
 .text.PIOA_Handler
                0x0040075c       0x14 src/ASF/sam/drivers/pio/pio_handler.o
                0x0040075c                PIOA_Handler
 .text.PIOB_Handler
                0x00400770       0x14 src/ASF/sam/drivers/pio/pio_handler.o
                0x00400770                PIOB_Handler
 .text.PIOC_Handler
                0x00400784       0x14 src/ASF/sam/drivers/pio/pio_handler.o
                0x00400784                PIOC_Handler
 .text.pmc_switch_mck_to_pllack
                0x00400798       0x64 src/ASF/sam/drivers/pmc/pmc.o
                0x00400798                pmc_switch_mck_to_pllack
 .text.pmc_switch_mainck_to_xtal
                0x004007fc       0x54 src/ASF/sam/drivers/pmc/pmc.o
                0x004007fc                pmc_switch_mainck_to_xtal
 .text.pmc_osc_is_ready_mainck
                0x00400850       0x10 src/ASF/sam/drivers/pmc/pmc.o
                0x00400850                pmc_osc_is_ready_mainck
 .text.pmc_disable_pllack
                0x00400860       0x10 src/ASF/sam/drivers/pmc/pmc.o
                0x00400860                pmc_disable_pllack
 .text.pmc_is_locked_pllack
                0x00400870       0x10 src/ASF/sam/drivers/pmc/pmc.o
                0x00400870                pmc_is_locked_pllack
 .text.pmc_enable_periph_clk
                0x00400880       0x54 src/ASF/sam/drivers/pmc/pmc.o
                0x00400880                pmc_enable_periph_clk
 .text.Dummy_Handler
                0x004008d4        0x2 src/ASF/sam/utils/cmsis/sam4s/source/templates/gcc/startup_sam4s.o
                0x004008d4                DACC_Handler
                0x004008d4                DebugMon_Handler
                0x004008d4                HardFault_Handler
                0x004008d4                TC2_Handler
                0x004008d4                SPI_Handler
                0x004008d4                SysTick_Handler
                0x004008d4                TWI1_Handler
                0x004008d4                PendSV_Handler
                0x004008d4                NMI_Handler
                0x004008d4                ADC_Handler
                0x004008d4                CRCCU_Handler
                0x004008d4                USART0_Handler
                0x004008d4                RTT_Handler
                0x004008d4                EFC1_Handler
                0x004008d4                RTC_Handler
                0x004008d4                UsageFault_Handler
                0x004008d4                WDT_Handler
                0x004008d4                TC4_Handler
                0x004008d4                TC1_Handler
                0x004008d4                HSMCI_Handler
                0x004008d4                UART1_Handler
                0x004008d4                TC3_Handler
                0x004008d4                Dummy_Handler
                0x004008d4                TWI0_Handler
                0x004008d4                USART1_Handler
                0x004008d4                SSC_Handler
                0x004008d4                EFC0_Handler
                0x004008d4                ACC_Handler
                0x004008d4                PMC_Handler
                0x004008d4                PWM_Handler
                0x004008d4                MemManage_Handler
                0x004008d4                SUPC_Handler
                0x004008d4                SVC_Handler
                0x004008d4                UART0_Handler
                0x004008d4                UDP_Handler
                0x004008d4                BusFault_Handler
                0x004008d4                RSTC_Handler
                0x004008d4                TC0_Handler
                0x004008d4                TC5_Handler
 *fill*         0x004008d6        0x2 
 .text.Reset_Handler
                0x004008d8       0xac src/ASF/sam/utils/cmsis/sam4s/source/templates/gcc/startup_sam4s.o
                0x004008d8                Reset_Handler
 .text.SystemCoreClockUpdate
                0x00400984      0x110 src/ASF/sam/utils/cmsis/sam4s/source/templates/system_sam4s.o
                0x00400984                SystemCoreClockUpdate
 .text.system_init_flash
                0x00400a94       0x94 src/ASF/sam/utils/cmsis/sam4s/source/templates/system_sam4s.o
                0x00400a94                system_init_flash
 .text._sbrk    0x00400b28       0x38 src/ASF/sam/utils/syscalls/gcc/syscalls.o
                0x00400b28                _sbrk
 .text._close   0x00400b60        0x6 src/ASF/sam/utils/syscalls/gcc/syscalls.o
                0x00400b60                _close
 .text._fstat   0x00400b66        0xa src/ASF/sam/utils/syscalls/gcc/syscalls.o
                0x00400b66                _fstat
 .text._isatty  0x00400b70        0x4 src/ASF/sam/utils/syscalls/gcc/syscalls.o
                0x00400b70                _isatty
 .text._lseek   0x00400b74        0x4 src/ASF/sam/utils/syscalls/gcc/syscalls.o
                0x00400b74                _lseek
 .text.usart_serial_getchar
                0x00400b78       0x88 src/main.o
 .text.usart_serial_putchar
                0x00400c00       0x80 src/main.o
 .text.inicializacao_UART
                0x00400c80       0x98 src/main.o
                0x00400c80                inicializacao_UART
 .text.pisca_LED
                0x00400d18       0x44 src/main.o
                0x00400d18                pisca_LED
 .text.main     0x00400d5c      0x190 src/main.o
                0x00400d5c                main
 .text.__libc_init_array
                0x00400eec       0x50 c:/program files (x86)/atmel/studio/7.0/toolchain/arm/arm-gnu-toolchain/bin/../lib/gcc/arm-none-eabi/6.3.1/../../../../arm-none-eabi/lib/thumb/v7e-m\libc.a(lib_a-init.o)
                0x00400eec                __libc_init_array
 .text.memset   0x00400f3c       0x9c c:/program files (x86)/atmel/studio/7.0/toolchain/arm/arm-gnu-toolchain/bin/../lib/gcc/arm-none-eabi/6.3.1/../../../../arm-none-eabi/lib/thumb/v7e-m\libc.a(lib_a-memset.o)
                0x00400f3c                memset
 .text._puts_r  0x00400fd8       0x9c c:/program files (x86)/atmel/studio/7.0/toolchain/arm/arm-gnu-toolchain/bin/../lib/gcc/arm-none-eabi/6.3.1/../../../../arm-none-eabi/lib/thumb/v7e-m\libc.a(lib_a-puts.o)
                0x00400fd8                _puts_r
 .text.puts     0x00401074       0x10 c:/program files (x86)/atmel/studio/7.0/toolchain/arm/arm-gnu-toolchain/bin/../lib/gcc/arm-none-eabi/6.3.1/../../../../arm-none-eabi/lib/thumb/v7e-m\libc.a(lib_a-puts.o)
                0x00401074                puts
 .text.__srget_r
                0x00401084       0x34 c:/program files (x86)/atmel/studio/7.0/toolchain/arm/arm-gnu-toolchain/bin/../lib/gcc/arm-none-eabi/6.3.1/../../../../arm-none-eabi/lib/thumb/v7e-m\libc.a(lib_a-rget.o)
                0x00401084                __srget_r
 .text.setbuf   0x004010b8       0x10 c:/program files (x86)/atmel/studio/7.0/toolchain/arm/arm-gnu-toolchain/bin/../lib/gcc/arm-none-eabi/6.3.1/../../../../arm-none-eabi/lib/thumb/v7e-m\libc.a(lib_a-setbuf.o)
                0x004010b8                setbuf
 .text.setvbuf  0x004010c8      0x190 c:/program files (x86)/atmel/studio/7.0/toolchain/arm/arm-gnu-toolchain/bin/../lib/gcc/arm-none-eabi/6.3.1/../../../../arm-none-eabi/lib/thumb/v7e-m\libc.a(lib_a-setvbuf.o)
                0x004010c8                setvbuf
 *fill*         0x00401258       0x28 
 .text          0x00401280       0xdc c:/program files (x86)/atmel/studio/7.0/toolchain/arm/arm-gnu-toolchain/bin/../lib/gcc/arm-none-eabi/6.3.1/../../../../arm-none-eabi/lib/thumb/v7e-m\libc.a(lib_a-strlen.o)
                0x00401280                strlen
 .text.startup.register_fini
                0x0040135c       0x14 c:/program files (x86)/atmel/studio/7.0/toolchain/arm/arm-gnu-toolchain/bin/../lib/gcc/arm-none-eabi/6.3.1/../../../../arm-none-eabi/lib/thumb/v7e-m\libc.a(lib_a-__call_atexit.o)
 .text.atexit   0x00401370        0xc c:/program files (x86)/atmel/studio/7.0/toolchain/arm/arm-gnu-toolchain/bin/../lib/gcc/arm-none-eabi/6.3.1/../../../../arm-none-eabi/lib/thumb/v7e-m\libc.a(lib_a-atexit.o)
                0x00401370                atexit
 .text.__sflush_r
                0x0040137c      0x140 c:/program files (x86)/atmel/studio/7.0/toolchain/arm/arm-gnu-toolchain/bin/../lib/gcc/arm-none-eabi/6.3.1/../../../../arm-none-eabi/lib/thumb/v7e-m\libc.a(lib_a-fflush.o)
                0x0040137c                __sflush_r
 .text._fflush_r
                0x004014bc       0x54 c:/program files (x86)/atmel/studio/7.0/toolchain/arm/arm-gnu-toolchain/bin/../lib/gcc/arm-none-eabi/6.3.1/../../../../arm-none-eabi/lib/thumb/v7e-m\libc.a(lib_a-fflush.o)
                0x004014bc                _fflush_r
 .text.fflush   0x00401510       0x24 c:/program files (x86)/atmel/studio/7.0/toolchain/arm/arm-gnu-toolchain/bin/../lib/gcc/arm-none-eabi/6.3.1/../../../../arm-none-eabi/lib/thumb/v7e-m\libc.a(lib_a-fflush.o)
                0x00401510                fflush
 .text._cleanup_r
                0x00401534        0xc c:/program files (x86)/atmel/studio/7.0/toolchain/arm/arm-gnu-toolchain/bin/../lib/gcc/arm-none-eabi/6.3.1/../../../../arm-none-eabi/lib/thumb/v7e-m\libc.a(lib_a-findfp.o)
                0x00401534                _cleanup_r
 .text.std.isra.0
                0x00401540       0x50 c:/program files (x86)/atmel/studio/7.0/toolchain/arm/arm-gnu-toolchain/bin/../lib/gcc/arm-none-eabi/6.3.1/../../../../arm-none-eabi/lib/thumb/v7e-m\libc.a(lib_a-findfp.o)
 .text.__sinit  0x00401590       0x58 c:/program files (x86)/atmel/studio/7.0/toolchain/arm/arm-gnu-toolchain/bin/../lib/gcc/arm-none-eabi/6.3.1/../../../../arm-none-eabi/lib/thumb/v7e-m\libc.a(lib_a-findfp.o)
                0x00401590                __sinit
 .text.__sfp_lock_acquire
                0x004015e8        0xc c:/program files (x86)/atmel/studio/7.0/toolchain/arm/arm-gnu-toolchain/bin/../lib/gcc/arm-none-eabi/6.3.1/../../../../arm-none-eabi/lib/thumb/v7e-m\libc.a(lib_a-findfp.o)
                0x004015e8                __sfp_lock_acquire
 .text.__sfp_lock_release
                0x004015f4        0xc c:/program files (x86)/atmel/studio/7.0/toolchain/arm/arm-gnu-toolchain/bin/../lib/gcc/arm-none-eabi/6.3.1/../../../../arm-none-eabi/lib/thumb/v7e-m\libc.a(lib_a-findfp.o)
                0x004015f4                __sfp_lock_release
 .text.__libc_fini_array
                0x00401600       0x34 c:/program files (x86)/atmel/studio/7.0/toolchain/arm/arm-gnu-toolchain/bin/../lib/gcc/arm-none-eabi/6.3.1/../../../../arm-none-eabi/lib/thumb/v7e-m\libc.a(lib_a-fini.o)
                0x00401600                __libc_fini_array
 .text._malloc_trim_r
                0x00401634       0xa0 c:/program files (x86)/atmel/studio/7.0/toolchain/arm/arm-gnu-toolchain/bin/../lib/gcc/arm-none-eabi/6.3.1/../../../../arm-none-eabi/lib/thumb/v7e-m\libc.a(lib_a-freer.o)
                0x00401634                _malloc_trim_r
 .text._free_r  0x004016d4      0x1cc c:/program files (x86)/atmel/studio/7.0/toolchain/arm/arm-gnu-toolchain/bin/../lib/gcc/arm-none-eabi/6.3.1/../../../../arm-none-eabi/lib/thumb/v7e-m\libc.a(lib_a-freer.o)
                0x004016d4                _free_r
 .text.__sfvwrite_r
                0x004018a0      0x2f0 c:/program files (x86)/atmel/studio/7.0/toolchain/arm/arm-gnu-toolchain/bin/../lib/gcc/arm-none-eabi/6.3.1/../../../../arm-none-eabi/lib/thumb/v7e-m\libc.a(lib_a-fvwrite.o)
                0x004018a0                __sfvwrite_r
 .text._fwalk   0x00401b90       0x4c c:/program files (x86)/atmel/studio/7.0/toolchain/arm/arm-gnu-toolchain/bin/../lib/gcc/arm-none-eabi/6.3.1/../../../../arm-none-eabi/lib/thumb/v7e-m\libc.a(lib_a-fwalk.o)
                0x00401b90                _fwalk
 .text._fwalk_reent
                0x00401bdc       0x54 c:/program files (x86)/atmel/studio/7.0/toolchain/arm/arm-gnu-toolchain/bin/../lib/gcc/arm-none-eabi/6.3.1/../../../../arm-none-eabi/lib/thumb/v7e-m\libc.a(lib_a-fwalk.o)
                0x00401bdc                _fwalk_reent
 .text.__retarget_lock_init_recursive
                0x00401c30        0x4 c:/program files (x86)/atmel/studio/7.0/toolchain/arm/arm-gnu-toolchain/bin/../lib/gcc/arm-none-eabi/6.3.1/../../../../arm-none-eabi/lib/thumb/v7e-m\libc.a(lib_a-lock.o)
                0x00401c30                __retarget_lock_init_recursive
 .text.__retarget_lock_close_recursive
                0x00401c34        0x4 c:/program files (x86)/atmel/studio/7.0/toolchain/arm/arm-gnu-toolchain/bin/../lib/gcc/arm-none-eabi/6.3.1/../../../../arm-none-eabi/lib/thumb/v7e-m\libc.a(lib_a-lock.o)
                0x00401c34                __retarget_lock_close_recursive
 .text.__retarget_lock_acquire_recursive
                0x00401c38        0x4 c:/program files (x86)/atmel/studio/7.0/toolchain/arm/arm-gnu-toolchain/bin/../lib/gcc/arm-none-eabi/6.3.1/../../../../arm-none-eabi/lib/thumb/v7e-m\libc.a(lib_a-lock.o)
                0x00401c38                __retarget_lock_acquire_recursive
 .text.__retarget_lock_release_recursive
                0x00401c3c        0x4 c:/program files (x86)/atmel/studio/7.0/toolchain/arm/arm-gnu-toolchain/bin/../lib/gcc/arm-none-eabi/6.3.1/../../../../arm-none-eabi/lib/thumb/v7e-m\libc.a(lib_a-lock.o)
                0x00401c3c                __retarget_lock_release_recursive
 .text.__swhatbuf_r
                0x00401c40       0x5c c:/program files (x86)/atmel/studio/7.0/toolchain/arm/arm-gnu-toolchain/bin/../lib/gcc/arm-none-eabi/6.3.1/../../../../arm-none-eabi/lib/thumb/v7e-m\libc.a(lib_a-makebuf.o)
                0x00401c40                __swhatbuf_r
 .text.__smakebuf_r
                0x00401c9c       0x94 c:/program files (x86)/atmel/studio/7.0/toolchain/arm/arm-gnu-toolchain/bin/../lib/gcc/arm-none-eabi/6.3.1/../../../../arm-none-eabi/lib/thumb/v7e-m\libc.a(lib_a-makebuf.o)
                0x00401c9c                __smakebuf_r
 .text.malloc   0x00401d30       0x10 c:/program files (x86)/atmel/studio/7.0/toolchain/arm/arm-gnu-toolchain/bin/../lib/gcc/arm-none-eabi/6.3.1/../../../../arm-none-eabi/lib/thumb/v7e-m\libc.a(lib_a-malloc.o)
                0x00401d30                malloc
 .text._malloc_r
                0x00401d40      0x560 c:/program files (x86)/atmel/studio/7.0/toolchain/arm/arm-gnu-toolchain/bin/../lib/gcc/arm-none-eabi/6.3.1/../../../../arm-none-eabi/lib/thumb/v7e-m\libc.a(lib_a-mallocr.o)
                0x00401d40                _malloc_r
 .text          0x004022a0       0xa0 c:/program files (x86)/atmel/studio/7.0/toolchain/arm/arm-gnu-toolchain/bin/../lib/gcc/arm-none-eabi/6.3.1/../../../../arm-none-eabi/lib/thumb/v7e-m\libc.a(lib_a-memchr.o)
                0x004022a0                memchr
 .text          0x00402340      0x134 c:/program files (x86)/atmel/studio/7.0/toolchain/arm/arm-gnu-toolchain/bin/../lib/gcc/arm-none-eabi/6.3.1/../../../../arm-none-eabi/lib/thumb/v7e-m\libc.a(lib_a-memcpy.o)
                0x00402340                memcpy
 .text.memmove  0x00402474       0xc8 c:/program files (x86)/atmel/studio/7.0/toolchain/arm/arm-gnu-toolchain/bin/../lib/gcc/arm-none-eabi/6.3.1/../../../../arm-none-eabi/lib/thumb/v7e-m\libc.a(lib_a-memmove.o)
                0x00402474                memmove
 .text.__malloc_lock
                0x0040253c        0xc c:/program files (x86)/atmel/studio/7.0/toolchain/arm/arm-gnu-toolchain/bin/../lib/gcc/arm-none-eabi/6.3.1/../../../../arm-none-eabi/lib/thumb/v7e-m\libc.a(lib_a-mlock.o)
                0x0040253c                __malloc_lock
 .text.__malloc_unlock
                0x00402548        0xc c:/program files (x86)/atmel/studio/7.0/toolchain/arm/arm-gnu-toolchain/bin/../lib/gcc/arm-none-eabi/6.3.1/../../../../arm-none-eabi/lib/thumb/v7e-m\libc.a(lib_a-mlock.o)
                0x00402548                __malloc_unlock
 .text._realloc_r
                0x00402554      0x34c c:/program files (x86)/atmel/studio/7.0/toolchain/arm/arm-gnu-toolchain/bin/../lib/gcc/arm-none-eabi/6.3.1/../../../../arm-none-eabi/lib/thumb/v7e-m\libc.a(lib_a-reallocr.o)
                0x00402554                _realloc_r
 .text.lflush   0x004028a0       0x14 c:/program files (x86)/atmel/studio/7.0/toolchain/arm/arm-gnu-toolchain/bin/../lib/gcc/arm-none-eabi/6.3.1/../../../../arm-none-eabi/lib/thumb/v7e-m\libc.a(lib_a-refill.o)
 .text.__srefill_r
                0x004028b4      0x114 c:/program files (x86)/atmel/studio/7.0/toolchain/arm/arm-gnu-toolchain/bin/../lib/gcc/arm-none-eabi/6.3.1/../../../../arm-none-eabi/lib/thumb/v7e-m\libc.a(lib_a-refill.o)
                0x004028b4                __srefill_r
 .text._sbrk_r  0x004029c8       0x24 c:/program files (x86)/atmel/studio/7.0/toolchain/arm/arm-gnu-toolchain/bin/../lib/gcc/arm-none-eabi/6.3.1/../../../../arm-none-eabi/lib/thumb/v7e-m\libc.a(lib_a-sbrkr.o)
                0x004029c8                _sbrk_r
 .text.__sread  0x004029ec       0x24 c:/program files (x86)/atmel/studio/7.0/toolchain/arm/arm-gnu-toolchain/bin/../lib/gcc/arm-none-eabi/6.3.1/../../../../arm-none-eabi/lib/thumb/v7e-m\libc.a(lib_a-stdio.o)
                0x004029ec                __sread
 .text.__swrite
                0x00402a10       0x3c c:/program files (x86)/atmel/studio/7.0/toolchain/arm/arm-gnu-toolchain/bin/../lib/gcc/arm-none-eabi/6.3.1/../../../../arm-none-eabi/lib/thumb/v7e-m\libc.a(lib_a-stdio.o)
                0x00402a10                __swrite
 .text.__sseek  0x00402a4c       0x20 c:/program files (x86)/atmel/studio/7.0/toolchain/arm/arm-gnu-toolchain/bin/../lib/gcc/arm-none-eabi/6.3.1/../../../../arm-none-eabi/lib/thumb/v7e-m\libc.a(lib_a-stdio.o)
                0x00402a4c                __sseek
 .text.__sclose
                0x00402a6c        0x8 c:/program files (x86)/atmel/studio/7.0/toolchain/arm/arm-gnu-toolchain/bin/../lib/gcc/arm-none-eabi/6.3.1/../../../../arm-none-eabi/lib/thumb/v7e-m\libc.a(lib_a-stdio.o)
                0x00402a6c                __sclose
 .text._write_r
                0x00402a74       0x2c c:/program files (x86)/atmel/studio/7.0/toolchain/arm/arm-gnu-toolchain/bin/../lib/gcc/arm-none-eabi/6.3.1/../../../../arm-none-eabi/lib/thumb/v7e-m\libc.a(lib_a-writer.o)
                0x00402a74                _write_r
 .text.__swsetup_r
                0x00402aa0       0xc8 c:/program files (x86)/atmel/studio/7.0/toolchain/arm/arm-gnu-toolchain/bin/../lib/gcc/arm-none-eabi/6.3.1/../../../../arm-none-eabi/lib/thumb/v7e-m\libc.a(lib_a-wsetup.o)
                0x00402aa0                __swsetup_r
 .text.__register_exitproc
                0x00402b68       0xc4 c:/program files (x86)/atmel/studio/7.0/toolchain/arm/arm-gnu-toolchain/bin/../lib/gcc/arm-none-eabi/6.3.1/../../../../arm-none-eabi/lib/thumb/v7e-m\libc.a(lib_a-__atexit.o)
                0x00402b68                __register_exitproc
 .text._close_r
                0x00402c2c       0x24 c:/program files (x86)/atmel/studio/7.0/toolchain/arm/arm-gnu-toolchain/bin/../lib/gcc/arm-none-eabi/6.3.1/../../../../arm-none-eabi/lib/thumb/v7e-m\libc.a(lib_a-closer.o)
                0x00402c2c                _close_r
 .text._fclose_r
                0x00402c50       0xc4 c:/program files (x86)/atmel/studio/7.0/toolchain/arm/arm-gnu-toolchain/bin/../lib/gcc/arm-none-eabi/6.3.1/../../../../arm-none-eabi/lib/thumb/v7e-m\libc.a(lib_a-fclose.o)
                0x00402c50                _fclose_r
 .text._fstat_r
                0x00402d14       0x28 c:/program files (x86)/atmel/studio/7.0/toolchain/arm/arm-gnu-toolchain/bin/../lib/gcc/arm-none-eabi/6.3.1/../../../../arm-none-eabi/lib/thumb/v7e-m\libc.a(lib_a-fstatr.o)
                0x00402d14                _fstat_r
 .text._isatty_r
                0x00402d3c       0x24 c:/program files (x86)/atmel/studio/7.0/toolchain/arm/arm-gnu-toolchain/bin/../lib/gcc/arm-none-eabi/6.3.1/../../../../arm-none-eabi/lib/thumb/v7e-m\libc.a(lib_a-isattyr.o)
                0x00402d3c                _isatty_r
 .text._lseek_r
                0x00402d60       0x2c c:/program files (x86)/atmel/studio/7.0/toolchain/arm/arm-gnu-toolchain/bin/../lib/gcc/arm-none-eabi/6.3.1/../../../../arm-none-eabi/lib/thumb/v7e-m\libc.a(lib_a-lseekr.o)
                0x00402d60                _lseek_r
 .text._read_r  0x00402d8c       0x2c c:/program files (x86)/atmel/studio/7.0/toolchain/arm/arm-gnu-toolchain/bin/../lib/gcc/arm-none-eabi/6.3.1/../../../../arm-none-eabi/lib/thumb/v7e-m\libc.a(lib_a-readr.o)
                0x00402d8c                _read_r
 *(.glue_7t)
 .glue_7t       0x00402db8        0x0 linker stubs
 *(.glue_7)
 .glue_7        0x00402db8        0x0 linker stubs
 *(.rodata .rodata* .gnu.linkonce.r.*)
 .rodata.main.str1.4
                0x00402db8        0xa src/main.o
 *fill*         0x00402dc2        0x2 
 .rodata._global_impure_ptr
                0x00402dc4        0x4 c:/program files (x86)/atmel/studio/7.0/toolchain/arm/arm-gnu-toolchain/bin/../lib/gcc/arm-none-eabi/6.3.1/../../../../arm-none-eabi/lib/thumb/v7e-m\libc.a(lib_a-impure.o)
                0x00402dc4                _global_impure_ptr
 .rodata._puts_r.str1.4
                0x00402dc8        0x4 c:/program files (x86)/atmel/studio/7.0/toolchain/arm/arm-gnu-toolchain/bin/../lib/gcc/arm-none-eabi/6.3.1/../../../../arm-none-eabi/lib/thumb/v7e-m\libc.a(lib_a-puts.o)
                                  0x2 (size before relaxing)
 *(.ARM.extab* .gnu.linkonce.armextab.*)
                0x00402dcc                . = ALIGN (0x4)
 *(.init)
 .init          0x00402dcc        0x4 c:/program files (x86)/atmel/studio/7.0/toolchain/arm/arm-gnu-toolchain/bin/../lib/gcc/arm-none-eabi/6.3.1/thumb/v7e-m/crti.o
                0x00402dcc                _init
 .init          0x00402dd0        0x8 c:/program files (x86)/atmel/studio/7.0/toolchain/arm/arm-gnu-toolchain/bin/../lib/gcc/arm-none-eabi/6.3.1/thumb/v7e-m/crtn.o
                0x00402dd8                . = ALIGN (0x4)
                0x00402dd8                __preinit_array_start = .
 *(.preinit_array)
                0x00402dd8                __preinit_array_end = .
                0x00402dd8                . = ALIGN (0x4)
                0x00402dd8                __init_array_start = .
 *(SORT(.init_array.*))
 .init_array.00000
                0x00402dd8        0x4 c:/program files (x86)/atmel/studio/7.0/toolchain/arm/arm-gnu-toolchain/bin/../lib/gcc/arm-none-eabi/6.3.1/../../../../arm-none-eabi/lib/thumb/v7e-m\libc.a(lib_a-__call_atexit.o)
 *(.init_array)
 .init_array    0x00402ddc        0x4 c:/program files (x86)/atmel/studio/7.0/toolchain/arm/arm-gnu-toolchain/bin/../lib/gcc/arm-none-eabi/6.3.1/thumb/v7e-m/crtbegin.o
                0x00402de0                __init_array_end = .
                0x00402de0                . = ALIGN (0x4)
 *crtbegin.o(.ctors)
 *(EXCLUDE_FILE(*crtend.o) .ctors)
 *(SORT(.ctors.*))
 *crtend.o(.ctors)
                0x00402de0                . = ALIGN (0x4)
 *(.fini)
 .fini          0x00402de0        0x4 c:/program files (x86)/atmel/studio/7.0/toolchain/arm/arm-gnu-toolchain/bin/../lib/gcc/arm-none-eabi/6.3.1/thumb/v7e-m/crti.o
                0x00402de0                _fini
 .fini          0x00402de4        0x8 c:/program files (x86)/atmel/studio/7.0/toolchain/arm/arm-gnu-toolchain/bin/../lib/gcc/arm-none-eabi/6.3.1/thumb/v7e-m/crtn.o
                0x00402dec                . = ALIGN (0x4)
                0x00402dec                __fini_array_start = .
 *(.fini_array)
 .fini_array    0x00402dec        0x4 c:/program files (x86)/atmel/studio/7.0/toolchain/arm/arm-gnu-toolchain/bin/../lib/gcc/arm-none-eabi/6.3.1/thumb/v7e-m/crtbegin.o
 *(SORT(.fini_array.*))
                0x00402df0                __fini_array_end = .
 *crtbegin.o(.dtors)
 *(EXCLUDE_FILE(*crtend.o) .dtors)
 *(SORT(.dtors.*))
 *crtend.o(.dtors)
                0x00402df0                . = ALIGN (0x4)
                0x00402df0                _efixed = .
                [!provide]                PROVIDE (__exidx_start, .)

.vfp11_veneer   0x00402df0        0x0
 .vfp11_veneer  0x00402df0        0x0 linker stubs

.v4_bx          0x00402df0        0x0
 .v4_bx         0x00402df0        0x0 linker stubs

.iplt           0x00402df0        0x0
 .iplt          0x00402df0        0x0 c:/program files (x86)/atmel/studio/7.0/toolchain/arm/arm-gnu-toolchain/bin/../lib/gcc/arm-none-eabi/6.3.1/thumb/v7e-m/crtbegin.o

.eh_frame       0x00402df0        0x0
 .eh_frame      0x00402df0        0x0 c:/program files (x86)/atmel/studio/7.0/toolchain/arm/arm-gnu-toolchain/bin/../lib/gcc/arm-none-eabi/6.3.1/thumb/v7e-m/crtbegin.o

.rel.dyn        0x00402df0        0x0
 .rel.iplt      0x00402df0        0x0 c:/program files (x86)/atmel/studio/7.0/toolchain/arm/arm-gnu-toolchain/bin/../lib/gcc/arm-none-eabi/6.3.1/thumb/v7e-m/crtbegin.o

.jcr            0x00402df0        0x0
 .jcr           0x00402df0        0x0 c:/program files (x86)/atmel/studio/7.0/toolchain/arm/arm-gnu-toolchain/bin/../lib/gcc/arm-none-eabi/6.3.1/thumb/v7e-m/crtbegin.o

.igot.plt       0x00402df0        0x0
 .igot.plt      0x00402df0        0x0 c:/program files (x86)/atmel/studio/7.0/toolchain/arm/arm-gnu-toolchain/bin/../lib/gcc/arm-none-eabi/6.3.1/thumb/v7e-m/crtbegin.o

.ARM.exidx
 *(.ARM.exidx* .gnu.linkonce.armexidx.*)
                [!provide]                PROVIDE (__exidx_end, .)
                0x00402df0                . = ALIGN (0x4)
                0x00402df0                _etext = .

.relocate       0x20000000      0x864 load address 0x00402df0
                0x20000000                . = ALIGN (0x4)
                0x20000000                _srelocate = .
 *(.ramfunc .ramfunc.*)
 .ramfunc       0x20000000        0xa src/ASF/common/services/delay/sam/cycle_counter.o
                0x20000000                portable_delay_cycles
 *(.data .data.*)
 *fill*         0x2000000a        0x2 
 .data.SystemCoreClock
                0x2000000c        0x4 src/ASF/sam/utils/cmsis/sam4s/source/templates/system_sam4s.o
                0x2000000c                SystemCoreClock
 .data.usart_options.8291
                0x20000010       0x10 src/main.o
 .data._impure_ptr
                0x20000020        0x4 c:/program files (x86)/atmel/studio/7.0/toolchain/arm/arm-gnu-toolchain/bin/../lib/gcc/arm-none-eabi/6.3.1/../../../../arm-none-eabi/lib/thumb/v7e-m\libc.a(lib_a-impure.o)
                0x20000020                _impure_ptr
 *fill*         0x20000024        0x4 
 .data.impure_data
                0x20000028      0x428 c:/program files (x86)/atmel/studio/7.0/toolchain/arm/arm-gnu-toolchain/bin/../lib/gcc/arm-none-eabi/6.3.1/../../../../arm-none-eabi/lib/thumb/v7e-m\libc.a(lib_a-impure.o)
 .data.__atexit_recursive_mutex
                0x20000450        0x4 c:/program files (x86)/atmel/studio/7.0/toolchain/arm/arm-gnu-toolchain/bin/../lib/gcc/arm-none-eabi/6.3.1/../../../../arm-none-eabi/lib/thumb/v7e-m\libc.a(lib_a-__call_atexit.o)
                0x20000450                __atexit_recursive_mutex
 .data.__malloc_av_
                0x20000454      0x408 c:/program files (x86)/atmel/studio/7.0/toolchain/arm/arm-gnu-toolchain/bin/../lib/gcc/arm-none-eabi/6.3.1/../../../../arm-none-eabi/lib/thumb/v7e-m\libc.a(lib_a-mallocr.o)
                0x20000454                __malloc_av_
 .data.__malloc_sbrk_base
                0x2000085c        0x4 c:/program files (x86)/atmel/studio/7.0/toolchain/arm/arm-gnu-toolchain/bin/../lib/gcc/arm-none-eabi/6.3.1/../../../../arm-none-eabi/lib/thumb/v7e-m\libc.a(lib_a-mallocr.o)
                0x2000085c                __malloc_sbrk_base
 .data.__malloc_trim_threshold
                0x20000860        0x4 c:/program files (x86)/atmel/studio/7.0/toolchain/arm/arm-gnu-toolchain/bin/../lib/gcc/arm-none-eabi/6.3.1/../../../../arm-none-eabi/lib/thumb/v7e-m\libc.a(lib_a-mallocr.o)
                0x20000860                __malloc_trim_threshold
                0x20000864                . = ALIGN (0x4)
                0x20000864                _erelocate = .

.bss            0x20000864      0x100 load address 0x00403654
                0x20000864                . = ALIGN (0x4)
                0x20000864                _sbss = .
                0x20000864                _szero = .
 *(.bss .bss.*)
 .bss           0x20000864       0x1c c:/program files (x86)/atmel/studio/7.0/toolchain/arm/arm-gnu-toolchain/bin/../lib/gcc/arm-none-eabi/6.3.1/thumb/v7e-m/crtbegin.o
 .bss.gs_interrupt_sources
                0x20000880       0x70 src/ASF/sam/drivers/pio/pio_handler.o
 .bss.pio_capture_handler
                0x200008f0        0x4 src/ASF/sam/drivers/pio/pio_handler.o
 .bss.heap.5297
                0x200008f4        0x4 src/ASF/sam/utils/syscalls/gcc/syscalls.o
 .bss.__malloc_current_mallinfo
                0x200008f8       0x28 c:/program files (x86)/atmel/studio/7.0/toolchain/arm/arm-gnu-toolchain/bin/../lib/gcc/arm-none-eabi/6.3.1/../../../../arm-none-eabi/lib/thumb/v7e-m\libc.a(lib_a-mallocr.o)
                0x200008f8                __malloc_current_mallinfo
 .bss.__malloc_max_sbrked_mem
                0x20000920        0x4 c:/program files (x86)/atmel/studio/7.0/toolchain/arm/arm-gnu-toolchain/bin/../lib/gcc/arm-none-eabi/6.3.1/../../../../arm-none-eabi/lib/thumb/v7e-m\libc.a(lib_a-mallocr.o)
                0x20000920                __malloc_max_sbrked_mem
 .bss.__malloc_max_total_mem
                0x20000924        0x4 c:/program files (x86)/atmel/studio/7.0/toolchain/arm/arm-gnu-toolchain/bin/../lib/gcc/arm-none-eabi/6.3.1/../../../../arm-none-eabi/lib/thumb/v7e-m\libc.a(lib_a-mallocr.o)
                0x20000924                __malloc_max_total_mem
 .bss.__malloc_top_pad
                0x20000928        0x4 c:/program files (x86)/atmel/studio/7.0/toolchain/arm/arm-gnu-toolchain/bin/../lib/gcc/arm-none-eabi/6.3.1/../../../../arm-none-eabi/lib/thumb/v7e-m\libc.a(lib_a-mallocr.o)
                0x20000928                __malloc_top_pad
 *(COMMON)
 COMMON         0x2000092c        0x4 src/ASF/common/utils/stdio/read.o
                0x2000092c                ptr_get
 COMMON         0x20000930        0x8 src/ASF/common/utils/stdio/write.o
                0x20000930                ptr_put
                0x20000934                stdio_base
 COMMON         0x20000938        0x4 src/ASF/sam/drivers/pio/pio.o
                0x20000938                pio_capture_enable_flag
 COMMON         0x2000093c       0x21 c:/program files (x86)/atmel/studio/7.0/toolchain/arm/arm-gnu-toolchain/bin/../lib/gcc/arm-none-eabi/6.3.1/../../../../arm-none-eabi/lib/thumb/v7e-m\libc.a(lib_a-lock.o)
                0x2000093c                __lock___atexit_recursive_mutex
                0x20000940                __lock___arc4random_mutex
                0x20000944                __lock___env_recursive_mutex
                0x20000948                __lock___sinit_recursive_mutex
                0x2000094c                __lock___malloc_recursive_mutex
                0x20000950                __lock___at_quick_exit_mutex
                0x20000954                __lock___dd_hash_mutex
                0x20000958                __lock___tz_mutex
                0x2000095c                __lock___sfp_recursive_mutex
 *fill*         0x2000095d        0x3 
 COMMON         0x20000960        0x4 c:/program files (x86)/atmel/studio/7.0/toolchain/arm/arm-gnu-toolchain/bin/../lib/gcc/arm-none-eabi/6.3.1/../../../../arm-none-eabi/lib/thumb/v7e-m\libc.a(lib_a-reent.o)
                0x20000960                errno
                0x20000964                . = ALIGN (0x4)
                0x20000964                _ebss = .
                0x20000964                _ezero = .

.stack          0x20000964     0x3004 load address 0x00403754
                0x20000968                . = ALIGN (0x8)
 *fill*         0x20000964        0x4 
                0x20000968                _sstack = .
                0x20003968                . = (. + __stack_size__)
 *fill*         0x20000968     0x3000 
                0x20003968                . = ALIGN (0x8)
                0x20003968                _estack = .
                0x20003968                . = ALIGN (0x4)
                0x20003968                _end = .
OUTPUT(projeto2.elf elf32-littlearm)

.ARM.attributes
                0x00000000       0x2a
 .ARM.attributes
                0x00000000       0x1e c:/program files (x86)/atmel/studio/7.0/toolchain/arm/arm-gnu-toolchain/bin/../lib/gcc/arm-none-eabi/6.3.1/thumb/v7e-m/crti.o
 .ARM.attributes
                0x0000001e       0x2e c:/program files (x86)/atmel/studio/7.0/toolchain/arm/arm-gnu-toolchain/bin/../lib/gcc/arm-none-eabi/6.3.1/thumb/v7e-m/crtbegin.o
 .ARM.attributes
                0x0000004c       0x33 src/ASF/common/services/delay/sam/cycle_counter.o
 .ARM.attributes
                0x0000007f       0x33 src/ASF/common/utils/stdio/read.o
 .ARM.attributes
                0x000000b2       0x33 src/ASF/sam/drivers/usart/usart.o
 .ARM.attributes
                0x000000e5       0x33 src/ASF/common/utils/stdio/write.o
 .ARM.attributes
                0x00000118       0x33 src/ASF/sam/drivers/uart/uart.o
 .ARM.attributes
                0x0000014b       0x33 src/ASF/common/services/clock/sam4s/sysclk.o
 .ARM.attributes
                0x0000017e       0x33 src/ASF/sam/boards/sam4s_ek2/init.o
 .ARM.attributes
                0x000001b1       0x33 src/ASF/sam/drivers/pio/pio.o
 .ARM.attributes
                0x000001e4       0x33 src/ASF/sam/drivers/pio/pio_handler.o
 .ARM.attributes
                0x00000217       0x33 src/ASF/sam/drivers/pmc/pmc.o
 .ARM.attributes
                0x0000024a       0x33 src/ASF/sam/utils/cmsis/sam4s/source/templates/gcc/startup_sam4s.o
 .ARM.attributes
                0x0000027d       0x33 src/ASF/sam/utils/cmsis/sam4s/source/templates/system_sam4s.o
 .ARM.attributes
                0x000002b0       0x33 src/ASF/sam/utils/syscalls/gcc/syscalls.o
 .ARM.attributes
                0x000002e3       0x33 src/main.o
 .ARM.attributes
                0x00000316       0x2e c:/program files (x86)/atmel/studio/7.0/toolchain/arm/arm-gnu-toolchain/bin/../lib/gcc/arm-none-eabi/6.3.1/../../../../arm-none-eabi/lib/thumb/v7e-m\libc.a(lib_a-impure.o)
 .ARM.attributes
                0x00000344       0x2e c:/program files (x86)/atmel/studio/7.0/toolchain/arm/arm-gnu-toolchain/bin/../lib/gcc/arm-none-eabi/6.3.1/../../../../arm-none-eabi/lib/thumb/v7e-m\libc.a(lib_a-init.o)
 .ARM.attributes
                0x00000372       0x2e c:/program files (x86)/atmel/studio/7.0/toolchain/arm/arm-gnu-toolchain/bin/../lib/gcc/arm-none-eabi/6.3.1/../../../../arm-none-eabi/lib/thumb/v7e-m\libc.a(lib_a-memset.o)
 .ARM.attributes
                0x000003a0       0x2e c:/program files (x86)/atmel/studio/7.0/toolchain/arm/arm-gnu-toolchain/bin/../lib/gcc/arm-none-eabi/6.3.1/../../../../arm-none-eabi/lib/thumb/v7e-m\libc.a(lib_a-puts.o)
 .ARM.attributes
                0x000003ce       0x2e c:/program files (x86)/atmel/studio/7.0/toolchain/arm/arm-gnu-toolchain/bin/../lib/gcc/arm-none-eabi/6.3.1/../../../../arm-none-eabi/lib/thumb/v7e-m\libc.a(lib_a-rget.o)
 .ARM.attributes
                0x000003fc       0x2e c:/program files (x86)/atmel/studio/7.0/toolchain/arm/arm-gnu-toolchain/bin/../lib/gcc/arm-none-eabi/6.3.1/../../../../arm-none-eabi/lib/thumb/v7e-m\libc.a(lib_a-setbuf.o)
 .ARM.attributes
                0x0000042a       0x2e c:/program files (x86)/atmel/studio/7.0/toolchain/arm/arm-gnu-toolchain/bin/../lib/gcc/arm-none-eabi/6.3.1/../../../../arm-none-eabi/lib/thumb/v7e-m\libc.a(lib_a-setvbuf.o)
 .ARM.attributes
                0x00000458       0x1c c:/program files (x86)/atmel/studio/7.0/toolchain/arm/arm-gnu-toolchain/bin/../lib/gcc/arm-none-eabi/6.3.1/../../../../arm-none-eabi/lib/thumb/v7e-m\libc.a(lib_a-strlen.o)
 .ARM.attributes
                0x00000474       0x2e c:/program files (x86)/atmel/studio/7.0/toolchain/arm/arm-gnu-toolchain/bin/../lib/gcc/arm-none-eabi/6.3.1/../../../../arm-none-eabi/lib/thumb/v7e-m\libc.a(lib_a-__call_atexit.o)
 .ARM.attributes
                0x000004a2       0x2e c:/program files (x86)/atmel/studio/7.0/toolchain/arm/arm-gnu-toolchain/bin/../lib/gcc/arm-none-eabi/6.3.1/../../../../arm-none-eabi/lib/thumb/v7e-m\libc.a(lib_a-atexit.o)
 .ARM.attributes
                0x000004d0       0x2e c:/program files (x86)/atmel/studio/7.0/toolchain/arm/arm-gnu-toolchain/bin/../lib/gcc/arm-none-eabi/6.3.1/../../../../arm-none-eabi/lib/thumb/v7e-m\libc.a(lib_a-fflush.o)
 .ARM.attributes
                0x000004fe       0x2e c:/program files (x86)/atmel/studio/7.0/toolchain/arm/arm-gnu-toolchain/bin/../lib/gcc/arm-none-eabi/6.3.1/../../../../arm-none-eabi/lib/thumb/v7e-m\libc.a(lib_a-findfp.o)
 .ARM.attributes
                0x0000052c       0x2e c:/program files (x86)/atmel/studio/7.0/toolchain/arm/arm-gnu-toolchain/bin/../lib/gcc/arm-none-eabi/6.3.1/../../../../arm-none-eabi/lib/thumb/v7e-m\libc.a(lib_a-fini.o)
 .ARM.attributes
                0x0000055a       0x2e c:/program files (x86)/atmel/studio/7.0/toolchain/arm/arm-gnu-toolchain/bin/../lib/gcc/arm-none-eabi/6.3.1/../../../../arm-none-eabi/lib/thumb/v7e-m\libc.a(lib_a-freer.o)
 .ARM.attributes
                0x00000588       0x2e c:/program files (x86)/atmel/studio/7.0/toolchain/arm/arm-gnu-toolchain/bin/../lib/gcc/arm-none-eabi/6.3.1/../../../../arm-none-eabi/lib/thumb/v7e-m\libc.a(lib_a-fvwrite.o)
 .ARM.attributes
                0x000005b6       0x2e c:/program files (x86)/atmel/studio/7.0/toolchain/arm/arm-gnu-toolchain/bin/../lib/gcc/arm-none-eabi/6.3.1/../../../../arm-none-eabi/lib/thumb/v7e-m\libc.a(lib_a-fwalk.o)
 .ARM.attributes
                0x000005e4       0x2e c:/program files (x86)/atmel/studio/7.0/toolchain/arm/arm-gnu-toolchain/bin/../lib/gcc/arm-none-eabi/6.3.1/../../../../arm-none-eabi/lib/thumb/v7e-m\libc.a(lib_a-lock.o)
 .ARM.attributes
                0x00000612       0x2e c:/program files (x86)/atmel/studio/7.0/toolchain/arm/arm-gnu-toolchain/bin/../lib/gcc/arm-none-eabi/6.3.1/../../../../arm-none-eabi/lib/thumb/v7e-m\libc.a(lib_a-makebuf.o)
 .ARM.attributes
                0x00000640       0x2e c:/program files (x86)/atmel/studio/7.0/toolchain/arm/arm-gnu-toolchain/bin/../lib/gcc/arm-none-eabi/6.3.1/../../../../arm-none-eabi/lib/thumb/v7e-m\libc.a(lib_a-malloc.o)
 .ARM.attributes
                0x0000066e       0x2e c:/program files (x86)/atmel/studio/7.0/toolchain/arm/arm-gnu-toolchain/bin/../lib/gcc/arm-none-eabi/6.3.1/../../../../arm-none-eabi/lib/thumb/v7e-m\libc.a(lib_a-mallocr.o)
 .ARM.attributes
                0x0000069c       0x1c c:/program files (x86)/atmel/studio/7.0/toolchain/arm/arm-gnu-toolchain/bin/../lib/gcc/arm-none-eabi/6.3.1/../../../../arm-none-eabi/lib/thumb/v7e-m\libc.a(lib_a-memchr.o)
 .ARM.attributes
                0x000006b8       0x1c c:/program files (x86)/atmel/studio/7.0/toolchain/arm/arm-gnu-toolchain/bin/../lib/gcc/arm-none-eabi/6.3.1/../../../../arm-none-eabi/lib/thumb/v7e-m\libc.a(lib_a-memcpy.o)
 .ARM.attributes
                0x000006d4       0x2e c:/program files (x86)/atmel/studio/7.0/toolchain/arm/arm-gnu-toolchain/bin/../lib/gcc/arm-none-eabi/6.3.1/../../../../arm-none-eabi/lib/thumb/v7e-m\libc.a(lib_a-memmove.o)
 .ARM.attributes
                0x00000702       0x2e c:/program files (x86)/atmel/studio/7.0/toolchain/arm/arm-gnu-toolchain/bin/../lib/gcc/arm-none-eabi/6.3.1/../../../../arm-none-eabi/lib/thumb/v7e-m\libc.a(lib_a-mlock.o)
 .ARM.attributes
                0x00000730       0x2e c:/program files (x86)/atmel/studio/7.0/toolchain/arm/arm-gnu-toolchain/bin/../lib/gcc/arm-none-eabi/6.3.1/../../../../arm-none-eabi/lib/thumb/v7e-m\libc.a(lib_a-reallocr.o)
 .ARM.attributes
                0x0000075e       0x2e c:/program files (x86)/atmel/studio/7.0/toolchain/arm/arm-gnu-toolchain/bin/../lib/gcc/arm-none-eabi/6.3.1/../../../../arm-none-eabi/lib/thumb/v7e-m\libc.a(lib_a-refill.o)
 .ARM.attributes
                0x0000078c       0x2e c:/program files (x86)/atmel/studio/7.0/toolchain/arm/arm-gnu-toolchain/bin/../lib/gcc/arm-none-eabi/6.3.1/../../../../arm-none-eabi/lib/thumb/v7e-m\libc.a(lib_a-sbrkr.o)
 .ARM.attributes
                0x000007ba       0x2e c:/program files (x86)/atmel/studio/7.0/toolchain/arm/arm-gnu-toolchain/bin/../lib/gcc/arm-none-eabi/6.3.1/../../../../arm-none-eabi/lib/thumb/v7e-m\libc.a(lib_a-stdio.o)
 .ARM.attributes
                0x000007e8       0x2e c:/program files (x86)/atmel/studio/7.0/toolchain/arm/arm-gnu-toolchain/bin/../lib/gcc/arm-none-eabi/6.3.1/../../../../arm-none-eabi/lib/thumb/v7e-m\libc.a(lib_a-writer.o)
 .ARM.attributes
                0x00000816       0x2e c:/program files (x86)/atmel/studio/7.0/toolchain/arm/arm-gnu-toolchain/bin/../lib/gcc/arm-none-eabi/6.3.1/../../../../arm-none-eabi/lib/thumb/v7e-m\libc.a(lib_a-wsetup.o)
 .ARM.attributes
                0x00000844       0x2e c:/program files (x86)/atmel/studio/7.0/toolchain/arm/arm-gnu-toolchain/bin/../lib/gcc/arm-none-eabi/6.3.1/../../../../arm-none-eabi/lib/thumb/v7e-m\libc.a(lib_a-__atexit.o)
 .ARM.attributes
                0x00000872       0x2e c:/program files (x86)/atmel/studio/7.0/toolchain/arm/arm-gnu-toolchain/bin/../lib/gcc/arm-none-eabi/6.3.1/../../../../arm-none-eabi/lib/thumb/v7e-m\libc.a(lib_a-closer.o)
 .ARM.attributes
                0x000008a0       0x2e c:/program files (x86)/atmel/studio/7.0/toolchain/arm/arm-gnu-toolchain/bin/../lib/gcc/arm-none-eabi/6.3.1/../../../../arm-none-eabi/lib/thumb/v7e-m\libc.a(lib_a-fclose.o)
 .ARM.attributes
                0x000008ce       0x2e c:/program files (x86)/atmel/studio/7.0/toolchain/arm/arm-gnu-toolchain/bin/../lib/gcc/arm-none-eabi/6.3.1/../../../../arm-none-eabi/lib/thumb/v7e-m\libc.a(lib_a-fstatr.o)
 .ARM.attributes
                0x000008fc       0x2e c:/program files (x86)/atmel/studio/7.0/toolchain/arm/arm-gnu-toolchain/bin/../lib/gcc/arm-none-eabi/6.3.1/../../../../arm-none-eabi/lib/thumb/v7e-m\libc.a(lib_a-isattyr.o)
 .ARM.attributes
                0x0000092a       0x2e c:/program files (x86)/atmel/studio/7.0/toolchain/arm/arm-gnu-toolchain/bin/../lib/gcc/arm-none-eabi/6.3.1/../../../../arm-none-eabi/lib/thumb/v7e-m\libc.a(lib_a-lseekr.o)
 .ARM.attributes
                0x00000958       0x2e c:/program files (x86)/atmel/studio/7.0/toolchain/arm/arm-gnu-toolchain/bin/../lib/gcc/arm-none-eabi/6.3.1/../../../../arm-none-eabi/lib/thumb/v7e-m\libc.a(lib_a-readr.o)
 .ARM.attributes
                0x00000986       0x2e c:/program files (x86)/atmel/studio/7.0/toolchain/arm/arm-gnu-toolchain/bin/../lib/gcc/arm-none-eabi/6.3.1/../../../../arm-none-eabi/lib/thumb/v7e-m\libc.a(lib_a-reent.o)
 .ARM.attributes
                0x000009b4       0x1e c:/program files (x86)/atmel/studio/7.0/toolchain/arm/arm-gnu-toolchain/bin/../lib/gcc/arm-none-eabi/6.3.1/thumb/v7e-m/crtn.o

.comment        0x00000000       0x59
 .comment       0x00000000       0x59 src/ASF/common/services/delay/sam/cycle_counter.o
                                 0x5a (size before relaxing)
 .comment       0x00000059       0x5a src/ASF/common/utils/stdio/read.o
 .comment       0x00000059       0x5a src/ASF/sam/drivers/usart/usart.o
 .comment       0x00000059       0x5a src/ASF/common/utils/stdio/write.o
 .comment       0x00000059       0x5a src/ASF/sam/drivers/uart/uart.o
 .comment       0x00000059       0x5a src/ASF/common/services/clock/sam4s/sysclk.o
 .comment       0x00000059       0x5a src/ASF/sam/boards/sam4s_ek2/init.o
 .comment       0x00000059       0x5a src/ASF/sam/drivers/pio/pio.o
 .comment       0x00000059       0x5a src/ASF/sam/drivers/pio/pio_handler.o
 .comment       0x00000059       0x5a src/ASF/sam/drivers/pmc/pmc.o
 .comment       0x00000059       0x5a src/ASF/sam/utils/cmsis/sam4s/source/templates/gcc/startup_sam4s.o
 .comment       0x00000059       0x5a src/ASF/sam/utils/cmsis/sam4s/source/templates/system_sam4s.o
 .comment       0x00000059       0x5a src/ASF/sam/utils/syscalls/gcc/syscalls.o
 .comment       0x00000059       0x5a src/main.o

.debug_info     0x00000000    0x10689
 .debug_info    0x00000000      0xa45 src/ASF/common/services/delay/sam/cycle_counter.o
 .debug_info    0x00000a45      0xac9 src/ASF/common/utils/stdio/read.o
 .debug_info    0x0000150e     0x2060 src/ASF/sam/drivers/usart/usart.o
 .debug_info    0x0000356e      0xac6 src/ASF/common/utils/stdio/write.o
 .debug_info    0x00004034     0x1178 src/ASF/sam/drivers/uart/uart.o
 .debug_info    0x000051ac     0x10fa src/ASF/common/services/clock/sam4s/sysclk.o
 .debug_info    0x000062a6     0x1472 src/ASF/sam/boards/sam4s_ek2/init.o
 .debug_info    0x00007718     0x221d src/ASF/sam/drivers/pio/pio.o
 .debug_info    0x00009935     0x18e2 src/ASF/sam/drivers/pio/pio_handler.o
 .debug_info    0x0000b217     0x19e5 src/ASF/sam/drivers/pmc/pmc.o
 .debug_info    0x0000cbfc      0x6eb src/ASF/sam/utils/cmsis/sam4s/source/templates/gcc/startup_sam4s.o
 .debug_info    0x0000d2e7      0x458 src/ASF/sam/utils/cmsis/sam4s/source/templates/system_sam4s.o
 .debug_info    0x0000d73f      0xdb0 src/ASF/sam/utils/syscalls/gcc/syscalls.o
 .debug_info    0x0000e4ef     0x219a src/main.o

.debug_abbrev   0x00000000     0x2545
 .debug_abbrev  0x00000000      0x1b3 src/ASF/common/services/delay/sam/cycle_counter.o
 .debug_abbrev  0x000001b3      0x1fe src/ASF/common/utils/stdio/read.o
 .debug_abbrev  0x000003b1      0x406 src/ASF/sam/drivers/usart/usart.o
 .debug_abbrev  0x000007b7      0x1e9 src/ASF/common/utils/stdio/write.o
 .debug_abbrev  0x000009a0      0x288 src/ASF/sam/drivers/uart/uart.o
 .debug_abbrev  0x00000c28      0x311 src/ASF/common/services/clock/sam4s/sysclk.o
 .debug_abbrev  0x00000f39      0x26f src/ASF/sam/boards/sam4s_ek2/init.o
 .debug_abbrev  0x000011a8      0x3ff src/ASF/sam/drivers/pio/pio.o
 .debug_abbrev  0x000015a7      0x368 src/ASF/sam/drivers/pio/pio_handler.o
 .debug_abbrev  0x0000190f      0x315 src/ASF/sam/drivers/pmc/pmc.o
 .debug_abbrev  0x00001c24      0x17c src/ASF/sam/utils/cmsis/sam4s/source/templates/gcc/startup_sam4s.o
 .debug_abbrev  0x00001da0      0x102 src/ASF/sam/utils/cmsis/sam4s/source/templates/system_sam4s.o
 .debug_abbrev  0x00001ea2      0x264 src/ASF/sam/utils/syscalls/gcc/syscalls.o
 .debug_abbrev  0x00002106      0x43f src/main.o

.debug_aranges  0x00000000      0x8a8
 .debug_aranges
                0x00000000       0x20 src/ASF/common/services/delay/sam/cycle_counter.o
 .debug_aranges
                0x00000020       0x20 src/ASF/common/utils/stdio/read.o
 .debug_aranges
                0x00000040      0x210 src/ASF/sam/drivers/usart/usart.o
 .debug_aranges
                0x00000250       0x20 src/ASF/common/utils/stdio/write.o
 .debug_aranges
                0x00000270       0xe8 src/ASF/sam/drivers/uart/uart.o
 .debug_aranges
                0x00000358       0x30 src/ASF/common/services/clock/sam4s/sysclk.o
 .debug_aranges
                0x00000388       0x20 src/ASF/sam/boards/sam4s_ek2/init.o
 .debug_aranges
                0x000003a8      0x1a8 src/ASF/sam/drivers/pio/pio.o
 .debug_aranges
                0x00000550       0x58 src/ASF/sam/drivers/pio/pio_handler.o
 .debug_aranges
                0x000005a8      0x208 src/ASF/sam/drivers/pmc/pmc.o
 .debug_aranges
                0x000007b0       0x28 src/ASF/sam/utils/cmsis/sam4s/source/templates/gcc/startup_sam4s.o
 .debug_aranges
                0x000007d8       0x30 src/ASF/sam/utils/cmsis/sam4s/source/templates/system_sam4s.o
 .debug_aranges
                0x00000808       0x60 src/ASF/sam/utils/syscalls/gcc/syscalls.o
 .debug_aranges
                0x00000868       0x40 src/main.o

.debug_ranges   0x00000000      0x810
 .debug_ranges  0x00000000       0x10 src/ASF/common/services/delay/sam/cycle_counter.o
 .debug_ranges  0x00000010       0x10 src/ASF/common/utils/stdio/read.o
 .debug_ranges  0x00000020      0x200 src/ASF/sam/drivers/usart/usart.o
 .debug_ranges  0x00000220       0x10 src/ASF/common/utils/stdio/write.o
 .debug_ranges  0x00000230       0xd8 src/ASF/sam/drivers/uart/uart.o
 .debug_ranges  0x00000308       0x20 src/ASF/common/services/clock/sam4s/sysclk.o
 .debug_ranges  0x00000328       0x10 src/ASF/sam/boards/sam4s_ek2/init.o
 .debug_ranges  0x00000338      0x1b0 src/ASF/sam/drivers/pio/pio.o
 .debug_ranges  0x000004e8       0x60 src/ASF/sam/drivers/pio/pio_handler.o
 .debug_ranges  0x00000548      0x1f8 src/ASF/sam/drivers/pmc/pmc.o
 .debug_ranges  0x00000740       0x18 src/ASF/sam/utils/cmsis/sam4s/source/templates/gcc/startup_sam4s.o
 .debug_ranges  0x00000758       0x20 src/ASF/sam/utils/cmsis/sam4s/source/templates/system_sam4s.o
 .debug_ranges  0x00000778       0x50 src/ASF/sam/utils/syscalls/gcc/syscalls.o
 .debug_ranges  0x000007c8       0x48 src/main.o

.debug_macro    0x00000000    0x12e60
 .debug_macro   0x00000000      0x533 src/ASF/common/services/delay/sam/cycle_counter.o
 .debug_macro   0x00000533      0x8ce src/ASF/common/services/delay/sam/cycle_counter.o
 .debug_macro   0x00000e01      0x16d src/ASF/common/services/delay/sam/cycle_counter.o
 .debug_macro   0x00000f6e      0x652 src/ASF/common/services/delay/sam/cycle_counter.o
 .debug_macro   0x000015c0       0x76 src/ASF/common/services/delay/sam/cycle_counter.o
 .debug_macro   0x00001636       0x16 src/ASF/common/services/delay/sam/cycle_counter.o
 .debug_macro   0x0000164c      0x6e4 src/ASF/common/services/delay/sam/cycle_counter.o
 .debug_macro   0x00001d30       0x22 src/ASF/common/services/delay/sam/cycle_counter.o
 .debug_macro   0x00001d52       0x87 src/ASF/common/services/delay/sam/cycle_counter.o
 .debug_macro   0x00001dd9       0x51 src/ASF/common/services/delay/sam/cycle_counter.o
 .debug_macro   0x00001e2a       0xef src/ASF/common/services/delay/sam/cycle_counter.o
 .debug_macro   0x00001f19       0x6a src/ASF/common/services/delay/sam/cycle_counter.o
 .debug_macro   0x00001f83      0x1df src/ASF/common/services/delay/sam/cycle_counter.o
 .debug_macro   0x00002162       0x27 src/ASF/common/services/delay/sam/cycle_counter.o
 .debug_macro   0x00002189       0x3b src/ASF/common/services/delay/sam/cycle_counter.o
 .debug_macro   0x000021c4       0x2d src/ASF/common/services/delay/sam/cycle_counter.o
 .debug_macro   0x000021f1       0x26 src/ASF/common/services/delay/sam/cycle_counter.o
 .debug_macro   0x00002217      0xbbf src/ASF/common/services/delay/sam/cycle_counter.o
 .debug_macro   0x00002dd6      0x159 src/ASF/common/services/delay/sam/cycle_counter.o
 .debug_macro   0x00002f2f      0xaaf src/ASF/common/services/delay/sam/cycle_counter.o
 .debug_macro   0x000039de      0x284 src/ASF/common/services/delay/sam/cycle_counter.o
 .debug_macro   0x00003c62      0x11e src/ASF/common/services/delay/sam/cycle_counter.o
 .debug_macro   0x00003d80       0xac src/ASF/common/services/delay/sam/cycle_counter.o
 .debug_macro   0x00003e2c      0x401 src/ASF/common/services/delay/sam/cycle_counter.o
 .debug_macro   0x0000422d      0x106 src/ASF/common/services/delay/sam/cycle_counter.o
 .debug_macro   0x00004333       0x1c src/ASF/common/services/delay/sam/cycle_counter.o
 .debug_macro   0x0000434f      0x738 src/ASF/common/services/delay/sam/cycle_counter.o
 .debug_macro   0x00004a87      0x2d2 src/ASF/common/services/delay/sam/cycle_counter.o
 .debug_macro   0x00004d59       0xbe src/ASF/common/services/delay/sam/cycle_counter.o
 .debug_macro   0x00004e17     0x280b src/ASF/common/services/delay/sam/cycle_counter.o
 .debug_macro   0x00007622      0x777 src/ASF/common/services/delay/sam/cycle_counter.o
 .debug_macro   0x00007d99      0xa8e src/ASF/common/services/delay/sam/cycle_counter.o
 .debug_macro   0x00008827       0x9a src/ASF/common/services/delay/sam/cycle_counter.o
 .debug_macro   0x000088c1      0x3d8 src/ASF/common/services/delay/sam/cycle_counter.o
 .debug_macro   0x00008c99       0x64 src/ASF/common/services/delay/sam/cycle_counter.o
 .debug_macro   0x00008cfd      0x1ae src/ASF/common/services/delay/sam/cycle_counter.o
 .debug_macro   0x00008eab      0x386 src/ASF/common/services/delay/sam/cycle_counter.o
 .debug_macro   0x00009231      0x624 src/ASF/common/services/delay/sam/cycle_counter.o
 .debug_macro   0x00009855      0x690 src/ASF/common/services/delay/sam/cycle_counter.o
 .debug_macro   0x00009ee5      0x59f src/ASF/common/services/delay/sam/cycle_counter.o
 .debug_macro   0x0000a484      0x34d src/ASF/common/services/delay/sam/cycle_counter.o
 .debug_macro   0x0000a7d1      0x28c src/ASF/common/services/delay/sam/cycle_counter.o
 .debug_macro   0x0000aa5d      0x2d6 src/ASF/common/services/delay/sam/cycle_counter.o
 .debug_macro   0x0000ad33      0x6d9 src/ASF/common/services/delay/sam/cycle_counter.o
 .debug_macro   0x0000b40c       0x76 src/ASF/common/services/delay/sam/cycle_counter.o
 .debug_macro   0x0000b482       0xb8 src/ASF/common/services/delay/sam/cycle_counter.o
 .debug_macro   0x0000b53a       0xb2 src/ASF/common/services/delay/sam/cycle_counter.o
 .debug_macro   0x0000b5ec       0x88 src/ASF/common/services/delay/sam/cycle_counter.o
 .debug_macro   0x0000b674      0x105 src/ASF/common/services/delay/sam/cycle_counter.o
 .debug_macro   0x0000b779      0x105 src/ASF/common/services/delay/sam/cycle_counter.o
 .debug_macro   0x0000b87e       0x88 src/ASF/common/services/delay/sam/cycle_counter.o
 .debug_macro   0x0000b906       0x88 src/ASF/common/services/delay/sam/cycle_counter.o
 .debug_macro   0x0000b98e      0x2cd src/ASF/common/services/delay/sam/cycle_counter.o
 .debug_macro   0x0000bc5b       0xb2 src/ASF/common/services/delay/sam/cycle_counter.o
 .debug_macro   0x0000bd0d       0xb2 src/ASF/common/services/delay/sam/cycle_counter.o
 .debug_macro   0x0000bdbf       0x52 src/ASF/common/services/delay/sam/cycle_counter.o
 .debug_macro   0x0000be11       0xac src/ASF/common/services/delay/sam/cycle_counter.o
 .debug_macro   0x0000bebd       0x7c src/ASF/common/services/delay/sam/cycle_counter.o
 .debug_macro   0x0000bf39       0x40 src/ASF/common/services/delay/sam/cycle_counter.o
 .debug_macro   0x0000bf79       0x64 src/ASF/common/services/delay/sam/cycle_counter.o
 .debug_macro   0x0000bfdd       0x46 src/ASF/common/services/delay/sam/cycle_counter.o
 .debug_macro   0x0000c023       0x88 src/ASF/common/services/delay/sam/cycle_counter.o
 .debug_macro   0x0000c0ab       0x4c src/ASF/common/services/delay/sam/cycle_counter.o
 .debug_macro   0x0000c0f7       0xa6 src/ASF/common/services/delay/sam/cycle_counter.o
 .debug_macro   0x0000c19d       0x7c src/ASF/common/services/delay/sam/cycle_counter.o
 .debug_macro   0x0000c219       0x16 src/ASF/common/services/delay/sam/cycle_counter.o
 .debug_macro   0x0000c22f       0x7c src/ASF/common/services/delay/sam/cycle_counter.o
 .debug_macro   0x0000c2ab       0x22 src/ASF/common/services/delay/sam/cycle_counter.o
 .debug_macro   0x0000c2cd       0x22 src/ASF/common/services/delay/sam/cycle_counter.o
 .debug_macro   0x0000c2ef      0x195 src/ASF/common/services/delay/sam/cycle_counter.o
 .debug_macro   0x0000c484      0x165 src/ASF/common/services/delay/sam/cycle_counter.o
 .debug_macro   0x0000c5e9      0x165 src/ASF/common/services/delay/sam/cycle_counter.o
 .debug_macro   0x0000c74e       0x1c src/ASF/common/services/delay/sam/cycle_counter.o
 .debug_macro   0x0000c76a       0x2e src/ASF/common/services/delay/sam/cycle_counter.o
 .debug_macro   0x0000c798       0x22 src/ASF/common/services/delay/sam/cycle_counter.o
 .debug_macro   0x0000c7ba       0x1c src/ASF/common/services/delay/sam/cycle_counter.o
 .debug_macro   0x0000c7d6       0x52 src/ASF/common/services/delay/sam/cycle_counter.o
 .debug_macro   0x0000c828       0x10 src/ASF/common/services/delay/sam/cycle_counter.o
 .debug_macro   0x0000c838      0x234 src/ASF/common/services/delay/sam/cycle_counter.o
 .debug_macro   0x0000ca6c      0x938 src/ASF/common/services/delay/sam/cycle_counter.o
 .debug_macro   0x0000d3a4      0x12a src/ASF/common/services/delay/sam/cycle_counter.o
 .debug_macro   0x0000d4ce       0x58 src/ASF/common/services/delay/sam/cycle_counter.o
 .debug_macro   0x0000d526       0x35 src/ASF/common/services/delay/sam/cycle_counter.o
 .debug_macro   0x0000d55b       0x9c src/ASF/common/services/delay/sam/cycle_counter.o
 .debug_macro   0x0000d5f7       0x16 src/ASF/common/services/delay/sam/cycle_counter.o
 .debug_macro   0x0000d60d       0x35 src/ASF/common/services/delay/sam/cycle_counter.o
 .debug_macro   0x0000d642      0x353 src/ASF/common/services/delay/sam/cycle_counter.o
 .debug_macro   0x0000d995       0x10 src/ASF/common/services/delay/sam/cycle_counter.o
 .debug_macro   0x0000d9a5       0x58 src/ASF/common/services/delay/sam/cycle_counter.o
 .debug_macro   0x0000d9fd       0x1f src/ASF/common/services/delay/sam/cycle_counter.o
 .debug_macro   0x0000da1c       0x43 src/ASF/common/services/delay/sam/cycle_counter.o
 .debug_macro   0x0000da5f       0x20 src/ASF/common/services/delay/sam/cycle_counter.o
 .debug_macro   0x0000da7f      0x187 src/ASF/common/services/delay/sam/cycle_counter.o
 .debug_macro   0x0000dc06       0x10 src/ASF/common/services/delay/sam/cycle_counter.o
 .debug_macro   0x0000dc16       0x1c src/ASF/common/services/delay/sam/cycle_counter.o
 .debug_macro   0x0000dc32       0x52 src/ASF/common/services/delay/sam/cycle_counter.o
 .debug_macro   0x0000dc84       0x40 src/ASF/common/services/delay/sam/cycle_counter.o
 .debug_macro   0x0000dcc4       0x10 src/ASF/common/services/delay/sam/cycle_counter.o
 .debug_macro   0x0000dcd4       0x40 src/ASF/common/services/delay/sam/cycle_counter.o
 .debug_macro   0x0000dd14       0xd7 src/ASF/common/services/delay/sam/cycle_counter.o
 .debug_macro   0x0000ddeb       0x16 src/ASF/common/services/delay/sam/cycle_counter.o
 .debug_macro   0x0000de01      0x18b src/ASF/common/services/delay/sam/cycle_counter.o
 .debug_macro   0x0000df8c       0x22 src/ASF/common/services/delay/sam/cycle_counter.o
 .debug_macro   0x0000dfae       0x16 src/ASF/common/services/delay/sam/cycle_counter.o
 .debug_macro   0x0000dfc4       0x16 src/ASF/common/services/delay/sam/cycle_counter.o
 .debug_macro   0x0000dfda       0x29 src/ASF/common/services/delay/sam/cycle_counter.o
 .debug_macro   0x0000e003       0x75 src/ASF/common/services/delay/sam/cycle_counter.o
 .debug_macro   0x0000e078       0x3f src/ASF/common/services/delay/sam/cycle_counter.o
 .debug_macro   0x0000e0b7      0x3ca src/ASF/common/services/delay/sam/cycle_counter.o
 .debug_macro   0x0000e481       0x22 src/ASF/common/services/delay/sam/cycle_counter.o
 .debug_macro   0x0000e4a3      0x524 src/ASF/common/utils/stdio/read.o
 .debug_macro   0x0000e9c7      0x569 src/ASF/sam/drivers/usart/usart.o
 .debug_macro   0x0000ef30       0x28 src/ASF/sam/drivers/usart/usart.o
 .debug_macro   0x0000ef58      0x524 src/ASF/common/utils/stdio/write.o
 .debug_macro   0x0000f47c      0x533 src/ASF/sam/drivers/uart/uart.o
 .debug_macro   0x0000f9af       0x16 src/ASF/sam/drivers/uart/uart.o
 .debug_macro   0x0000f9c5      0x59e src/ASF/common/services/clock/sam4s/sysclk.o
 .debug_macro   0x0000ff63      0x2b9 src/ASF/common/services/clock/sam4s/sysclk.o
 .debug_macro   0x0001021c      0x5de src/ASF/sam/boards/sam4s_ek2/init.o
 .debug_macro   0x000107fa       0x46 src/ASF/sam/boards/sam4s_ek2/init.o
 .debug_macro   0x00010840       0x94 src/ASF/sam/boards/sam4s_ek2/init.o
 .debug_macro   0x000108d4       0x40 src/ASF/sam/boards/sam4s_ek2/init.o
 .debug_macro   0x00010914       0x82 src/ASF/sam/boards/sam4s_ek2/init.o
 .debug_macro   0x00010996      0x539 src/ASF/sam/drivers/pio/pio.o
 .debug_macro   0x00010ecf       0x8e src/ASF/sam/drivers/pio/pio.o
 .debug_macro   0x00010f5d      0x543 src/ASF/sam/drivers/pio/pio_handler.o
 .debug_macro   0x000114a0      0x539 src/ASF/sam/drivers/pmc/pmc.o
 .debug_macro   0x000119d9       0x52 src/ASF/sam/drivers/pmc/pmc.o
 .debug_macro   0x00011a2b      0x325 src/ASF/sam/utils/cmsis/sam4s/source/templates/gcc/startup_sam4s.o
 .debug_macro   0x00011d50      0x32d src/ASF/sam/utils/cmsis/sam4s/source/templates/system_sam4s.o
 .debug_macro   0x0001207d      0x1d6 src/ASF/sam/utils/syscalls/gcc/syscalls.o
 .debug_macro   0x00012253       0x52 src/ASF/sam/utils/syscalls/gcc/syscalls.o
 .debug_macro   0x000122a5       0x8d src/ASF/sam/utils/syscalls/gcc/syscalls.o
 .debug_macro   0x00012332       0x57 src/ASF/sam/utils/syscalls/gcc/syscalls.o
 .debug_macro   0x00012389       0x97 src/ASF/sam/utils/syscalls/gcc/syscalls.o
 .debug_macro   0x00012420       0xf6 src/ASF/sam/utils/syscalls/gcc/syscalls.o
 .debug_macro   0x00012516       0x4c src/ASF/sam/utils/syscalls/gcc/syscalls.o
 .debug_macro   0x00012562       0x16 src/ASF/sam/utils/syscalls/gcc/syscalls.o
 .debug_macro   0x00012578       0x10 src/ASF/sam/utils/syscalls/gcc/syscalls.o
 .debug_macro   0x00012588       0x10 src/ASF/sam/utils/syscalls/gcc/syscalls.o
 .debug_macro   0x00012598       0x35 src/ASF/sam/utils/syscalls/gcc/syscalls.o
 .debug_macro   0x000125cd      0x122 src/ASF/sam/utils/syscalls/gcc/syscalls.o
 .debug_macro   0x000126ef      0x68e src/main.o
 .debug_macro   0x00012d7d       0x28 src/main.o
 .debug_macro   0x00012da5       0x23 src/main.o
 .debug_macro   0x00012dc8       0x88 src/main.o
 .debug_macro   0x00012e50       0x10 src/main.o

.debug_line     0x00000000     0xa584
 .debug_line    0x00000000      0xab6 src/ASF/common/services/delay/sam/cycle_counter.o
 .debug_line    0x00000ab6      0xab0 src/ASF/common/utils/stdio/read.o
 .debug_line    0x00001566     0x102c src/ASF/sam/drivers/usart/usart.o
 .debug_line    0x00002592      0xaa8 src/ASF/common/utils/stdio/write.o
 .debug_line    0x0000303a      0xc63 src/ASF/sam/drivers/uart/uart.o
 .debug_line    0x00003c9d      0xbe6 src/ASF/common/services/clock/sam4s/sysclk.o
 .debug_line    0x00004883      0xcbf src/ASF/sam/boards/sam4s_ek2/init.o
 .debug_line    0x00005542      0xf5f src/ASF/sam/drivers/pio/pio.o
 .debug_line    0x000064a1      0xb7a src/ASF/sam/drivers/pio/pio_handler.o
 .debug_line    0x0000701b     0x103b src/ASF/sam/drivers/pmc/pmc.o
 .debug_line    0x00008056      0x88b src/ASF/sam/utils/cmsis/sam4s/source/templates/gcc/startup_sam4s.o
 .debug_line    0x000088e1      0x8bd src/ASF/sam/utils/cmsis/sam4s/source/templates/system_sam4s.o
 .debug_line    0x0000919e      0x40c src/ASF/sam/utils/syscalls/gcc/syscalls.o
 .debug_line    0x000095aa      0xfda src/main.o

.debug_str      0x00000000    0x534f4
 .debug_str     0x00000000    0x4ab4e src/ASF/common/services/delay/sam/cycle_counter.o
                              0x4af1d (size before relaxing)
 .debug_str     0x0004ab4e       0x3f src/ASF/common/utils/stdio/read.o
                              0x4ada2 (size before relaxing)
 .debug_str     0x0004ab8d      0xa1b src/ASF/sam/drivers/usart/usart.o
                              0x4b7a2 (size before relaxing)
 .debug_str     0x0004b5a8       0x2e src/ASF/common/utils/stdio/write.o
                              0x4ada3 (size before relaxing)
 .debug_str     0x0004b5d6      0x340 src/ASF/sam/drivers/uart/uart.o
                              0x4b15c (size before relaxing)
 .debug_str     0x0004b916     0x4da5 src/ASF/common/services/clock/sam4s/sysclk.o
                              0x4fb7b (size before relaxing)
 .debug_str     0x000506bb      0xcae src/ASF/sam/boards/sam4s_ek2/init.o
                              0x504d8 (size before relaxing)
 .debug_str     0x00051369      0x51c src/ASF/sam/drivers/pio/pio.o
                              0x4b9bd (size before relaxing)
 .debug_str     0x00051885      0x40b src/ASF/sam/drivers/pio/pio_handler.o
                              0x4b8e9 (size before relaxing)
 .debug_str     0x00051c90      0x622 src/ASF/sam/drivers/pmc/pmc.o
                              0x4b80c (size before relaxing)
 .debug_str     0x000522b2      0x435 src/ASF/sam/utils/cmsis/sam4s/source/templates/gcc/startup_sam4s.o
                              0x3b87e (size before relaxing)
 .debug_str     0x000526e7       0xb9 src/ASF/sam/utils/cmsis/sam4s/source/templates/system_sam4s.o
                              0x3b610 (size before relaxing)
 .debug_str     0x000527a0      0x774 src/ASF/sam/utils/syscalls/gcc/syscalls.o
                               0x7400 (size before relaxing)
 .debug_str     0x00052f14      0x5e0 src/main.o
                              0x50f16 (size before relaxing)

.debug_frame    0x00000000     0x1be8
 .debug_frame   0x00000000       0x20 src/ASF/common/services/delay/sam/cycle_counter.o
 .debug_frame   0x00000020       0x30 src/ASF/common/utils/stdio/read.o
 .debug_frame   0x00000050      0x48c src/ASF/sam/drivers/usart/usart.o
 .debug_frame   0x000004dc       0x48 src/ASF/common/utils/stdio/write.o
 .debug_frame   0x00000524      0x1bc src/ASF/sam/drivers/uart/uart.o
 .debug_frame   0x000006e0       0x58 src/ASF/common/services/clock/sam4s/sysclk.o
 .debug_frame   0x00000738       0x2c src/ASF/sam/boards/sam4s_ek2/init.o
 .debug_frame   0x00000764      0x384 src/ASF/sam/drivers/pio/pio.o
 .debug_frame   0x00000ae8       0xf4 src/ASF/sam/drivers/pio/pio_handler.o
 .debug_frame   0x00000bdc      0x408 src/ASF/sam/drivers/pmc/pmc.o
 .debug_frame   0x00000fe4       0x38 src/ASF/sam/utils/cmsis/sam4s/source/templates/gcc/startup_sam4s.o
 .debug_frame   0x0000101c       0x40 src/ASF/sam/utils/cmsis/sam4s/source/templates/system_sam4s.o
 .debug_frame   0x0000105c       0xa0 src/ASF/sam/utils/syscalls/gcc/syscalls.o
 .debug_frame   0x000010fc       0xc0 src/main.o
 .debug_frame   0x000011bc       0x2c c:/program files (x86)/atmel/studio/7.0/toolchain/arm/arm-gnu-toolchain/bin/../lib/gcc/arm-none-eabi/6.3.1/../../../../arm-none-eabi/lib/thumb/v7e-m\libc.a(lib_a-init.o)
 .debug_frame   0x000011e8       0x34 c:/program files (x86)/atmel/studio/7.0/toolchain/arm/arm-gnu-toolchain/bin/../lib/gcc/arm-none-eabi/6.3.1/../../../../arm-none-eabi/lib/thumb/v7e-m\libc.a(lib_a-memset.o)
 .debug_frame   0x0000121c       0x4c c:/program files (x86)/atmel/studio/7.0/toolchain/arm/arm-gnu-toolchain/bin/../lib/gcc/arm-none-eabi/6.3.1/../../../../arm-none-eabi/lib/thumb/v7e-m\libc.a(lib_a-puts.o)
 .debug_frame   0x00001268       0x3c c:/program files (x86)/atmel/studio/7.0/toolchain/arm/arm-gnu-toolchain/bin/../lib/gcc/arm-none-eabi/6.3.1/../../../../arm-none-eabi/lib/thumb/v7e-m\libc.a(lib_a-rget.o)
 .debug_frame   0x000012a4       0x20 c:/program files (x86)/atmel/studio/7.0/toolchain/arm/arm-gnu-toolchain/bin/../lib/gcc/arm-none-eabi/6.3.1/../../../../arm-none-eabi/lib/thumb/v7e-m\libc.a(lib_a-setbuf.o)
 .debug_frame   0x000012c4       0x48 c:/program files (x86)/atmel/studio/7.0/toolchain/arm/arm-gnu-toolchain/bin/../lib/gcc/arm-none-eabi/6.3.1/../../../../arm-none-eabi/lib/thumb/v7e-m\libc.a(lib_a-setvbuf.o)
 .debug_frame   0x0000130c       0x5c c:/program files (x86)/atmel/studio/7.0/toolchain/arm/arm-gnu-toolchain/bin/../lib/gcc/arm-none-eabi/6.3.1/../../../../arm-none-eabi/lib/thumb/v7e-m\libc.a(lib_a-__call_atexit.o)
 .debug_frame   0x00001368       0x20 c:/program files (x86)/atmel/studio/7.0/toolchain/arm/arm-gnu-toolchain/bin/../lib/gcc/arm-none-eabi/6.3.1/../../../../arm-none-eabi/lib/thumb/v7e-m\libc.a(lib_a-atexit.o)
 .debug_frame   0x00001388       0x5c c:/program files (x86)/atmel/studio/7.0/toolchain/arm/arm-gnu-toolchain/bin/../lib/gcc/arm-none-eabi/6.3.1/../../../../arm-none-eabi/lib/thumb/v7e-m\libc.a(lib_a-fflush.o)
 .debug_frame   0x000013e4      0x148 c:/program files (x86)/atmel/studio/7.0/toolchain/arm/arm-gnu-toolchain/bin/../lib/gcc/arm-none-eabi/6.3.1/../../../../arm-none-eabi/lib/thumb/v7e-m\libc.a(lib_a-findfp.o)
 .debug_frame   0x0000152c       0x34 c:/program files (x86)/atmel/studio/7.0/toolchain/arm/arm-gnu-toolchain/bin/../lib/gcc/arm-none-eabi/6.3.1/../../../../arm-none-eabi/lib/thumb/v7e-m\libc.a(lib_a-fini.o)
 .debug_frame   0x00001560       0x74 c:/program files (x86)/atmel/studio/7.0/toolchain/arm/arm-gnu-toolchain/bin/../lib/gcc/arm-none-eabi/6.3.1/../../../../arm-none-eabi/lib/thumb/v7e-m\libc.a(lib_a-freer.o)
 .debug_frame   0x000015d4       0x68 c:/program files (x86)/atmel/studio/7.0/toolchain/arm/arm-gnu-toolchain/bin/../lib/gcc/arm-none-eabi/6.3.1/../../../../arm-none-eabi/lib/thumb/v7e-m\libc.a(lib_a-fvwrite.o)
 .debug_frame   0x0000163c       0x54 c:/program files (x86)/atmel/studio/7.0/toolchain/arm/arm-gnu-toolchain/bin/../lib/gcc/arm-none-eabi/6.3.1/../../../../arm-none-eabi/lib/thumb/v7e-m\libc.a(lib_a-fwalk.o)
 .debug_frame   0x00001690       0xb0 c:/program files (x86)/atmel/studio/7.0/toolchain/arm/arm-gnu-toolchain/bin/../lib/gcc/arm-none-eabi/6.3.1/../../../../arm-none-eabi/lib/thumb/v7e-m\libc.a(lib_a-lock.o)
 .debug_frame   0x00001740       0x68 c:/program files (x86)/atmel/studio/7.0/toolchain/arm/arm-gnu-toolchain/bin/../lib/gcc/arm-none-eabi/6.3.1/../../../../arm-none-eabi/lib/thumb/v7e-m\libc.a(lib_a-makebuf.o)
 .debug_frame   0x000017a8       0x30 c:/program files (x86)/atmel/studio/7.0/toolchain/arm/arm-gnu-toolchain/bin/../lib/gcc/arm-none-eabi/6.3.1/../../../../arm-none-eabi/lib/thumb/v7e-m\libc.a(lib_a-malloc.o)
 .debug_frame   0x000017d8       0x58 c:/program files (x86)/atmel/studio/7.0/toolchain/arm/arm-gnu-toolchain/bin/../lib/gcc/arm-none-eabi/6.3.1/../../../../arm-none-eabi/lib/thumb/v7e-m\libc.a(lib_a-mallocr.o)
 .debug_frame   0x00001830       0x30 c:/program files (x86)/atmel/studio/7.0/toolchain/arm/arm-gnu-toolchain/bin/../lib/gcc/arm-none-eabi/6.3.1/../../../../arm-none-eabi/lib/thumb/v7e-m\libc.a(lib_a-memmove.o)
 .debug_frame   0x00001860       0x30 c:/program files (x86)/atmel/studio/7.0/toolchain/arm/arm-gnu-toolchain/bin/../lib/gcc/arm-none-eabi/6.3.1/../../../../arm-none-eabi/lib/thumb/v7e-m\libc.a(lib_a-mlock.o)
 .debug_frame   0x00001890       0x68 c:/program files (x86)/atmel/studio/7.0/toolchain/arm/arm-gnu-toolchain/bin/../lib/gcc/arm-none-eabi/6.3.1/../../../../arm-none-eabi/lib/thumb/v7e-m\libc.a(lib_a-reallocr.o)
 .debug_frame   0x000018f8       0x40 c:/program files (x86)/atmel/studio/7.0/toolchain/arm/arm-gnu-toolchain/bin/../lib/gcc/arm-none-eabi/6.3.1/../../../../arm-none-eabi/lib/thumb/v7e-m\libc.a(lib_a-refill.o)
 .debug_frame   0x00001938       0x2c c:/program files (x86)/atmel/studio/7.0/toolchain/arm/arm-gnu-toolchain/bin/../lib/gcc/arm-none-eabi/6.3.1/../../../../arm-none-eabi/lib/thumb/v7e-m\libc.a(lib_a-sbrkr.o)
 .debug_frame   0x00001964       0x88 c:/program files (x86)/atmel/studio/7.0/toolchain/arm/arm-gnu-toolchain/bin/../lib/gcc/arm-none-eabi/6.3.1/../../../../arm-none-eabi/lib/thumb/v7e-m\libc.a(lib_a-stdio.o)
 .debug_frame   0x000019ec       0x2c c:/program files (x86)/atmel/studio/7.0/toolchain/arm/arm-gnu-toolchain/bin/../lib/gcc/arm-none-eabi/6.3.1/../../../../arm-none-eabi/lib/thumb/v7e-m\libc.a(lib_a-writer.o)
 .debug_frame   0x00001a18       0x2c c:/program files (x86)/atmel/studio/7.0/toolchain/arm/arm-gnu-toolchain/bin/../lib/gcc/arm-none-eabi/6.3.1/../../../../arm-none-eabi/lib/thumb/v7e-m\libc.a(lib_a-wsetup.o)
 .debug_frame   0x00001a44       0x34 c:/program files (x86)/atmel/studio/7.0/toolchain/arm/arm-gnu-toolchain/bin/../lib/gcc/arm-none-eabi/6.3.1/../../../../arm-none-eabi/lib/thumb/v7e-m\libc.a(lib_a-__atexit.o)
 .debug_frame   0x00001a78       0x2c c:/program files (x86)/atmel/studio/7.0/toolchain/arm/arm-gnu-toolchain/bin/../lib/gcc/arm-none-eabi/6.3.1/../../../../arm-none-eabi/lib/thumb/v7e-m\libc.a(lib_a-closer.o)
 .debug_frame   0x00001aa4       0x3c c:/program files (x86)/atmel/studio/7.0/toolchain/arm/arm-gnu-toolchain/bin/../lib/gcc/arm-none-eabi/6.3.1/../../../../arm-none-eabi/lib/thumb/v7e-m\libc.a(lib_a-fclose.o)
 .debug_frame   0x00001ae0       0x2c c:/program files (x86)/atmel/studio/7.0/toolchain/arm/arm-gnu-toolchain/bin/../lib/gcc/arm-none-eabi/6.3.1/../../../../arm-none-eabi/lib/thumb/v7e-m\libc.a(lib_a-fstatr.o)
 .debug_frame   0x00001b0c       0x2c c:/program files (x86)/atmel/studio/7.0/toolchain/arm/arm-gnu-toolchain/bin/../lib/gcc/arm-none-eabi/6.3.1/../../../../arm-none-eabi/lib/thumb/v7e-m\libc.a(lib_a-isattyr.o)
 .debug_frame   0x00001b38       0x2c c:/program files (x86)/atmel/studio/7.0/toolchain/arm/arm-gnu-toolchain/bin/../lib/gcc/arm-none-eabi/6.3.1/../../../../arm-none-eabi/lib/thumb/v7e-m\libc.a(lib_a-lseekr.o)
 .debug_frame   0x00001b64       0x2c c:/program files (x86)/atmel/studio/7.0/toolchain/arm/arm-gnu-toolchain/bin/../lib/gcc/arm-none-eabi/6.3.1/../../../../arm-none-eabi/lib/thumb/v7e-m\libc.a(lib_a-readr.o)
 .debug_frame   0x00001b90       0x58 c:/program files (x86)/atmel/studio/7.0/toolchain/arm/arm-gnu-toolchain/bin/../lib/gcc/arm-none-eabi/6.3.1/../../../../arm-none-eabi/lib/thumb/v7e-m\libc.a(lib_a-reent.o)

.debug_loc      0x00000000     0x3b0c
 .debug_loc     0x00000000       0xb3 src/ASF/common/utils/stdio/read.o
 .debug_loc     0x000000b3      0xe59 src/ASF/sam/drivers/usart/usart.o
 .debug_loc     0x00000f0c      0x12b src/ASF/common/utils/stdio/write.o
 .debug_loc     0x00001037      0x241 src/ASF/sam/drivers/uart/uart.o
 .debug_loc     0x00001278      0x143 src/ASF/common/services/clock/sam4s/sysclk.o
 .debug_loc     0x000013bb       0x5c src/ASF/sam/boards/sam4s_ek2/init.o
 .debug_loc     0x00001417      0xdef src/ASF/sam/drivers/pio/pio.o
 .debug_loc     0x00002206      0x549 src/ASF/sam/drivers/pio/pio_handler.o
 .debug_loc     0x0000274f      0xb91 src/ASF/sam/drivers/pmc/pmc.o
 .debug_loc     0x000032e0       0xa1 src/ASF/sam/utils/cmsis/sam4s/source/templates/gcc/startup_sam4s.o
 .debug_loc     0x00003381       0xfd src/ASF/sam/utils/syscalls/gcc/syscalls.o
 .debug_loc     0x0000347e      0x68e src/main.o

Cross Reference Table

Symbol                                            File
ACC_Handler                                       src/ASF/sam/utils/cmsis/sam4s/source/templates/gcc/startup_sam4s.o
ADC_Handler                                       src/ASF/sam/utils/cmsis/sam4s/source/templates/gcc/startup_sam4s.o
BusFault_Handler                                  src/ASF/sam/utils/cmsis/sam4s/source/templates/gcc/startup_sam4s.o
CRCCU_Handler                                     src/ASF/sam/utils/cmsis/sam4s/source/templates/gcc/startup_sam4s.o
DACC_Handler                                      src/ASF/sam/utils/cmsis/sam4s/source/templates/gcc/startup_sam4s.o
DebugMon_Handler                                  src/ASF/sam/utils/cmsis/sam4s/source/templates/gcc/startup_sam4s.o
Dummy_Handler                                     src/ASF/sam/utils/cmsis/sam4s/source/templates/gcc/startup_sam4s.o
EFC0_Handler                                      src/ASF/sam/utils/cmsis/sam4s/source/templates/gcc/startup_sam4s.o
EFC1_Handler                                      src/ASF/sam/utils/cmsis/sam4s/source/templates/gcc/startup_sam4s.o
HSMCI_Handler                                     src/ASF/sam/utils/cmsis/sam4s/source/templates/gcc/startup_sam4s.o
HardFault_Handler                                 src/ASF/sam/utils/cmsis/sam4s/source/templates/gcc/startup_sam4s.o
LED_Off                                           src/ASF/sam/boards/sam4s_ek2/led.o
LED_On                                            src/ASF/sam/boards/sam4s_ek2/led.o
MemManage_Handler                                 src/ASF/sam/utils/cmsis/sam4s/source/templates/gcc/startup_sam4s.o
NMI_Handler                                       src/ASF/sam/utils/cmsis/sam4s/source/templates/gcc/startup_sam4s.o
PIOA_Handler                                      src/ASF/sam/drivers/pio/pio_handler.o
PIOB_Handler                                      src/ASF/sam/drivers/pio/pio_handler.o
PIOC_Handler                                      src/ASF/sam/drivers/pio/pio_handler.o
PMC_Handler                                       src/ASF/sam/utils/cmsis/sam4s/source/templates/gcc/startup_sam4s.o
PWM_Handler                                       src/ASF/sam/utils/cmsis/sam4s/source/templates/gcc/startup_sam4s.o
PendSV_Handler                                    src/ASF/sam/utils/cmsis/sam4s/source/templates/gcc/startup_sam4s.o
RSTC_Handler                                      src/ASF/sam/utils/cmsis/sam4s/source/templates/gcc/startup_sam4s.o
RTC_Handler                                       src/ASF/sam/utils/cmsis/sam4s/source/templates/gcc/startup_sam4s.o
RTT_Handler                                       src/ASF/sam/utils/cmsis/sam4s/source/templates/gcc/startup_sam4s.o
Reset_Handler                                     src/ASF/sam/utils/cmsis/sam4s/source/templates/gcc/startup_sam4s.o
SPI_Handler                                       src/ASF/sam/utils/cmsis/sam4s/source/templates/gcc/startup_sam4s.o
SSC_Handler                                       src/ASF/sam/utils/cmsis/sam4s/source/templates/gcc/startup_sam4s.o
SUPC_Handler                                      src/ASF/sam/utils/cmsis/sam4s/source/templates/gcc/startup_sam4s.o
SVC_Handler                                       src/ASF/sam/utils/cmsis/sam4s/source/templates/gcc/startup_sam4s.o
SysTick_Handler                                   src/ASF/sam/utils/cmsis/sam4s/source/templates/gcc/startup_sam4s.o
SystemCoreClock                                   src/ASF/sam/utils/cmsis/sam4s/source/templates/system_sam4s.o
SystemCoreClockUpdate                             src/ASF/sam/utils/cmsis/sam4s/source/templates/system_sam4s.o
                                                  src/ASF/common/services/clock/sam4s/sysclk.o
SystemInit                                        src/ASF/sam/utils/cmsis/sam4s/source/templates/system_sam4s.o
TC0_Handler                                       src/ASF/sam/utils/cmsis/sam4s/source/templates/gcc/startup_sam4s.o
TC1_Handler                                       src/ASF/sam/utils/cmsis/sam4s/source/templates/gcc/startup_sam4s.o
TC2_Handler                                       src/ASF/sam/utils/cmsis/sam4s/source/templates/gcc/startup_sam4s.o
TC3_Handler                                       src/ASF/sam/utils/cmsis/sam4s/source/templates/gcc/startup_sam4s.o
TC4_Handler                                       src/ASF/sam/utils/cmsis/sam4s/source/templates/gcc/startup_sam4s.o
TC5_Handler                                       src/ASF/sam/utils/cmsis/sam4s/source/templates/gcc/startup_sam4s.o
TWI0_Handler                                      src/ASF/sam/utils/cmsis/sam4s/source/templates/gcc/startup_sam4s.o
TWI1_Handler                                      src/ASF/sam/utils/cmsis/sam4s/source/templates/gcc/startup_sam4s.o
UART0_Handler                                     src/ASF/sam/utils/cmsis/sam4s/source/templates/gcc/startup_sam4s.o
UART1_Handler                                     src/ASF/sam/utils/cmsis/sam4s/source/templates/gcc/startup_sam4s.o
UDP_Handler                                       src/ASF/sam/utils/cmsis/sam4s/source/templates/gcc/startup_sam4s.o
USART0_Handler                                    src/ASF/sam/utils/cmsis/sam4s/source/templates/gcc/startup_sam4s.o
USART1_Handler                                    src/ASF/sam/utils/cmsis/sam4s/source/templates/gcc/startup_sam4s.o
UsageFault_Handler                                src/ASF/sam/utils/cmsis/sam4s/source/templates/gcc/startup_sam4s.o
WDT_Handler                                       src/ASF/sam/utils/cmsis/sam4s/source/templates/gcc/startup_sam4s.o
_Jv_RegisterClasses                               c:/program files (x86)/atmel/studio/7.0/toolchain/arm/arm-gnu-toolchain/bin/../lib/gcc/arm-none-eabi/6.3.1/thumb/v7e-m/crtbegin.o
__atexit_recursive_mutex                          c:/program files (x86)/atmel/studio/7.0/toolchain/arm/arm-gnu-toolchain/bin/../lib/gcc/arm-none-eabi/6.3.1/../../../../arm-none-eabi/lib/thumb/v7e-m\libc.a(lib_a-__call_atexit.o)
                                                  c:/program files (x86)/atmel/studio/7.0/toolchain/arm/arm-gnu-toolchain/bin/../lib/gcc/arm-none-eabi/6.3.1/../../../../arm-none-eabi/lib/thumb/v7e-m\libc.a(lib_a-__atexit.o)
__bss_end__                                       c:/program files (x86)/atmel/studio/7.0/toolchain/arm/arm-gnu-toolchain/bin/../lib/gcc/arm-none-eabi/6.3.1/../../../../arm-none-eabi/lib/thumb/v7e-m/crt0.o
__bss_start__                                     c:/program files (x86)/atmel/studio/7.0/toolchain/arm/arm-gnu-toolchain/bin/../lib/gcc/arm-none-eabi/6.3.1/../../../../arm-none-eabi/lib/thumb/v7e-m/crt0.o
__call_exitprocs                                  c:/program files (x86)/atmel/studio/7.0/toolchain/arm/arm-gnu-toolchain/bin/../lib/gcc/arm-none-eabi/6.3.1/../../../../arm-none-eabi/lib/thumb/v7e-m\libc.a(lib_a-__call_atexit.o)
                                                  c:/program files (x86)/atmel/studio/7.0/toolchain/arm/arm-gnu-toolchain/bin/../lib/gcc/arm-none-eabi/6.3.1/../../../../arm-none-eabi/lib/thumb/v7e-m\libc.a(lib_a-exit.o)
__deregister_frame_info                           c:/program files (x86)/atmel/studio/7.0/toolchain/arm/arm-gnu-toolchain/bin/../lib/gcc/arm-none-eabi/6.3.1/thumb/v7e-m/crtbegin.o
__dso_handle                                      c:/program files (x86)/atmel/studio/7.0/toolchain/arm/arm-gnu-toolchain/bin/../lib/gcc/arm-none-eabi/6.3.1/thumb/v7e-m/crtbegin.o
__fini_array_end                                  c:/program files (x86)/atmel/studio/7.0/toolchain/arm/arm-gnu-toolchain/bin/../lib/gcc/arm-none-eabi/6.3.1/../../../../arm-none-eabi/lib/thumb/v7e-m\libc.a(lib_a-fini.o)
__fini_array_start                                c:/program files (x86)/atmel/studio/7.0/toolchain/arm/arm-gnu-toolchain/bin/../lib/gcc/arm-none-eabi/6.3.1/../../../../arm-none-eabi/lib/thumb/v7e-m\libc.a(lib_a-fini.o)
__fp_lock_all                                     c:/program files (x86)/atmel/studio/7.0/toolchain/arm/arm-gnu-toolchain/bin/../lib/gcc/arm-none-eabi/6.3.1/../../../../arm-none-eabi/lib/thumb/v7e-m\libc.a(lib_a-findfp.o)
__fp_unlock_all                                   c:/program files (x86)/atmel/studio/7.0/toolchain/arm/arm-gnu-toolchain/bin/../lib/gcc/arm-none-eabi/6.3.1/../../../../arm-none-eabi/lib/thumb/v7e-m\libc.a(lib_a-findfp.o)
__init_array_end                                  c:/program files (x86)/atmel/studio/7.0/toolchain/arm/arm-gnu-toolchain/bin/../lib/gcc/arm-none-eabi/6.3.1/../../../../arm-none-eabi/lib/thumb/v7e-m\libc.a(lib_a-init.o)
__init_array_start                                c:/program files (x86)/atmel/studio/7.0/toolchain/arm/arm-gnu-toolchain/bin/../lib/gcc/arm-none-eabi/6.3.1/../../../../arm-none-eabi/lib/thumb/v7e-m\libc.a(lib_a-init.o)
__libc_fini                                       c:/program files (x86)/atmel/studio/7.0/toolchain/arm/arm-gnu-toolchain/bin/../lib/gcc/arm-none-eabi/6.3.1/../../../../arm-none-eabi/lib/thumb/v7e-m\libc.a(lib_a-__call_atexit.o)
__libc_fini_array                                 c:/program files (x86)/atmel/studio/7.0/toolchain/arm/arm-gnu-toolchain/bin/../lib/gcc/arm-none-eabi/6.3.1/../../../../arm-none-eabi/lib/thumb/v7e-m\libc.a(lib_a-fini.o)
                                                  c:/program files (x86)/atmel/studio/7.0/toolchain/arm/arm-gnu-toolchain/bin/../lib/gcc/arm-none-eabi/6.3.1/../../../../arm-none-eabi/lib/thumb/v7e-m\libc.a(lib_a-__call_atexit.o)
                                                  c:/program files (x86)/atmel/studio/7.0/toolchain/arm/arm-gnu-toolchain/bin/../lib/gcc/arm-none-eabi/6.3.1/../../../../arm-none-eabi/lib/thumb/v7e-m/crt0.o
__libc_init_array                                 c:/program files (x86)/atmel/studio/7.0/toolchain/arm/arm-gnu-toolchain/bin/../lib/gcc/arm-none-eabi/6.3.1/../../../../arm-none-eabi/lib/thumb/v7e-m\libc.a(lib_a-init.o)
                                                  src/ASF/sam/utils/cmsis/sam4s/source/templates/gcc/startup_sam4s.o
                                                  c:/program files (x86)/atmel/studio/7.0/toolchain/arm/arm-gnu-toolchain/bin/../lib/gcc/arm-none-eabi/6.3.1/../../../../arm-none-eabi/lib/thumb/v7e-m/crt0.o
__lock___arc4random_mutex                         c:/program files (x86)/atmel/studio/7.0/toolchain/arm/arm-gnu-toolchain/bin/../lib/gcc/arm-none-eabi/6.3.1/../../../../arm-none-eabi/lib/thumb/v7e-m\libc.a(lib_a-lock.o)
__lock___at_quick_exit_mutex                      c:/program files (x86)/atmel/studio/7.0/toolchain/arm/arm-gnu-toolchain/bin/../lib/gcc/arm-none-eabi/6.3.1/../../../../arm-none-eabi/lib/thumb/v7e-m\libc.a(lib_a-lock.o)
__lock___atexit_recursive_mutex                   c:/program files (x86)/atmel/studio/7.0/toolchain/arm/arm-gnu-toolchain/bin/../lib/gcc/arm-none-eabi/6.3.1/../../../../arm-none-eabi/lib/thumb/v7e-m\libc.a(lib_a-lock.o)
                                                  c:/program files (x86)/atmel/studio/7.0/toolchain/arm/arm-gnu-toolchain/bin/../lib/gcc/arm-none-eabi/6.3.1/../../../../arm-none-eabi/lib/thumb/v7e-m\libc.a(lib_a-__call_atexit.o)
__lock___dd_hash_mutex                            c:/program files (x86)/atmel/studio/7.0/toolchain/arm/arm-gnu-toolchain/bin/../lib/gcc/arm-none-eabi/6.3.1/../../../../arm-none-eabi/lib/thumb/v7e-m\libc.a(lib_a-lock.o)
__lock___env_recursive_mutex                      c:/program files (x86)/atmel/studio/7.0/toolchain/arm/arm-gnu-toolchain/bin/../lib/gcc/arm-none-eabi/6.3.1/../../../../arm-none-eabi/lib/thumb/v7e-m\libc.a(lib_a-lock.o)
__lock___malloc_recursive_mutex                   c:/program files (x86)/atmel/studio/7.0/toolchain/arm/arm-gnu-toolchain/bin/../lib/gcc/arm-none-eabi/6.3.1/../../../../arm-none-eabi/lib/thumb/v7e-m\libc.a(lib_a-lock.o)
                                                  c:/program files (x86)/atmel/studio/7.0/toolchain/arm/arm-gnu-toolchain/bin/../lib/gcc/arm-none-eabi/6.3.1/../../../../arm-none-eabi/lib/thumb/v7e-m\libc.a(lib_a-mlock.o)
__lock___sfp_recursive_mutex                      c:/program files (x86)/atmel/studio/7.0/toolchain/arm/arm-gnu-toolchain/bin/../lib/gcc/arm-none-eabi/6.3.1/../../../../arm-none-eabi/lib/thumb/v7e-m\libc.a(lib_a-lock.o)
                                                  c:/program files (x86)/atmel/studio/7.0/toolchain/arm/arm-gnu-toolchain/bin/../lib/gcc/arm-none-eabi/6.3.1/../../../../arm-none-eabi/lib/thumb/v7e-m\libc.a(lib_a-findfp.o)
__lock___sinit_recursive_mutex                    c:/program files (x86)/atmel/studio/7.0/toolchain/arm/arm-gnu-toolchain/bin/../lib/gcc/arm-none-eabi/6.3.1/../../../../arm-none-eabi/lib/thumb/v7e-m\libc.a(lib_a-lock.o)
                                                  c:/program files (x86)/atmel/studio/7.0/toolchain/arm/arm-gnu-toolchain/bin/../lib/gcc/arm-none-eabi/6.3.1/../../../../arm-none-eabi/lib/thumb/v7e-m\libc.a(lib_a-findfp.o)
__lock___tz_mutex                                 c:/program files (x86)/atmel/studio/7.0/toolchain/arm/arm-gnu-toolchain/bin/../lib/gcc/arm-none-eabi/6.3.1/../../../../arm-none-eabi/lib/thumb/v7e-m\libc.a(lib_a-lock.o)
__malloc_av_                                      c:/program files (x86)/atmel/studio/7.0/toolchain/arm/arm-gnu-toolchain/bin/../lib/gcc/arm-none-eabi/6.3.1/../../../../arm-none-eabi/lib/thumb/v7e-m\libc.a(lib_a-mallocr.o)
                                                  c:/program files (x86)/atmel/studio/7.0/toolchain/arm/arm-gnu-toolchain/bin/../lib/gcc/arm-none-eabi/6.3.1/../../../../arm-none-eabi/lib/thumb/v7e-m\libc.a(lib_a-reallocr.o)
                                                  c:/program files (x86)/atmel/studio/7.0/toolchain/arm/arm-gnu-toolchain/bin/../lib/gcc/arm-none-eabi/6.3.1/../../../../arm-none-eabi/lib/thumb/v7e-m\libc.a(lib_a-freer.o)
__malloc_current_mallinfo                         c:/program files (x86)/atmel/studio/7.0/toolchain/arm/arm-gnu-toolchain/bin/../lib/gcc/arm-none-eabi/6.3.1/../../../../arm-none-eabi/lib/thumb/v7e-m\libc.a(lib_a-mallocr.o)
                                                  c:/program files (x86)/atmel/studio/7.0/toolchain/arm/arm-gnu-toolchain/bin/../lib/gcc/arm-none-eabi/6.3.1/../../../../arm-none-eabi/lib/thumb/v7e-m\libc.a(lib_a-freer.o)
__malloc_lock                                     c:/program files (x86)/atmel/studio/7.0/toolchain/arm/arm-gnu-toolchain/bin/../lib/gcc/arm-none-eabi/6.3.1/../../../../arm-none-eabi/lib/thumb/v7e-m\libc.a(lib_a-mlock.o)
                                                  c:/program files (x86)/atmel/studio/7.0/toolchain/arm/arm-gnu-toolchain/bin/../lib/gcc/arm-none-eabi/6.3.1/../../../../arm-none-eabi/lib/thumb/v7e-m\libc.a(lib_a-reallocr.o)
                                                  c:/program files (x86)/atmel/studio/7.0/toolchain/arm/arm-gnu-toolchain/bin/../lib/gcc/arm-none-eabi/6.3.1/../../../../arm-none-eabi/lib/thumb/v7e-m\libc.a(lib_a-mallocr.o)
                                                  c:/program files (x86)/atmel/studio/7.0/toolchain/arm/arm-gnu-toolchain/bin/../lib/gcc/arm-none-eabi/6.3.1/../../../../arm-none-eabi/lib/thumb/v7e-m\libc.a(lib_a-freer.o)
__malloc_max_sbrked_mem                           c:/program files (x86)/atmel/studio/7.0/toolchain/arm/arm-gnu-toolchain/bin/../lib/gcc/arm-none-eabi/6.3.1/../../../../arm-none-eabi/lib/thumb/v7e-m\libc.a(lib_a-mallocr.o)
__malloc_max_total_mem                            c:/program files (x86)/atmel/studio/7.0/toolchain/arm/arm-gnu-toolchain/bin/../lib/gcc/arm-none-eabi/6.3.1/../../../../arm-none-eabi/lib/thumb/v7e-m\libc.a(lib_a-mallocr.o)
__malloc_sbrk_base                                c:/program files (x86)/atmel/studio/7.0/toolchain/arm/arm-gnu-toolchain/bin/../lib/gcc/arm-none-eabi/6.3.1/../../../../arm-none-eabi/lib/thumb/v7e-m\libc.a(lib_a-mallocr.o)
                                                  c:/program files (x86)/atmel/studio/7.0/toolchain/arm/arm-gnu-toolchain/bin/../lib/gcc/arm-none-eabi/6.3.1/../../../../arm-none-eabi/lib/thumb/v7e-m\libc.a(lib_a-freer.o)