Archive member included to satisfy reference by file (symbol)

c:/program files (x86)/atmel/studio/7.0/toolchain/arm/arm-gnu-toolchain/bin/../lib/gcc/arm-none-eabi/6.3.1/../../../../arm-none-eabi/lib/thumb/v7e-m\libc.a(lib_a-exit.o)
                              c:/program files (x86)/atmel/studio/7.0/toolchain/arm/arm-gnu-toolchain/bin/../lib/gcc/arm-none-eabi/6.3.1/../../../../arm-none-eabi/lib/thumb/v7e-m/crt0.o (exit)
c:/program files (x86)/atmel/studio/7.0/toolchain/arm/arm-gnu-toolchain/bin/../lib/gcc/arm-none-eabi/6.3.1/../../../../arm-none-eabi/lib/thumb/v7e-m\libc.a(lib_a-impure.o)
                              c:/program files (x86)/atmel/studio/7.0/toolchain/arm/arm-gnu-toolchain/bin/../lib/gcc/arm-none-eabi/6.3.1/../../../../arm-none-eabi/lib/thumb/v7e-m\libc.a(lib_a-exit.o) (_global_impure_ptr)
c:/program files (x86)/atmel/studio/7.0/toolchain/arm/arm-gnu-toolchain/bin/../lib/gcc/arm-none-eabi/6.3.1/../../../../arm-none-eabi/lib/thumb/v7e-m\libc.a(lib_a-init.o)
                              c:/program files (x86)/atmel/studio/7.0/toolchain/arm/arm-gnu-toolchain/bin/../lib/gcc/arm-none-eabi/6.3.1/../../../../arm-none-eabi/lib/thumb/v7e-m/crt0.o (__libc_init_array)
c:/program files (x86)/atmel/studio/7.0/toolchain/arm/arm-gnu-toolchain/bin/../lib/gcc/arm-none-eabi/6.3.1/../../../../arm-none-eabi/lib/thumb/v7e-m\libc.a(lib_a-iprintf.o)
                              src/ASF/sam/drivers/adc/adc.o (iprintf)
c:/program files (x86)/atmel/studio/7.0/toolchain/arm/arm-gnu-toolchain/bin/../lib/gcc/arm-none-eabi/6.3.1/../../../../arm-none-eabi/lib/thumb/v7e-m\libc.a(lib_a-memset.o)
                              c:/program files (x86)/atmel/studio/7.0/toolchain/arm/arm-gnu-toolchain/bin/../lib/gcc/arm-none-eabi/6.3.1/../../../../arm-none-eabi/lib/thumb/v7e-m/crt0.o (memset)
c:/program files (x86)/atmel/studio/7.0/toolchain/arm/arm-gnu-toolchain/bin/../lib/gcc/arm-none-eabi/6.3.1/../../../../arm-none-eabi/lib/thumb/v7e-m\libc.a(lib_a-puts.o)
                              src/ASF/sam/drivers/adc/adc.o (puts)
c:/program files (x86)/atmel/studio/7.0/toolchain/arm/arm-gnu-toolchain/bin/../lib/gcc/arm-none-eabi/6.3.1/../../../../arm-none-eabi/lib/thumb/v7e-m\libc.a(lib_a-setbuf.o)
                              src/main.o (setbuf)
c:/program files (x86)/atmel/studio/7.0/toolchain/arm/arm-gnu-toolchain/bin/../lib/gcc/arm-none-eabi/6.3.1/../../../../arm-none-eabi/lib/thumb/v7e-m\libc.a(lib_a-setvbuf.o)
                              c:/program files (x86)/atmel/studio/7.0/toolchain/arm/arm-gnu-toolchain/bin/../lib/gcc/arm-none-eabi/6.3.1/../../../../arm-none-eabi/lib/thumb/v7e-m\libc.a(lib_a-setbuf.o) (setvbuf)
c:/program files (x86)/atmel/studio/7.0/toolchain/arm/arm-gnu-toolchain/bin/../lib/gcc/arm-none-eabi/6.3.1/../../../../arm-none-eabi/lib/thumb/v7e-m\libc.a(lib_a-sprintf.o)
                              src/main.o (sprintf)
c:/program files (x86)/atmel/studio/7.0/toolchain/arm/arm-gnu-toolchain/bin/../lib/gcc/arm-none-eabi/6.3.1/../../../../arm-none-eabi/lib/thumb/v7e-m\libc.a(lib_a-strlen.o)
                              c:/program files (x86)/atmel/studio/7.0/toolchain/arm/arm-gnu-toolchain/bin/../lib/gcc/arm-none-eabi/6.3.1/../../../../arm-none-eabi/lib/thumb/v7e-m\libc.a(lib_a-puts.o) (strlen)
c:/program files (x86)/atmel/studio/7.0/toolchain/arm/arm-gnu-toolchain/bin/../lib/gcc/arm-none-eabi/6.3.1/../../../../arm-none-eabi/lib/thumb/v7e-m\libc.a(lib_a-svfprintf.o)
                              c:/program files (x86)/atmel/studio/7.0/toolchain/arm/arm-gnu-toolchain/bin/../lib/gcc/arm-none-eabi/6.3.1/../../../../arm-none-eabi/lib/thumb/v7e-m\libc.a(lib_a-sprintf.o) (_svfprintf_r)
c:/program files (x86)/atmel/studio/7.0/toolchain/arm/arm-gnu-toolchain/bin/../lib/gcc/arm-none-eabi/6.3.1/../../../../arm-none-eabi/lib/thumb/v7e-m\libc.a(lib_a-vfiprintf.o)
                              c:/program files (x86)/atmel/studio/7.0/toolchain/arm/arm-gnu-toolchain/bin/../lib/gcc/arm-none-eabi/6.3.1/../../../../arm-none-eabi/lib/thumb/v7e-m\libc.a(lib_a-iprintf.o) (_vfiprintf_r)
c:/program files (x86)/atmel/studio/7.0/toolchain/arm/arm-gnu-toolchain/bin/../lib/gcc/arm-none-eabi/6.3.1/../../../../arm-none-eabi/lib/thumb/v7e-m\libc.a(lib_a-wsetup.o)
                              c:/program files (x86)/atmel/studio/7.0/toolchain/arm/arm-gnu-toolchain/bin/../lib/gcc/arm-none-eabi/6.3.1/../../../../arm-none-eabi/lib/thumb/v7e-m\libc.a(lib_a-vfiprintf.o) (__swsetup_r)
c:/program files (x86)/atmel/studio/7.0/toolchain/arm/arm-gnu-toolchain/bin/../lib/gcc/arm-none-eabi/6.3.1/../../../../arm-none-eabi/lib/thumb/v7e-m\libc.a(lib_a-__call_atexit.o)
                              c:/program files (x86)/atmel/studio/7.0/toolchain/arm/arm-gnu-toolchain/bin/../lib/gcc/arm-none-eabi/6.3.1/../../../../arm-none-eabi/lib/thumb/v7e-m\libc.a(lib_a-exit.o) (__call_exitprocs)
[...]
Memory Configuration

Name             Origin             Length             Attributes
rom              0x00400000         0x00200000         xr
ram              0x20000000         0x00028000         xrw
*default*        0x00000000         0xffffffff

Linker script and memory map

LOAD c:/program files (x86)/atmel/studio/7.0/toolchain/arm/arm-gnu-toolchain/bin/../lib/gcc/arm-none-eabi/6.3.1/thumb/v7e-m/crti.o
LOAD c:/program files (x86)/atmel/studio/7.0/toolchain/arm/arm-gnu-toolchain/bin/../lib/gcc/arm-none-eabi/6.3.1/thumb/v7e-m/crtbegin.o
LOAD c:/program files (x86)/atmel/studio/7.0/toolchain/arm/arm-gnu-toolchain/bin/../lib/gcc/arm-none-eabi/6.3.1/../../../../arm-none-eabi/lib/thumb/v7e-m/crt0.o
LOAD src/ASF/common/utils/stdio/read.o
LOAD src/ASF/common/utils/stdio/write.o
LOAD src/ASF/sam/drivers/adc/adc.o
LOAD src/ASF/sam/drivers/adc/adc_sam3u.o
LOAD src/ASF/sam/drivers/pwm/pwm.o
LOAD src/ASF/sam/drivers/tc/tc.o
LOAD src/ASF/sam/drivers/usart/usart.o
LOAD src/ASF/common/services/serial/usart_serial.o
LOAD src/ASF/sam/drivers/ebi/smc/smc.o
LOAD src/ASF/sam/drivers/uart/uart.o
LOAD src/ASF/sam/components/display/ili93xx/ili93xx.o
LOAD src/ASF/common/services/delay/sam/cycle_counter.o
LOAD src/ASF/sam/components/display/aat31xx/aat31xx.o
LOAD src/ASF/common/services/clock/sam4s/sysclk.o
LOAD src/ASF/common/utils/interrupt/interrupt_sam_nvic.o
LOAD src/ASF/sam/boards/sam4s_ek2/init.o
LOAD src/ASF/sam/boards/sam4s_ek2/led.o
LOAD src/ASF/sam/drivers/pio/pio.o
LOAD src/ASF/sam/drivers/pio/pio_handler.o
LOAD src/ASF/sam/drivers/pmc/pmc.o
LOAD src/ASF/sam/drivers/pmc/sleep.o
LOAD src/ASF/sam/drivers/wdt/wdt.o
LOAD src/ASF/sam/utils/cmsis/sam4s/source/templates/gcc/startup_sam4s.o
LOAD src/ASF/sam/utils/cmsis/sam4s/source/templates/system_sam4s.o
LOAD src/ASF/sam/utils/syscalls/gcc/syscalls.o
LOAD src/main.o
START GROUP
LOAD ../src/ASF/thirdparty/CMSIS/Lib/GCC\libarm_cortexM4l_math.a
LOAD c:/program files (x86)/atmel/studio/7.0/toolchain/arm/arm-gnu-toolchain/bin/../lib/gcc/arm-none-eabi/6.3.1/../../../../arm-none-eabi/lib/thumb/v7e-m\libm.a
END GROUP
START GROUP
LOAD c:/program files (x86)/atmel/studio/7.0/toolchain/arm/arm-gnu-toolchain/bin/../lib/gcc/arm-none-eabi/6.3.1/thumb/v7e-m\libgcc.a
LOAD c:/program files (x86)/atmel/studio/7.0/toolchain/arm/arm-gnu-toolchain/bin/../lib/gcc/arm-none-eabi/6.3.1/../../../../arm-none-eabi/lib/thumb/v7e-m\libc.a
END GROUP
LOAD c:/program files (x86)/atmel/studio/7.0/toolchain/arm/arm-gnu-toolchain/bin/../lib/gcc/arm-none-eabi/6.3.1/thumb/v7e-m/crtend.o
LOAD c:/program files (x86)/atmel/studio/7.0/toolchain/arm/arm-gnu-toolchain/bin/../lib/gcc/arm-none-eabi/6.3.1/thumb/v7e-m/crtn.o
                0x00003000                __stack_size__ = DEFINED (__stack_size__)?__stack_size__:0x3000
                0x20027ffc                __ram_end__ = ((ORIGIN (ram) + LENGTH (ram)) - 0x4)

.text           0x00400000     0x774c
                0x00400000                . = ALIGN (0x4)
                0x00400000                _sfixed = .
 *(.vectors .vectors.*)
 .vectors       0x00400000       0xcc src/ASF/sam/utils/cmsis/sam4s/source/templates/gcc/startup_sam4s.o
                0x00400000                exception_table
 *(.text .text.* .gnu.linkonce.t.*)
 .text          0x004000cc       0x6c c:/program files (x86)/atmel/studio/7.0/toolchain/arm/arm-gnu-toolchain/bin/../lib/gcc/arm-none-eabi/6.3.1/thumb/v7e-m/crtbegin.o
 .text._read    0x00400138       0x3c src/ASF/common/utils/stdio/read.o
                0x00400138                _read
 .text._write   0x00400174       0x50 src/ASF/common/utils/stdio/write.o
                0x00400174                _write
 .text.adc_init
                0x004001c4       0x34 src/ASF/sam/drivers/adc/adc.o
                0x004001c4                adc_init
 .text.adc_configure_trigger
                0x004001f8        0xe src/ASF/sam/drivers/adc/adc.o
                0x004001f8                adc_configure_trigger
 .text.adc_configure_timing
                0x00400206       0x1c src/ASF/sam/drivers/adc/adc.o
                0x00400206                adc_configure_timing
 .text.adc_start
                0x00400222        0x6 src/ASF/sam/drivers/adc/adc.o
                0x00400222                adc_start
 .text.adc_enable_channel
                0x00400228        0xa src/ASF/sam/drivers/adc/adc.o
                0x00400228                adc_enable_channel
 .text.adc_get_latest_value
                0x00400232        0x4 src/ASF/sam/drivers/adc/adc.o
                0x00400232                adc_get_latest_value
 .text.adc_enable_interrupt
                0x00400236        0x4 src/ASF/sam/drivers/adc/adc.o
                0x00400236                adc_enable_interrupt
 .text.adc_get_status
                0x0040023a        0x4 src/ASF/sam/drivers/adc/adc.o
                0x0040023a                adc_get_status
 *fill*         0x0040023e        0x2 
 .text.pwm_clocks_generate
                0x00400240       0x54 src/ASF/sam/drivers/pwm/pwm.o
 .text.pwm_init
                0x00400294       0x44 src/ASF/sam/drivers/pwm/pwm.o
                0x00400294                pwm_init
 .text.pwm_channel_init
                0x004002d8       0xe6 src/ASF/sam/drivers/pwm/pwm.o
                0x004002d8                pwm_channel_init
 .text.pwm_channel_update_duty
                0x004003be       0x1c src/ASF/sam/drivers/pwm/pwm.o
                0x004003be                pwm_channel_update_duty
 .text.pwm_channel_enable
                0x004003da        0xa src/ASF/sam/drivers/pwm/pwm.o
                0x004003da                pwm_channel_enable
 .text.pwm_channel_disable
                0x004003e4        0xa src/ASF/sam/drivers/pwm/pwm.o
                0x004003e4                pwm_channel_disable
 .text.tc_init  0x004003ee       0x18 src/ASF/sam/drivers/tc/tc.o
                0x004003ee                tc_init
 .text.tc_start
                0x00400406        0x8 src/ASF/sam/drivers/tc/tc.o
                0x00400406                tc_start
 .text.tc_write_rc
                0x0040040e        0x8 src/ASF/sam/drivers/tc/tc.o
                0x0040040e                tc_write_rc
 .text.tc_enable_interrupt
                0x00400416        0x8 src/ASF/sam/drivers/tc/tc.o
                0x00400416                tc_enable_interrupt
 .text.tc_get_status
                0x0040041e        0x8 src/ASF/sam/drivers/tc/tc.o
                0x0040041e                tc_get_status
 .text.tc_find_mck_divisor
                0x00400426       0x70 src/ASF/sam/drivers/tc/tc.o
                0x00400426                tc_find_mck_divisor
 .text.usart_write
                0x00400496       0x14 src/ASF/sam/drivers/usart/usart.o
                0x00400496                usart_write
 .text.usart_read
                0x004004aa       0x18 src/ASF/sam/drivers/usart/usart.o
                0x004004aa                usart_read
 .text.smc_set_setup_timing
                0x004004c2        0x6 src/ASF/sam/drivers/ebi/smc/smc.o
                0x004004c2                smc_set_setup_timing
 .text.smc_set_pulse_timing
                0x004004c8        0x8 src/ASF/sam/drivers/ebi/smc/smc.o
                0x004004c8                smc_set_pulse_timing
 .text.smc_set_cycle_timing
                0x004004d0        0x8 src/ASF/sam/drivers/ebi/smc/smc.o
                0x004004d0                smc_set_cycle_timing
 .text.smc_set_mode
                0x004004d8        0x8 src/ASF/sam/drivers/ebi/smc/smc.o
                0x004004d8                smc_set_mode
 .text.uart_init
                0x004004e0       0x36 src/ASF/sam/drivers/uart/uart.o
                0x004004e0                uart_init
 .text.uart_write
                0x00400516       0x10 src/ASF/sam/drivers/uart/uart.o
                0x00400516                uart_write
 .text.uart_read
                0x00400526       0x12 src/ASF/sam/drivers/uart/uart.o
                0x00400526                uart_read
 .text.ili93xx_write_ram_prepare
                0x00400538       0x34 src/ASF/sam/components/display/ili93xx/ili93xx.o
 .text.ili93xx_write_ram
                0x0040056c       0x18 src/ASF/sam/components/display/ili93xx/ili93xx.o
 .text.ili93xx_write_ram_buffer
                0x00400584       0x60 src/ASF/sam/components/display/ili93xx/ili93xx.o
 .text.ili93xx_write_register_word
                0x004005e4       0x16 src/ASF/sam/components/display/ili93xx/ili93xx.o
 *fill*         0x004005fa        0x2 
 .text.ili93xx_write_register
                0x004005fc       0x2c src/ASF/sam/components/display/ili93xx/ili93xx.o
 .text.ili93xx_delay
                0x00400628       0x38 src/ASF/sam/components/display/ili93xx/ili93xx.o
 .text.ili93xx_check_box_coordinates
                0x00400660       0x60 src/ASF/sam/components/display/ili93xx/ili93xx.o
 .text.ili93xx_device_type_identify
                0x004006c0       0x80 src/ASF/sam/components/display/ili93xx/ili93xx.o
                0x004006c0                ili93xx_device_type_identify
 .text.ili93xx_display_on
                0x00400740       0x34 src/ASF/sam/components/display/ili93xx/ili93xx.o
                0x00400740                ili93xx_display_on
 .text.ili93xx_set_foreground_color
                0x00400774       0x18 src/ASF/sam/components/display/ili93xx/ili93xx.o
                0x00400774                ili93xx_set_foreground_color
 .text.ili93xx_set_window
                0x0040078c       0xa8 src/ASF/sam/components/display/ili93xx/ili93xx.o
                0x0040078c                ili93xx_set_window
 .text.ili93xx_set_cursor_position
                0x00400834       0x28 src/ASF/sam/components/display/ili93xx/ili93xx.o
                0x00400834                ili93xx_set_cursor_position
 .text.ili93xx_init
                0x0040085c      0x2e4 src/ASF/sam/components/display/ili93xx/ili93xx.o
                0x0040085c                ili93xx_init
 .text.ili93xx_draw_pixel
                0x00400b40       0x7c src/ASF/sam/components/display/ili93xx/ili93xx.o
                0x00400b40                ili93xx_draw_pixel
 .text.ili93xx_draw_filled_rectangle
                0x00400bbc       0xc8 src/ASF/sam/components/display/ili93xx/ili93xx.o
                0x00400bbc                ili93xx_draw_filled_rectangle
 .text.ili93xx_draw_string
                0x00400c84       0xb0 src/ASF/sam/components/display/ili93xx/ili93xx.o
                0x00400c84                ili93xx_draw_string
 .text.aat31xx_set_backlight
                0x00400d34       0x5c src/ASF/sam/components/display/aat31xx/aat31xx.o
                0x00400d34                aat31xx_set_backlight
 .text.aat31xx_disable_backlight
                0x00400d90       0x24 src/ASF/sam/components/display/aat31xx/aat31xx.o
                0x00400d90                aat31xx_disable_backlight
 .text.sysclk_init
                0x00400db4       0x64 src/ASF/common/services/clock/sam4s/sysclk.o
                0x00400db4                sysclk_init
 .text.board_init
                0x00400e18      0x144 src/ASF/sam/boards/sam4s_ek2/init.o
                0x00400e18                board_init
 .text.pio_set_peripheral
                0x00400f5c       0x90 src/ASF/sam/drivers/pio/pio.o
                0x00400f5c                pio_set_peripheral
 .text.pio_set_input
                0x00400fec       0x32 src/ASF/sam/drivers/pio/pio.o
                0x00400fec                pio_set_input
 .text.pio_set_output
                0x0040101e       0x26 src/ASF/sam/drivers/pio/pio.o
                0x0040101e                pio_set_output
 .text.pio_get_interrupt_status
                0x00401044        0x4 src/ASF/sam/drivers/pio/pio.o
                0x00401044                pio_get_interrupt_status
 .text.pio_get_interrupt_mask
                0x00401048        0x4 src/ASF/sam/drivers/pio/pio.o
                0x00401048                pio_get_interrupt_mask
 .text.pio_set_pin_low
                0x0040104c       0x1a src/ASF/sam/drivers/pio/pio.o
                0x0040104c                pio_set_pin_low
 *fill*         0x00401066        0x2 
 .text.pio_configure_pin
                0x00401068      0x120 src/ASF/sam/drivers/pio/pio.o
                0x00401068                pio_configure_pin
 .text.pio_configure_pin_group
                0x00401188       0xd8 src/ASF/sam/drivers/pio/pio.o
                0x00401188                pio_configure_pin_group
 .text.pio_handler_process
                0x00401260       0x68 src/ASF/sam/drivers/pio/pio_handler.o
                0x00401260                pio_handler_process
 .text.PIOA_Handler
                0x004012c8       0x14 src/ASF/sam/drivers/pio/pio_handler.o
                0x004012c8                PIOA_Handler
 .text.PIOB_Handler
                0x004012dc       0x14 src/ASF/sam/drivers/pio/pio_handler.o
                0x004012dc                PIOB_Handler
 .text.PIOC_Handler
                0x004012f0       0x14 src/ASF/sam/drivers/pio/pio_handler.o
                0x004012f0                PIOC_Handler
 .text.pmc_switch_mck_to_pllack
                0x00401304       0x64 src/ASF/sam/drivers/pmc/pmc.o
                0x00401304                pmc_switch_mck_to_pllack
 .text.pmc_switch_mainck_to_xtal
                0x00401368       0x54 src/ASF/sam/drivers/pmc/pmc.o
                0x00401368                pmc_switch_mainck_to_xtal
 .text.pmc_osc_is_ready_mainck
                0x004013bc       0x10 src/ASF/sam/drivers/pmc/pmc.o
                0x004013bc                pmc_osc_is_ready_mainck
 .text.pmc_disable_pllack
                0x004013cc       0x10 src/ASF/sam/drivers/pmc/pmc.o
                0x004013cc                pmc_disable_pllack
 .text.pmc_is_locked_pllack
                0x004013dc       0x10 src/ASF/sam/drivers/pmc/pmc.o
                0x004013dc                pmc_is_locked_pllack
 .text.pmc_enable_periph_clk
                0x004013ec       0x54 src/ASF/sam/drivers/pmc/pmc.o
                0x004013ec                pmc_enable_periph_clk
 .text.wdt_disable
                0x00401440        0x8 src/ASF/sam/drivers/wdt/wdt.o
                0x00401440                wdt_disable
 .text.Dummy_Handler
                0x00401448        0x2 src/ASF/sam/utils/cmsis/sam4s/source/templates/gcc/startup_sam4s.o
                0x00401448                DACC_Handler
                0x00401448                DebugMon_Handler
                0x00401448                HardFault_Handler
                0x00401448                TC2_Handler
                0x00401448                SPI_Handler
                0x00401448                SysTick_Handler
                0x00401448                TWI1_Handler
                0x00401448                PendSV_Handler
                0x00401448                NMI_Handler
                0x00401448                CRCCU_Handler
                0x00401448                USART0_Handler
                0x00401448                RTT_Handler
                0x00401448                EFC1_Handler
                0x00401448                RTC_Handler
                0x00401448                UsageFault_Handler
                0x00401448                WDT_Handler
                0x00401448                TC4_Handler
                0x00401448                TC1_Handler
                0x00401448                HSMCI_Handler
                0x00401448                UART1_Handler
                0x00401448                TC3_Handler
                0x00401448                Dummy_Handler
                0x00401448                TWI0_Handler
                0x00401448                USART1_Handler
                0x00401448                SSC_Handler
                0x00401448                EFC0_Handler
                0x00401448                ACC_Handler
                0x00401448                PMC_Handler
                0x00401448                PWM_Handler
                0x00401448                MemManage_Handler
                0x00401448                SUPC_Handler
                0x00401448                SVC_Handler
                0x00401448                UART0_Handler
                0x00401448                UDP_Handler
                0x00401448                BusFault_Handler
                0x00401448                RSTC_Handler
                0x00401448                TC5_Handler
 *fill*         0x0040144a        0x2 
 .text.Reset_Handler
                0x0040144c       0xac src/ASF/sam/utils/cmsis/sam4s/source/templates/gcc/startup_sam4s.o
                0x0040144c                Reset_Handler
 .text.SystemCoreClockUpdate
                0x004014f8      0x110 src/ASF/sam/utils/cmsis/sam4s/source/templates/system_sam4s.o
                0x004014f8                SystemCoreClockUpdate
 .text.system_init_flash
                0x00401608       0x94 src/ASF/sam/utils/cmsis/sam4s/source/templates/system_sam4s.o
                0x00401608                system_init_flash
 .text._sbrk    0x0040169c       0x38 src/ASF/sam/utils/syscalls/gcc/syscalls.o
                0x0040169c                _sbrk
 .text._close   0x004016d4        0x6 src/ASF/sam/utils/syscalls/gcc/syscalls.o
                0x004016d4                _close
 .text._fstat   0x004016da        0xa src/ASF/sam/utils/syscalls/gcc/syscalls.o
                0x004016da                _fstat
 .text._lseek   0x004016e4        0x4 src/ASF/sam/utils/syscalls/gcc/syscalls.o
                0x004016e4                _lseek
 .text.ioport_set_pin_mode
                0x004016e8       0x6e src/main.o
 *fill*         0x00401756        0x2 
 .text.usart_serial_getchar
                0x00401758       0x88 src/main.o
 .text.usart_serial_putchar
                0x004017e0       0x80 src/main.o
 .text.configure_lcd
                0x00401860       0xc0 src/main.o
                0x00401860                configure_lcd
 .text.inicializacao_UART
                0x00401920       0x98 src/main.o
                0x00401920                inicializacao_UART
 .text.configure_adc
                0x004019b8       0x7c src/main.o
                0x004019b8                configure_adc
 .text.configure_pwm
                0x00401a34       0x94 src/main.o
                0x00401a34                configure_pwm
 .text.TC0_Handler
                0x00401ac8       0x84 src/main.o
                0x00401ac8                TC0_Handler
 .text.printAlgo
                0x00401b4c       0x34 src/main.o
                0x00401b4c                printAlgo
 .text.ADC_Handler
                0x00401b80       0x60 src/main.o
                0x00401b80                ADC_Handler
 .text.main     0x00401be0      0x12c src/main.o
                0x00401be0                main
 .text.__libc_init_array
                0x00401d0c       0x50 c:/program files (x86)/atmel/studio/7.0/toolchain/arm/arm-gnu-toolchain/bin/../lib/gcc/arm-none-eabi/6.3.1/../../../../arm-none-eabi/lib/thumb/v7e-m\libc.a(lib_a-init.o)
                0x00401d0c                __libc_init_array
 .text.memset   0x00401d5c       0x9c c:/program files (x86)/atmel/studio/7.0/toolchain/arm/arm-gnu-toolchain/bin/../lib/gcc/arm-none-eabi/6.3.1/../../../../arm-none-eabi/lib/thumb/v7e-m\libc.a(lib_a-memset.o)
                0x00401d5c                memset
 .text.setbuf   0x00401df8       0x10 c:/program files (x86)/atmel/studio/7.0/toolchain/arm/arm-gnu-toolchain/bin/../lib/gcc/arm-none-eabi/6.3.1/../../../../arm-none-eabi/lib/thumb/v7e-m\libc.a(lib_a-setbuf.o)
                0x00401df8                setbuf
 .text.setvbuf  0x00401e08      0x190 c:/program files (x86)/atmel/studio/7.0/toolchain/arm/arm-gnu-toolchain/bin/../lib/gcc/arm-none-eabi/6.3.1/../../../../arm-none-eabi/lib/thumb/v7e-m\libc.a(lib_a-setvbuf.o)
                0x00401e08                setvbuf
 .text.sprintf  0x00401f98       0x4c c:/program files (x86)/atmel/studio/7.0/toolchain/arm/arm-gnu-toolchain/bin/../lib/gcc/arm-none-eabi/6.3.1/../../../../arm-none-eabi/lib/thumb/v7e-m\libc.a(lib_a-sprintf.o)
                0x00401f98                sprintf
 *fill*         0x00401fe4       0x1c 
 .text          0x00402000       0xdc c:/program files (x86)/atmel/studio/7.0/toolchain/arm/arm-gnu-toolchain/bin/../lib/gcc/arm-none-eabi/6.3.1/../../../../arm-none-eabi/lib/thumb/v7e-m\libc.a(lib_a-strlen.o)
                0x00402000                strlen
 .text._svfprintf_r
                0x004020dc     0x145c c:/program files (x86)/atmel/studio/7.0/toolchain/arm/arm-gnu-toolchain/bin/../lib/gcc/arm-none-eabi/6.3.1/../../../../arm-none-eabi/lib/thumb/v7e-m\libc.a(lib_a-svfprintf.o)
                0x004020dc                _svfprintf_r
 .text.startup.register_fini
                0x00403538       0x14 c:/program files (x86)/atmel/studio/7.0/toolchain/arm/arm-gnu-toolchain/bin/../lib/gcc/arm-none-eabi/6.3.1/../../../../arm-none-eabi/lib/thumb/v7e-m\libc.a(lib_a-__call_atexit.o)
 .text.atexit   0x0040354c        0xc c:/program files (x86)/atmel/studio/7.0/toolchain/arm/arm-gnu-toolchain/bin/../lib/gcc/arm-none-eabi/6.3.1/../../../../arm-none-eabi/lib/thumb/v7e-m\libc.a(lib_a-atexit.o)
                0x0040354c                atexit
 .text.quorem   0x00403558      0x128 c:/program files (x86)/atmel/studio/7.0/toolchain/arm/arm-gnu-toolchain/bin/../lib/gcc/arm-none-eabi/6.3.1/../../../../arm-none-eabi/lib/thumb/v7e-m\libc.a(lib_a-dtoa.o)
 .text._dtoa_r  0x00403680      0xe54 c:/program files (x86)/atmel/studio/7.0/toolchain/arm/arm-gnu-toolchain/bin/../lib/gcc/arm-none-eabi/6.3.1/../../../../arm-none-eabi/lib/thumb/v7e-m\libc.a(lib_a-dtoa.o)
                0x00403680                _dtoa_r
 .text.__sflush_r
                0x004044d4      0x140 c:/program files (x86)/atmel/studio/7.0/toolchain/arm/arm-gnu-toolchain/bin/../lib/gcc/arm-none-eabi/6.3.1/../../../../arm-none-eabi/lib/thumb/v7e-m\libc.a(lib_a-fflush.o)
                0x004044d4                __sflush_r
 .text._fflush_r
                0x00404614       0x54 c:/program files (x86)/atmel/studio/7.0/toolchain/arm/arm-gnu-toolchain/bin/../lib/gcc/arm-none-eabi/6.3.1/../../../../arm-none-eabi/lib/thumb/v7e-m\libc.a(lib_a-fflush.o)
                0x00404614                _fflush_r
 .text._cleanup_r
                0x00404668        0xc c:/program files (x86)/atmel/studio/7.0/toolchain/arm/arm-gnu-toolchain/bin/../lib/gcc/arm-none-eabi/6.3.1/../../../../arm-none-eabi/lib/thumb/v7e-m\libc.a(lib_a-findfp.o)
                0x00404668                _cleanup_r
 .text.std.isra.0
                0x00404674       0x50 c:/program files (x86)/atmel/studio/7.0/toolchain/arm/arm-gnu-toolchain/bin/../lib/gcc/arm-none-eabi/6.3.1/../../../../arm-none-eabi/lib/thumb/v7e-m\libc.a(lib_a-findfp.o)
 .text.__sinit  0x004046c4       0x58 c:/program files (x86)/atmel/studio/7.0/toolchain/arm/arm-gnu-toolchain/bin/../lib/gcc/arm-none-eabi/6.3.1/../../../../arm-none-eabi/lib/thumb/v7e-m\libc.a(lib_a-findfp.o)
                0x004046c4                __sinit
 .text.__sfp_lock_acquire
                0x0040471c        0xc c:/program files (x86)/atmel/studio/7.0/toolchain/arm/arm-gnu-toolchain/bin/../lib/gcc/arm-none-eabi/6.3.1/../../../../arm-none-eabi/lib/thumb/v7e-m\libc.a(lib_a-findfp.o)
                0x0040471c                __sfp_lock_acquire
 .text.__sfp_lock_release
                0x00404728        0xc c:/program files (x86)/atmel/studio/7.0/toolchain/arm/arm-gnu-toolchain/bin/../lib/gcc/arm-none-eabi/6.3.1/../../../../arm-none-eabi/lib/thumb/v7e-m\libc.a(lib_a-findfp.o)
                0x00404728                __sfp_lock_release
 .text.__libc_fini_array
                0x00404734       0x34 c:/program files (x86)/atmel/studio/7.0/toolchain/arm/arm-gnu-toolchain/bin/../lib/gcc/arm-none-eabi/6.3.1/../../../../arm-none-eabi/lib/thumb/v7e-m\libc.a(lib_a-fini.o)
                0x00404734                __libc_fini_array
 .text._malloc_trim_r
                0x00404768       0xa0 c:/program files (x86)/atmel/studio/7.0/toolchain/arm/arm-gnu-toolchain/bin/../lib/gcc/arm-none-eabi/6.3.1/../../../../arm-none-eabi/lib/thumb/v7e-m\libc.a(lib_a-freer.o)
                0x00404768                _malloc_trim_r
 .text._free_r  0x00404808      0x1cc c:/program files (x86)/atmel/studio/7.0/toolchain/arm/arm-gnu-toolchain/bin/../lib/gcc/arm-none-eabi/6.3.1/../../../../arm-none-eabi/lib/thumb/v7e-m\libc.a(lib_a-freer.o)
                0x00404808                _free_r
 .text._fwalk_reent
                0x004049d4       0x54 c:/program files (x86)/atmel/studio/7.0/toolchain/arm/arm-gnu-toolchain/bin/../lib/gcc/arm-none-eabi/6.3.1/../../../../arm-none-eabi/lib/thumb/v7e-m\libc.a(lib_a-fwalk.o)
                0x004049d4                _fwalk_reent
 .text._localeconv_r
                0x00404a28       0x1c c:/program files (x86)/atmel/studio/7.0/toolchain/arm/arm-gnu-toolchain/bin/../lib/gcc/arm-none-eabi/6.3.1/../../../../arm-none-eabi/lib/thumb/v7e-m\libc.a(lib_a-localeconv.o)
                0x00404a28                _localeconv_r
 .text.__retarget_lock_init_recursive
                0x00404a44        0x4 c:/program files (x86)/atmel/studio/7.0/toolchain/arm/arm-gnu-toolchain/bin/../lib/gcc/arm-none-eabi/6.3.1/../../../../arm-none-eabi/lib/thumb/v7e-m\libc.a(lib_a-lock.o)
                0x00404a44                __retarget_lock_init_recursive
 .text.__retarget_lock_close_recursive
                0x00404a48        0x4 c:/program files (x86)/atmel/studio/7.0/toolchain/arm/arm-gnu-toolchain/bin/../lib/gcc/arm-none-eabi/6.3.1/../../../../arm-none-eabi/lib/thumb/v7e-m\libc.a(lib_a-lock.o)
                0x00404a48                __retarget_lock_close_recursive
 .text.__retarget_lock_acquire_recursive
                0x00404a4c        0x4 c:/program files (x86)/atmel/studio/7.0/toolchain/arm/arm-gnu-toolchain/bin/../lib/gcc/arm-none-eabi/6.3.1/../../../../arm-none-eabi/lib/thumb/v7e-m\libc.a(lib_a-lock.o)
                0x00404a4c                __retarget_lock_acquire_recursive
 .text.__retarget_lock_release_recursive
                0x00404a50        0x4 c:/program files (x86)/atmel/studio/7.0/toolchain/arm/arm-gnu-toolchain/bin/../lib/gcc/arm-none-eabi/6.3.1/../../../../arm-none-eabi/lib/thumb/v7e-m\libc.a(lib_a-lock.o)
                0x00404a50                __retarget_lock_release_recursive
 .text.__swhatbuf_r
                0x00404a54       0x5c c:/program files (x86)/atmel/studio/7.0/toolchain/arm/arm-gnu-toolchain/bin/../lib/gcc/arm-none-eabi/6.3.1/../../../../arm-none-eabi/lib/thumb/v7e-m\libc.a(lib_a-makebuf.o)
                0x00404a54                __swhatbuf_r
 .text.malloc   0x00404ab0       0x10 c:/program files (x86)/atmel/studio/7.0/toolchain/arm/arm-gnu-toolchain/bin/../lib/gcc/arm-none-eabi/6.3.1/../../../../arm-none-eabi/lib/thumb/v7e-m\libc.a(lib_a-malloc.o)
                0x00404ab0                malloc
 .text._malloc_r
                0x00404ac0      0x560 c:/program files (x86)/atmel/studio/7.0/toolchain/arm/arm-gnu-toolchain/bin/../lib/gcc/arm-none-eabi/6.3.1/../../../../arm-none-eabi/lib/thumb/v7e-m\libc.a(lib_a-mallocr.o)
                0x00404ac0                _malloc_r
 .text.__ascii_mbtowc
                0x00405020       0x2c c:/program files (x86)/atmel/studio/7.0/toolchain/arm/arm-gnu-toolchain/bin/../lib/gcc/arm-none-eabi/6.3.1/../../../../arm-none-eabi/lib/thumb/v7e-m\libc.a(lib_a-mbtowc_r.o)
                0x00405020                __ascii_mbtowc
 *fill*         0x0040504c        0x4 
 .text          0x00405050       0xa0 c:/program files (x86)/atmel/studio/7.0/toolchain/arm/arm-gnu-toolchain/bin/../lib/gcc/arm-none-eabi/6.3.1/../../../../arm-none-eabi/lib/thumb/v7e-m\libc.a(lib_a-memchr.o)
                0x00405050                memchr
 .text          0x004050f0      0x134 c:/program files (x86)/atmel/studio/7.0/toolchain/arm/arm-gnu-toolchain/bin/../lib/gcc/arm-none-eabi/6.3.1/../../../../arm-none-eabi/lib/thumb/v7e-m\libc.a(lib_a-memcpy.o)
                0x004050f0                memcpy
 .text.memmove  0x00405224       0xc8 c:/program files (x86)/atmel/studio/7.0/toolchain/arm/arm-gnu-toolchain/bin/../lib/gcc/arm-none-eabi/6.3.1/../../../../arm-none-eabi/lib/thumb/v7e-m\libc.a(lib_a-memmove.o)
                0x00405224                memmove
 .text.__malloc_lock
                0x004052ec        0xc c:/program files (x86)/atmel/studio/7.0/toolchain/arm/arm-gnu-toolchain/bin/../lib/gcc/arm-none-eabi/6.3.1/../../../../arm-none-eabi/lib/thumb/v7e-m\libc.a(lib_a-mlock.o)
                0x004052ec                __malloc_lock
 .text.__malloc_unlock
                0x004052f8        0xc c:/program files (x86)/atmel/studio/7.0/toolchain/arm/arm-gnu-toolchain/bin/../lib/gcc/arm-none-eabi/6.3.1/../../../../arm-none-eabi/lib/thumb/v7e-m\libc.a(lib_a-mlock.o)
                0x004052f8                __malloc_unlock
 .text._Balloc  0x00405304       0x4c c:/program files (x86)/atmel/studio/7.0/toolchain/arm/arm-gnu-toolchain/bin/../lib/gcc/arm-none-eabi/6.3.1/../../../../arm-none-eabi/lib/thumb/v7e-m\libc.a(lib_a-mprec.o)
                0x00405304                _Balloc
 .text._Bfree   0x00405350       0x14 c:/program files (x86)/atmel/studio/7.0/toolchain/arm/arm-gnu-toolchain/bin/../lib/gcc/arm-none-eabi/6.3.1/../../../../arm-none-eabi/lib/thumb/v7e-m\libc.a(lib_a-mprec.o)
                0x00405350                _Bfree
 .text.__multadd
                0x00405364       0x80 c:/program files (x86)/atmel/studio/7.0/toolchain/arm/arm-gnu-toolchain/bin/../lib/gcc/arm-none-eabi/6.3.1/../../../../arm-none-eabi/lib/thumb/v7e-m\libc.a(lib_a-mprec.o)
                0x00405364                __multadd
 .text.__hi0bits
                0x004053e4       0x40 c:/program files (x86)/atmel/studio/7.0/toolchain/arm/arm-gnu-toolchain/bin/../lib/gcc/arm-none-eabi/6.3.1/../../../../arm-none-eabi/lib/thumb/v7e-m\libc.a(lib_a-mprec.o)
                0x004053e4                __hi0bits
 .text.__lo0bits
                0x00405424       0x60 c:/program files (x86)/atmel/studio/7.0/toolchain/arm/arm-gnu-toolchain/bin/../lib/gcc/arm-none-eabi/6.3.1/../../../../arm-none-eabi/lib/thumb/v7e-m\libc.a(lib_a-mprec.o)
                0x00405424                __lo0bits
 .text.__i2b    0x00405484       0x14 c:/program files (x86)/atmel/studio/7.0/toolchain/arm/arm-gnu-toolchain/bin/../lib/gcc/arm-none-eabi/6.3.1/../../../../arm-none-eabi/lib/thumb/v7e-m\libc.a(lib_a-mprec.o)
                0x00405484                __i2b
 .text.__multiply
                0x00405498      0x124 c:/program files (x86)/atmel/studio/7.0/toolchain/arm/arm-gnu-toolchain/bin/../lib/gcc/arm-none-eabi/6.3.1/../../../../arm-none-eabi/lib/thumb/v7e-m\libc.a(lib_a-mprec.o)
                0x00405498                __multiply
 .text.__pow5mult
                0x004055bc       0xa0 c:/program files (x86)/atmel/studio/7.0/toolchain/arm/arm-gnu-toolchain/bin/../lib/gcc/arm-none-eabi/6.3.1/../../../../arm-none-eabi/lib/thumb/v7e-m\libc.a(lib_a-mprec.o)
                0x004055bc                __pow5mult
 .text.__lshift
                0x0040565c       0xa4 c:/program files (x86)/atmel/studio/7.0/toolchain/arm/arm-gnu-toolchain/bin/../lib/gcc/arm-none-eabi/6.3.1/../../../../arm-none-eabi/lib/thumb/v7e-m\libc.a(lib_a-mprec.o)
                0x0040565c                __lshift
 .text.__mcmp   0x00405700       0x38 c:/program files (x86)/atmel/studio/7.0/toolchain/arm/arm-gnu-toolchain/bin/../lib/gcc/arm-none-eabi/6.3.1/../../../../arm-none-eabi/lib/thumb/v7e-m\libc.a(lib_a-mprec.o)
                0x00405700                __mcmp
 .text.__mdiff  0x00405738      0x108 c:/program files (x86)/atmel/studio/7.0/toolchain/arm/arm-gnu-toolchain/bin/../lib/gcc/arm-none-eabi/6.3.1/../../../../arm-none-eabi/lib/thumb/v7e-m\libc.a(lib_a-mprec.o)
                0x00405738                __mdiff
 .text.__d2b    0x00405840       0xb8 c:/program files (x86)/atmel/studio/7.0/toolchain/arm/arm-gnu-toolchain/bin/../lib/gcc/arm-none-eabi/6.3.1/../../../../arm-none-eabi/lib/thumb/v7e-m\libc.a(lib_a-mprec.o)
                0x00405840                __d2b
 .text._realloc_r
                0x004058f8      0x34c c:/program files (x86)/atmel/studio/7.0/toolchain/arm/arm-gnu-toolchain/bin/../lib/gcc/arm-none-eabi/6.3.1/../../../../arm-none-eabi/lib/thumb/v7e-m\libc.a(lib_a-reallocr.o)
                0x004058f8                _realloc_r
 .text._sbrk_r  0x00405c44       0x24 c:/program files (x86)/atmel/studio/7.0/toolchain/arm/arm-gnu-toolchain/bin/../lib/gcc/arm-none-eabi/6.3.1/../../../../arm-none-eabi/lib/thumb/v7e-m\libc.a(lib_a-sbrkr.o)
                0x00405c44                _sbrk_r
 .text.__sread  0x00405c68       0x24 c:/program files (x86)/atmel/studio/7.0/toolchain/arm/arm-gnu-toolchain/bin/../lib/gcc/arm-none-eabi/6.3.1/../../../../arm-none-eabi/lib/thumb/v7e-m\libc.a(lib_a-stdio.o)
                0x00405c68                __sread
 .text.__swrite
                0x00405c8c       0x3c c:/program files (x86)/atmel/studio/7.0/toolchain/arm/arm-gnu-toolchain/bin/../lib/gcc/arm-none-eabi/6.3.1/../../../../arm-none-eabi/lib/thumb/v7e-m\libc.a(lib_a-stdio.o)
                0x00405c8c                __swrite
 .text.__sseek  0x00405cc8       0x20 c:/program files (x86)/atmel/studio/7.0/toolchain/arm/arm-gnu-toolchain/bin/../lib/gcc/arm-none-eabi/6.3.1/../../../../arm-none-eabi/lib/thumb/v7e-m\libc.a(lib_a-stdio.o)
                0x00405cc8                __sseek
 .text.__sclose
                0x00405ce8        0x8 c:/program files (x86)/atmel/studio/7.0/toolchain/arm/arm-gnu-toolchain/bin/../lib/gcc/arm-none-eabi/6.3.1/../../../../arm-none-eabi/lib/thumb/v7e-m\libc.a(lib_a-stdio.o)
                0x00405ce8                __sclose
 .text.__ssprint_r
                0x00405cf0       0xfc c:/program files (x86)/atmel/studio/7.0/toolchain/arm/arm-gnu-toolchain/bin/../lib/gcc/arm-none-eabi/6.3.1/../../../../arm-none-eabi/lib/thumb/v7e-m\libc.a(lib_a-svfiprintf.o)
                0x00405cf0                __ssprint_r
 .text.__ascii_wctomb
                0x00405dec       0x1c c:/program files (x86)/atmel/studio/7.0/toolchain/arm/arm-gnu-toolchain/bin/../lib/gcc/arm-none-eabi/6.3.1/../../../../arm-none-eabi/lib/thumb/v7e-m\libc.a(lib_a-wctomb_r.o)
                0x00405dec                __ascii_wctomb
 .text._write_r
                0x00405e08       0x2c c:/program files (x86)/atmel/studio/7.0/toolchain/arm/arm-gnu-toolchain/bin/../lib/gcc/arm-none-eabi/6.3.1/../../../../arm-none-eabi/lib/thumb/v7e-m\libc.a(lib_a-writer.o)
                0x00405e08                _write_r
 .text.__register_exitproc
                0x00405e34       0xc4 c:/program files (x86)/atmel/studio/7.0/toolchain/arm/arm-gnu-toolchain/bin/../lib/gcc/arm-none-eabi/6.3.1/../../../../arm-none-eabi/lib/thumb/v7e-m\libc.a(lib_a-__atexit.o)
                0x00405e34                __register_exitproc
 .text._calloc_r
                0x00405ef8       0x60 c:/program files (x86)/atmel/studio/7.0/toolchain/arm/arm-gnu-toolchain/bin/../lib/gcc/arm-none-eabi/6.3.1/../../../../arm-none-eabi/lib/thumb/v7e-m\libc.a(lib_a-callocr.o)
                0x00405ef8                _calloc_r
 .text._close_r
                0x00405f58       0x24 c:/program files (x86)/atmel/studio/7.0/toolchain/arm/arm-gnu-toolchain/bin/../lib/gcc/arm-none-eabi/6.3.1/../../../../arm-none-eabi/lib/thumb/v7e-m\libc.a(lib_a-closer.o)
                0x00405f58                _close_r
 .text._fclose_r
                0x00405f7c       0xc4 c:/program files (x86)/atmel/studio/7.0/toolchain/arm/arm-gnu-toolchain/bin/../lib/gcc/arm-none-eabi/6.3.1/../../../../arm-none-eabi/lib/thumb/v7e-m\libc.a(lib_a-fclose.o)
                0x00405f7c                _fclose_r
 .text._fstat_r
                0x00406040       0x28 c:/program files (x86)/atmel/studio/7.0/toolchain/arm/arm-gnu-toolchain/bin/../lib/gcc/arm-none-eabi/6.3.1/../../../../arm-none-eabi/lib/thumb/v7e-m\libc.a(lib_a-fstatr.o)
                0x00406040                _fstat_r
 .text._lseek_r
                0x00406068       0x2c c:/program files (x86)/atmel/studio/7.0/toolchain/arm/arm-gnu-toolchain/bin/../lib/gcc/arm-none-eabi/6.3.1/../../../../arm-none-eabi/lib/thumb/v7e-m\libc.a(lib_a-lseekr.o)
                0x00406068                _lseek_r
 .text._read_r  0x00406094       0x2c c:/program files (x86)/atmel/studio/7.0/toolchain/arm/arm-gnu-toolchain/bin/../lib/gcc/arm-none-eabi/6.3.1/../../../../arm-none-eabi/lib/thumb/v7e-m\libc.a(lib_a-readr.o)
                0x00406094                _read_r
 .text          0x004060c0      0x370 c:/program files (x86)/atmel/studio/7.0/toolchain/arm/arm-gnu-toolchain/bin/../lib/gcc/arm-none-eabi/6.3.1/thumb/v7e-m\libgcc.a(_arm_addsubdf3.o)
                0x004060c0                __aeabi_drsub
                0x004060c8                __aeabi_dsub
                0x004060c8                __subdf3
                0x004060cc                __aeabi_dadd
                0x004060cc                __adddf3
                0x00406344                __floatunsidf
                0x00406344                __aeabi_ui2d
                0x00406364                __floatsidf
                0x00406364                __aeabi_i2d
                0x00406388                __aeabi_f2d
                0x00406388                __extendsfdf2
                0x004063c4                __floatundidf
                0x004063c4                __aeabi_ul2d
                0x004063d4                __floatdidf
                0x004063d4                __aeabi_l2d
 .text          0x00406430      0x424 c:/program files (x86)/atmel/studio/7.0/toolchain/arm/arm-gnu-toolchain/bin/../lib/gcc/arm-none-eabi/6.3.1/thumb/v7e-m\libgcc.a(_arm_muldivdf3.o)
                0x00406430                __aeabi_dmul
                0x00406430                __muldf3
                0x00406684                __divdf3
                0x00406684                __aeabi_ddiv
 .text          0x00406854      0x110 c:/program files (x86)/atmel/studio/7.0/toolchain/arm/arm-gnu-toolchain/bin/../lib/gcc/arm-none-eabi/6.3.1/thumb/v7e-m\libgcc.a(_arm_cmpdf2.o)
                0x00406854                __gtdf2
                0x00406854                __gedf2
                0x0040685c                __ltdf2
                0x0040685c                __ledf2
                0x00406864                __nedf2
                0x00406864                __eqdf2
                0x00406864                __cmpdf2
                0x004068e0                __aeabi_cdrcmple
                0x004068f0                __aeabi_cdcmpeq
                0x004068f0                __aeabi_cdcmple
                0x00406900                __aeabi_dcmpeq
                0x00406914                __aeabi_dcmplt
                0x00406928                __aeabi_dcmple
                0x0040693c                __aeabi_dcmpge
                0x00406950                __aeabi_dcmpgt
 .text          0x00406964       0x2c c:/program files (x86)/atmel/studio/7.0/toolchain/arm/arm-gnu-toolchain/bin/../lib/gcc/arm-none-eabi/6.3.1/thumb/v7e-m\libgcc.a(_arm_unorddf2.o)
                0x00406964                __unorddf2
                0x00406964                __aeabi_dcmpun
 .text          0x00406990       0x50 c:/program files (x86)/atmel/studio/7.0/toolchain/arm/arm-gnu-toolchain/bin/../lib/gcc/arm-none-eabi/6.3.1/thumb/v7e-m\libgcc.a(_arm_fixdfsi.o)
                0x00406990                __aeabi_d2iz
                0x00406990                __fixdfsi
 .text          0x004069e0       0x30 c:/program files (x86)/atmel/studio/7.0/toolchain/arm/arm-gnu-toolchain/bin/../lib/gcc/arm-none-eabi/6.3.1/thumb/v7e-m\libgcc.a(_aeabi_uldivmod.o)
                0x004069e0                __aeabi_uldivmod
 .text          0x00406a10      0x2dc c:/program files (x86)/atmel/studio/7.0/toolchain/arm/arm-gnu-toolchain/bin/../lib/gcc/arm-none-eabi/6.3.1/thumb/v7e-m\libgcc.a(_udivmoddi4.o)
                0x00406a10                __udivmoddi4
 .text          0x00406cec        0x4 c:/program files (x86)/atmel/studio/7.0/toolchain/arm/arm-gnu-toolchain/bin/../lib/gcc/arm-none-eabi/6.3.1/thumb/v7e-m\libgcc.a(_dvmd_tls.o)
                0x00406cec                __aeabi_idiv0
                0x00406cec                __aeabi_ldiv0
 *(.glue_7t)
 .glue_7t       0x00406cf0        0x0 linker stubs
 *(.glue_7)
 .glue_7        0x00406cf0        0x0 linker stubs
 *(.rodata .rodata* .gnu.linkonce.r.*)
 .rodata        0x00406cf0       0x2c src/ASF/sam/drivers/pwm/pwm.o
 .rodata.p_uc_charset10x14
                0x00406d1c      0x780 src/ASF/sam/components/display/ili93xx/ili93xx.o
                0x00406d1c                p_uc_charset10x14
 .rodata.ADC_Handler.str1.4
                0x0040749c        0x3 src/main.o
 *fill*         0x0040749f        0x1 
 .rodata._global_impure_ptr
                0x004074a0        0x4 c:/program files (x86)/atmel/studio/7.0/toolchain/arm/arm-gnu-toolchain/bin/../lib/gcc/arm-none-eabi/6.3.1/../../../../arm-none-eabi/lib/thumb/v7e-m\libc.a(lib_a-impure.o)
                0x004074a0                _global_impure_ptr
 .rodata._svfprintf_r.str1.4
                0x004074a4       0x42 c:/program files (x86)/atmel/studio/7.0/toolchain/arm/arm-gnu-toolchain/bin/../lib/gcc/arm-none-eabi/6.3.1/../../../../arm-none-eabi/lib/thumb/v7e-m\libc.a(lib_a-svfprintf.o)
 *fill*         0x004074e6        0x2 
 .rodata.blanks.7223
                0x004074e8       0x10 c:/program files (x86)/atmel/studio/7.0/toolchain/arm/arm-gnu-toolchain/bin/../lib/gcc/arm-none-eabi/6.3.1/../../../../arm-none-eabi/lib/thumb/v7e-m\libc.a(lib_a-svfprintf.o)
 .rodata.zeroes.7224
                0x004074f8       0x10 c:/program files (x86)/atmel/studio/7.0/toolchain/arm/arm-gnu-toolchain/bin/../lib/gcc/arm-none-eabi/6.3.1/../../../../arm-none-eabi/lib/thumb/v7e-m\libc.a(lib_a-svfprintf.o)
 .rodata._dtoa_r.str1.4
                0x00407508       0x10 c:/program files (x86)/atmel/studio/7.0/toolchain/arm/arm-gnu-toolchain/bin/../lib/gcc/arm-none-eabi/6.3.1/../../../../arm-none-eabi/lib/thumb/v7e-m\libc.a(lib_a-dtoa.o)
                                 0x12 (size before relaxing)
 .rodata._setlocale_r.str1.4
                0x00407518        0xa c:/program files (x86)/atmel/studio/7.0/toolchain/arm/arm-gnu-toolchain/bin/../lib/gcc/arm-none-eabi/6.3.1/../../../../arm-none-eabi/lib/thumb/v7e-m\libc.a(lib_a-locale.o)
                                  0xd (size before relaxing)
 *fill*         0x00407522        0x2 
 .rodata.str1.4
                0x00407524        0x4 c:/program files (x86)/atmel/studio/7.0/toolchain/arm/arm-gnu-toolchain/bin/../lib/gcc/arm-none-eabi/6.3.1/../../../../arm-none-eabi/lib/thumb/v7e-m\libc.a(lib_a-locale.o)
                                  0x2 (size before relaxing)
 .rodata.__mprec_bigtens
                0x00407528       0x28 c:/program files (x86)/atmel/studio/7.0/toolchain/arm/arm-gnu-toolchain/bin/../lib/gcc/arm-none-eabi/6.3.1/../../../../arm-none-eabi/lib/thumb/v7e-m\libc.a(lib_a-mprec.o)
                0x00407528                __mprec_bigtens
 .rodata.__mprec_tens
                0x00407550       0xc8 c:/program files (x86)/atmel/studio/7.0/toolchain/arm/arm-gnu-toolchain/bin/../lib/gcc/arm-none-eabi/6.3.1/../../../../arm-none-eabi/lib/thumb/v7e-m\libc.a(lib_a-mprec.o)
                0x00407550                __mprec_tens
 .rodata.p05.6055
                0x00407618        0xc c:/program files (x86)/atmel/studio/7.0/toolchain/arm/arm-gnu-toolchain/bin/../lib/gcc/arm-none-eabi/6.3.1/../../../../arm-none-eabi/lib/thumb/v7e-m\libc.a(lib_a-mprec.o)
 .rodata._ctype_
                0x00407624      0x101 c:/program files (x86)/atmel/studio/7.0/toolchain/arm/arm-gnu-toolchain/bin/../lib/gcc/arm-none-eabi/6.3.1/../../../../arm-none-eabi/lib/thumb/v7e-m\libc.a(lib_a-ctype_.o)
                0x00407624                _ctype_
 *(.ARM.extab* .gnu.linkonce.armextab.*)
                0x00407728                . = ALIGN (0x4)
 *fill*         0x00407725        0x3 
 *(.init)
 .init          0x00407728        0x4 c:/program files (x86)/atmel/studio/7.0/toolchain/arm/arm-gnu-toolchain/bin/../lib/gcc/arm-none-eabi/6.3.1/thumb/v7e-m/crti.o
                0x00407728                _init
 .init          0x0040772c        0x8 c:/program files (x86)/atmel/studio/7.0/toolchain/arm/arm-gnu-toolchain/bin/../lib/gcc/arm-none-eabi/6.3.1/thumb/v7e-m/crtn.o
                0x00407734                . = ALIGN (0x4)
                0x00407734                __preinit_array_start = .
 *(.preinit_array)
                0x00407734                __preinit_array_end = .
                0x00407734                . = ALIGN (0x4)
                0x00407734                __init_array_start = .
 *(SORT(.init_array.*))
 .init_array.00000
                0x00407734        0x4 c:/program files (x86)/atmel/studio/7.0/toolchain/arm/arm-gnu-toolchain/bin/../lib/gcc/arm-none-eabi/6.3.1/../../../../arm-none-eabi/lib/thumb/v7e-m\libc.a(lib_a-__call_atexit.o)
 *(.init_array)
 .init_array    0x00407738        0x4 c:/program files (x86)/atmel/studio/7.0/toolchain/arm/arm-gnu-toolchain/bin/../lib/gcc/arm-none-eabi/6.3.1/thumb/v7e-m/crtbegin.o
                0x0040773c                __init_array_end = .
                0x0040773c                . = ALIGN (0x4)
 *crtbegin.o(.ctors)
 *(EXCLUDE_FILE(*crtend.o) .ctors)
 *(SORT(.ctors.*))
 *crtend.o(.ctors)
                0x0040773c                . = ALIGN (0x4)
 *(.fini)
 .fini          0x0040773c        0x4 c:/program files (x86)/atmel/studio/7.0/toolchain/arm/arm-gnu-toolchain/bin/../lib/gcc/arm-none-eabi/6.3.1/thumb/v7e-m/crti.o
                0x0040773c                _fini
 .fini          0x00407740        0x8 c:/program files (x86)/atmel/studio/7.0/toolchain/arm/arm-gnu-toolchain/bin/../lib/gcc/arm-none-eabi/6.3.1/thumb/v7e-m/crtn.o
                0x00407748                . = ALIGN (0x4)
                0x00407748                __fini_array_start = .
 *(.fini_array)
 .fini_array    0x00407748        0x4 c:/program files (x86)/atmel/studio/7.0/toolchain/arm/arm-gnu-toolchain/bin/../lib/gcc/arm-none-eabi/6.3.1/thumb/v7e-m/crtbegin.o
 *(SORT(.fini_array.*))
                0x0040774c                __fini_array_end = .
 *crtbegin.o(.dtors)
 *(EXCLUDE_FILE(*crtend.o) .dtors)
 *(SORT(.dtors.*))
 *crtend.o(.dtors)
                0x0040774c                . = ALIGN (0x4)
                0x0040774c                _efixed = .
                [!provide]                PROVIDE (__exidx_start, .)

.vfp11_veneer   0x0040774c        0x0
 .vfp11_veneer  0x0040774c        0x0 linker stubs

.v4_bx          0x0040774c        0x0
 .v4_bx         0x0040774c        0x0 linker stubs

.iplt           0x0040774c        0x0
 .iplt          0x0040774c        0x0 c:/program files (x86)/atmel/studio/7.0/toolchain/arm/arm-gnu-toolchain/bin/../lib/gcc/arm-none-eabi/6.3.1/thumb/v7e-m/crtbegin.o

.ARM.exidx      0x0040774c        0x8
 *(.ARM.exidx* .gnu.linkonce.armexidx.*)
 .ARM.exidx     0x0040774c        0x8 c:/program files (x86)/atmel/studio/7.0/toolchain/arm/arm-gnu-toolchain/bin/../lib/gcc/arm-none-eabi/6.3.1/thumb/v7e-m\libgcc.a(_udivmoddi4.o)
                [!provide]                PROVIDE (__exidx_end, .)

.eh_frame       0x00407754        0x0
 .eh_frame      0x00407754        0x0 c:/program files (x86)/atmel/studio/7.0/toolchain/arm/arm-gnu-toolchain/bin/../lib/gcc/arm-none-eabi/6.3.1/thumb/v7e-m/crtbegin.o

.rel.dyn        0x00407754        0x0
 .rel.iplt      0x00407754        0x0 c:/program files (x86)/atmel/studio/7.0/toolchain/arm/arm-gnu-toolchain/bin/../lib/gcc/arm-none-eabi/6.3.1/thumb/v7e-m/crtbegin.o

.jcr            0x00407754        0x0
 .jcr           0x00407754        0x0 c:/program files (x86)/atmel/studio/7.0/toolchain/arm/arm-gnu-toolchain/bin/../lib/gcc/arm-none-eabi/6.3.1/thumb/v7e-m/crtbegin.o

.igot.plt       0x00407754        0x0
 .igot.plt      0x00407754        0x0 c:/program files (x86)/atmel/studio/7.0/toolchain/arm/arm-gnu-toolchain/bin/../lib/gcc/arm-none-eabi/6.3.1/thumb/v7e-m/crtbegin.o
                0x00407754                . = ALIGN (0x4)
                0x00407754                _etext = .

.relocate       0x20000000      0x9c8 load address 0x00407754
                0x20000000                . = ALIGN (0x4)
                0x20000000                _srelocate = .
 *(.ramfunc .ramfunc.*)
 *(.data .data.*)
 .data.g_ul_lcd_x_length
                0x20000000        0x4 src/ASF/sam/components/display/ili93xx/ili93xx.o
 .data.g_ul_lcd_y_length
                0x20000004        0x4 src/ASF/sam/components/display/ili93xx/ili93xx.o
 .data.SystemCoreClock
                0x20000008        0x4 src/ASF/sam/utils/cmsis/sam4s/source/templates/system_sam4s.o
                0x20000008                SystemCoreClock
 .data.usart_options.8975
                0x2000000c       0x10 src/main.o
 .data._impure_ptr
                0x2000001c        0x4 c:/program files (x86)/atmel/studio/7.0/toolchain/arm/arm-gnu-toolchain/bin/../lib/gcc/arm-none-eabi/6.3.1/../../../../arm-none-eabi/lib/thumb/v7e-m\libc.a(lib_a-impure.o)
                0x2000001c                _impure_ptr
 .data.impure_data
                0x20000020      0x428 c:/program files (x86)/atmel/studio/7.0/toolchain/arm/arm-gnu-toolchain/bin/../lib/gcc/arm-none-eabi/6.3.1/../../../../arm-none-eabi/lib/thumb/v7e-m\libc.a(lib_a-impure.o)
 .data.__atexit_recursive_mutex
                0x20000448        0x4 c:/program files (x86)/atmel/studio/7.0/toolchain/arm/arm-gnu-toolchain/bin/../lib/gcc/arm-none-eabi/6.3.1/../../../../arm-none-eabi/lib/thumb/v7e-m\libc.a(lib_a-__call_atexit.o)
                0x20000448                __atexit_recursive_mutex
 .data.__global_locale
                0x2000044c      0x16c c:/program files (x86)/atmel/studio/7.0/toolchain/arm/arm-gnu-toolchain/bin/../lib/gcc/arm-none-eabi/6.3.1/../../../../arm-none-eabi/lib/thumb/v7e-m\libc.a(lib_a-locale.o)
                0x2000044c                __global_locale
 .data.__malloc_av_
                0x200005b8      0x408 c:/program files (x86)/atmel/studio/7.0/toolchain/arm/arm-gnu-toolchain/bin/../lib/gcc/arm-none-eabi/6.3.1/../../../../arm-none-eabi/lib/thumb/v7e-m\libc.a(lib_a-mallocr.o)
                0x200005b8                __malloc_av_
 .data.__malloc_sbrk_base
                0x200009c0        0x4 c:/program files (x86)/atmel/studio/7.0/toolchain/arm/arm-gnu-toolchain/bin/../lib/gcc/arm-none-eabi/6.3.1/../../../../arm-none-eabi/lib/thumb/v7e-m\libc.a(lib_a-mallocr.o)
                0x200009c0                __malloc_sbrk_base
 .data.__malloc_trim_threshold
                0x200009c4        0x4 c:/program files (x86)/atmel/studio/7.0/toolchain/arm/arm-gnu-toolchain/bin/../lib/gcc/arm-none-eabi/6.3.1/../../../../arm-none-eabi/lib/thumb/v7e-m\libc.a(lib_a-mallocr.o)
                0x200009c4                __malloc_trim_threshold
                0x200009c8                . = ALIGN (0x4)
                0x200009c8                _erelocate = .

.bss            0x200009c8      0x4fc load address 0x0040811c
                0x200009c8                . = ALIGN (0x4)
                0x200009c8                _sbss = .
                0x200009c8                _szero = .
 *(.bss .bss.*)
 .bss           0x200009c8       0x1c c:/program files (x86)/atmel/studio/7.0/toolchain/arm/arm-gnu-toolchain/bin/../lib/gcc/arm-none-eabi/6.3.1/thumb/v7e-m/crtbegin.o
 .bss.g_uc_device_type
                0x200009e4        0x1 src/ASF/sam/components/display/ili93xx/ili93xx.o
 *fill*         0x200009e5        0x3 
 .bss.g_ul_pixel_cache
                0x200009e8      0x3c0 src/ASF/sam/components/display/ili93xx/ili93xx.o
 .bss.gs_interrupt_sources
                0x20000da8       0x70 src/ASF/sam/drivers/pio/pio_handler.o
 .bss.pio_capture_handler
                0x20000e18        0x4 src/ASF/sam/drivers/pio/pio_handler.o
 .bss.heap.5297
                0x20000e1c        0x4 src/ASF/sam/utils/syscalls/gcc/syscalls.o
 .bss.__malloc_current_mallinfo
                0x20000e20       0x28 c:/program files (x86)/atmel/studio/7.0/toolchain/arm/arm-gnu-toolchain/bin/../lib/gcc/arm-none-eabi/6.3.1/../../../../arm-none-eabi/lib/thumb/v7e-m\libc.a(lib_a-mallocr.o)
                0x20000e20                __malloc_current_mallinfo
 .bss.__malloc_max_sbrked_mem
                0x20000e48        0x4 c:/program files (x86)/atmel/studio/7.0/toolchain/arm/arm-gnu-toolchain/bin/../lib/gcc/arm-none-eabi/6.3.1/../../../../arm-none-eabi/lib/thumb/v7e-m\libc.a(lib_a-mallocr.o)
                0x20000e48                __malloc_max_sbrked_mem
 .bss.__malloc_max_total_mem
                0x20000e4c        0x4 c:/program files (x86)/atmel/studio/7.0/toolchain/arm/arm-gnu-toolchain/bin/../lib/gcc/arm-none-eabi/6.3.1/../../../../arm-none-eabi/lib/thumb/v7e-m\libc.a(lib_a-mallocr.o)
                0x20000e4c                __malloc_max_total_mem
 .bss.__malloc_top_pad
                0x20000e50        0x4 c:/program files (x86)/atmel/studio/7.0/toolchain/arm/arm-gnu-toolchain/bin/../lib/gcc/arm-none-eabi/6.3.1/../../../../arm-none-eabi/lib/thumb/v7e-m\libc.a(lib_a-mallocr.o)
                0x20000e50                __malloc_top_pad
 *(COMMON)
 COMMON         0x20000e54        0x4 src/ASF/common/utils/stdio/read.o
                0x20000e54                ptr_get
 COMMON         0x20000e58        0x8 src/ASF/common/utils/stdio/write.o
                0x20000e58                ptr_put
                0x20000e5c                stdio_base
 COMMON         0x20000e60        0x4 src/ASF/sam/drivers/pio/pio.o
                0x20000e60                pio_capture_enable_flag
 COMMON         0x20000e64       0x38 src/main.o
                0x20000e64                pwmChannel0
                0x20000e8c                g_ili93xx_display_opt
 COMMON         0x20000e9c       0x21 c:/program files (x86)/atmel/studio/7.0/toolchain/arm/arm-gnu-toolchain/bin/../lib/gcc/arm-none-eabi/6.3.1/../../../../arm-none-eabi/lib/thumb/v7e-m\libc.a(lib_a-lock.o)
                0x20000e9c                __lock___atexit_recursive_mutex
                0x20000ea0                __lock___arc4random_mutex
                0x20000ea4                __lock___env_recursive_mutex
                0x20000ea8                __lock___sinit_recursive_mutex
                0x20000eac                __lock___malloc_recursive_mutex
                0x20000eb0                __lock___at_quick_exit_mutex
                0x20000eb4                __lock___dd_hash_mutex
                0x20000eb8                __lock___tz_mutex
                0x20000ebc                __lock___sfp_recursive_mutex
 *fill*         0x20000ebd        0x3 
 COMMON         0x20000ec0        0x4 c:/program files (x86)/atmel/studio/7.0/toolchain/arm/arm-gnu-toolchain/bin/../lib/gcc/arm-none-eabi/6.3.1/../../../../arm-none-eabi/lib/thumb/v7e-m\libc.a(lib_a-reent.o)
                0x20000ec0                errno
                0x20000ec4                . = ALIGN (0x4)
                0x20000ec4                _ebss = .
                0x20000ec4                _ezero = .

.stack          0x20000ec4     0x3004 load address 0x00408618
                0x20000ec8                . = ALIGN (0x8)
 *fill*         0x20000ec4        0x4 
                0x20000ec8                _sstack = .
                0x20003ec8                . = (. + __stack_size__)
 *fill*         0x20000ec8     0x3000 
                0x20003ec8                . = ALIGN (0x8)
                0x20003ec8                _estack = .
                0x20003ec8                . = ALIGN (0x4)
                0x20003ec8                _end = .
OUTPUT(estufa.elf elf32-littlearm)

.ARM.attributes
                0x00000000       0x2a
 .ARM.attributes
                0x00000000       0x1e c:/program files (x86)/atmel/studio/7.0/toolchain/arm/arm-gnu-toolchain/bin/../lib/gcc/arm-none-eabi/6.3.1/thumb/v7e-m/crti.o
 .ARM.attributes
                0x0000001e       0x2e c:/program files (x86)/atmel/studio/7.0/toolchain/arm/arm-gnu-toolchain/bin/../lib/gcc/arm-none-eabi/6.3.1/thumb/v7e-m/crtbegin.o
 .ARM.attributes
                0x0000004c       0x33 src/ASF/common/utils/stdio/read.o
 .ARM.attributes
                0x0000007f       0x33 src/ASF/common/utils/stdio/write.o
 .ARM.attributes
                0x000000b2       0x33 src/ASF/sam/drivers/adc/adc.o
 .ARM.attributes
                0x000000e5       0x33 src/ASF/sam/drivers/pwm/pwm.o
 .ARM.attributes
                0x00000118       0x33 src/ASF/sam/drivers/tc/tc.o
 .ARM.attributes
                0x0000014b       0x33 src/ASF/sam/drivers/usart/usart.o
 .ARM.attributes
                0x0000017e       0x33 src/ASF/sam/drivers/ebi/smc/smc.o
 .ARM.attributes
                0x000001b1       0x33 src/ASF/sam/drivers/uart/uart.o
 .ARM.attributes
                0x000001e4       0x33 src/ASF/sam/components/display/ili93xx/ili93xx.o
 .ARM.attributes
                0x00000217       0x33 src/ASF/sam/components/display/aat31xx/aat31xx.o
 .ARM.attributes
                0x0000024a       0x33 src/ASF/common/services/clock/sam4s/sysclk.o
 .ARM.attributes
                0x0000027d       0x33 src/ASF/sam/boards/sam4s_ek2/init.o
 .ARM.attributes
                0x000002b0       0x33 src/ASF/sam/drivers/pio/pio.o
 .ARM.attributes
                0x000002e3       0x33 src/ASF/sam/drivers/pio/pio_handler.o
 .ARM.attributes
                0x00000316       0x33 src/ASF/sam/drivers/pmc/pmc.o
 .ARM.attributes
                0x00000349       0x33 src/ASF/sam/drivers/wdt/wdt.o
 .ARM.attributes
                0x0000037c       0x33 src/ASF/sam/utils/cmsis/sam4s/source/templates/gcc/startup_sam4s.o
 .ARM.attributes
                0x000003af       0x33 src/ASF/sam/utils/cmsis/sam4s/source/templates/system_sam4s.o
 .ARM.attributes
                0x000003e2       0x33 src/ASF/sam/utils/syscalls/gcc/syscalls.o
 .ARM.attributes
                0x00000415       0x33 src/main.o
 .ARM.attributes
                0x00000448       0x2e c:/program files (x86)/atmel/studio/7.0/toolchain/arm/arm-gnu-toolchain/bin/../lib/gcc/arm-none-eabi/6.3.1/../../../../arm-none-eabi/lib/thumb/v7e-m\libc.a(lib_a-impure.o)
 .ARM.attributes
                0x00000476       0x2e c:/program files (x86)/atmel/studio/7.0/toolchain/arm/arm-gnu-toolchain/bin/../lib/gcc/arm-none-eabi/6.3.1/../../../../arm-none-eabi/lib/thumb/v7e-m\libc.a(lib_a-init.o)
 .ARM.attributes
                0x000004a4       0x2e c:/program files (x86)/atmel/studio/7.0/toolchain/arm/arm-gnu-toolchain/bin/../lib/gcc/arm-none-eabi/6.3.1/../../../../arm-none-eabi/lib/thumb/v7e-m\libc.a(lib_a-memset.o)
 .ARM.attributes
                0x000004d2       0x2e c:/program files (x86)/atmel/studio/7.0/toolchain/arm/arm-gnu-toolchain/bin/../lib/gcc/arm-none-eabi/6.3.1/../../../../arm-none-eabi/lib/thumb/v7e-m\libc.a(lib_a-setbuf.o)
 .ARM.attributes
                0x00000500       0x2e c:/program files (x86)/atmel/studio/7.0/toolchain/arm/arm-gnu-toolchain/bin/../lib/gcc/arm-none-eabi/6.3.1/../../../../arm-none-eabi/lib/thumb/v7e-m\libc.a(lib_a-setvbuf.o)
 .ARM.attributes
                0x0000052e       0x2e c:/program files (x86)/atmel/studio/7.0/toolchain/arm/arm-gnu-toolchain/bin/../lib/gcc/arm-none-eabi/6.3.1/../../../../arm-none-eabi/lib/thumb/v7e-m\libc.a(lib_a-sprintf.o)
 .ARM.attributes
                0x0000055c       0x1c c:/program files (x86)/atmel/studio/7.0/toolchain/arm/arm-gnu-toolchain/bin/../lib/gcc/arm-none-eabi/6.3.1/../../../../arm-none-eabi/lib/thumb/v7e-m\libc.a(lib_a-strlen.o)
 .ARM.attributes
                0x00000578       0x2e c:/program files (x86)/atmel/studio/7.0/toolchain/arm/arm-gnu-toolchain/bin/../lib/gcc/arm-none-eabi/6.3.1/../../../../arm-none-eabi/lib/thumb/v7e-m\libc.a(lib_a-svfprintf.o)
 .ARM.attributes
                0x000005a6       0x2e c:/program files (x86)/atmel/studio/7.0/toolchain/arm/arm-gnu-toolchain/bin/../lib/gcc/arm-none-eabi/6.3.1/../../../../arm-none-eabi/lib/thumb/v7e-m\libc.a(lib_a-__call_atexit.o)
 .ARM.attributes
                0x000005d4       0x2e c:/program files (x86)/atmel/studio/7.0/toolchain/arm/arm-gnu-toolchain/bin/../lib/gcc/arm-none-eabi/6.3.1/../../../../arm-none-eabi/lib/thumb/v7e-m\libc.a(lib_a-atexit.o)
 .ARM.attributes
                0x00000602       0x2e c:/program files (x86)/atmel/studio/7.0/toolchain/arm/arm-gnu-toolchain/bin/../lib/gcc/arm-none-eabi/6.3.1/../../../../arm-none-eabi/lib/thumb/v7e-m\libc.a(lib_a-dtoa.o)
 .ARM.attributes
                0x00000630       0x2e c:/program files (x86)/atmel/studio/7.0/toolchain/arm/arm-gnu-toolchain/bin/../lib/gcc/arm-none-eabi/6.3.1/../../../../arm-none-eabi/lib/thumb/v7e-m\libc.a(lib_a-fflush.o)
 .ARM.attributes
                0x0000065e       0x2e c:/program files (x86)/atmel/studio/7.0/toolchain/arm/arm-gnu-toolchain/bin/../lib/gcc/arm-none-eabi/6.3.1/../../../../arm-none-eabi/lib/thumb/v7e-m\libc.a(lib_a-findfp.o)
 .ARM.attributes
                0x0000068c       0x2e c:/program files (x86)/atmel/studio/7.0/toolchain/arm/arm-gnu-toolchain/bin/../lib/gcc/arm-none-eabi/6.3.1/../../../../arm-none-eabi/lib/thumb/v7e-m\libc.a(lib_a-fini.o)
 .ARM.attributes
                0x000006ba       0x2e c:/program files (x86)/atmel/studio/7.0/toolchain/arm/arm-gnu-toolchain/bin/../lib/gcc/arm-none-eabi/6.3.1/../../../../arm-none-eabi/lib/thumb/v7e-m\libc.a(lib_a-freer.o)
 .ARM.attributes
                0x000006e8       0x2e c:/program files (x86)/atmel/studio/7.0/toolchain/arm/arm-gnu-toolchain/bin/../lib/gcc/arm-none-eabi/6.3.1/../../../../arm-none-eabi/lib/thumb/v7e-m\libc.a(lib_a-fwalk.o)
 .ARM.attributes
                0x00000716       0x2e c:/program files (x86)/atmel/studio/7.0/toolchain/arm/arm-gnu-toolchain/bin/../lib/gcc/arm-none-eabi/6.3.1/../../../../arm-none-eabi/lib/thumb/v7e-m\libc.a(lib_a-locale.o)
 .ARM.attributes
                0x00000744       0x2e c:/program files (x86)/atmel/studio/7.0/toolchain/arm/arm-gnu-toolchain/bin/../lib/gcc/arm-none-eabi/6.3.1/../../../../arm-none-eabi/lib/thumb/v7e-m\libc.a(lib_a-localeconv.o)
 .ARM.attributes
                0x00000772       0x2e c:/program files (x86)/atmel/studio/7.0/toolchain/arm/arm-gnu-toolchain/bin/../lib/gcc/arm-none-eabi/6.3.1/../../../../arm-none-eabi/lib/thumb/v7e-m\libc.a(lib_a-lock.o)
 .ARM.attributes
                0x000007a0       0x2e c:/program files (x86)/atmel/studio/7.0/toolchain/arm/arm-gnu-toolchain/bin/../lib/gcc/arm-none-eabi/6.3.1/../../../../arm-none-eabi/lib/thumb/v7e-m\libc.a(lib_a-makebuf.o)
 .ARM.attributes
                0x000007ce       0x2e c:/program files (x86)/atmel/studio/7.0/toolchain/arm/arm-gnu-toolchain/bin/../lib/gcc/arm-none-eabi/6.3.1/../../../../arm-none-eabi/lib/thumb/v7e-m\libc.a(lib_a-malloc.o)
 .ARM.attributes
                0x000007fc       0x2e c:/program files (x86)/atmel/studio/7.0/toolchain/arm/arm-gnu-toolchain/bin/../lib/gcc/arm-none-eabi/6.3.1/../../../../arm-none-eabi/lib/thumb/v7e-m\libc.a(lib_a-mallocr.o)
 .ARM.attributes
                0x0000082a       0x2e c:/program files (x86)/atmel/studio/7.0/toolchain/arm/arm-gnu-toolchain/bin/../lib/gcc/arm-none-eabi/6.3.1/../../../../arm-none-eabi/lib/thumb/v7e-m\libc.a(lib_a-mbtowc_r.o)
 .ARM.attributes
                0x00000858       0x1c c:/program files (x86)/atmel/studio/7.0/toolchain/arm/arm-gnu-toolchain/bin/../lib/gcc/arm-none-eabi/6.3.1/../../../../arm-none-eabi/lib/thumb/v7e-m\libc.a(lib_a-memchr.o)
 .ARM.attributes
                0x00000874       0x1c c:/program files (x86)/atmel/studio/7.0/toolchain/arm/arm-gnu-toolchain/bin/../lib/gcc/arm-none-eabi/6.3.1/../../../../arm-none-eabi/lib/thumb/v7e-m\libc.a(lib_a-memcpy.o)
 .ARM.attributes
                0x00000890       0x2e c:/program files (x86)/atmel/studio/7.0/toolchain/arm/arm-gnu-toolchain/bin/../lib/gcc/arm-none-eabi/6.3.1/../../../../arm-none-eabi/lib/thumb/v7e-m\libc.a(lib_a-memmove.o)
 .ARM.attributes
                0x000008be       0x2e c:/program files (x86)/atmel/studio/7.0/toolchain/arm/arm-gnu-toolchain/bin/../lib/gcc/arm-none-eabi/6.3.1/../../../../arm-none-eabi/lib/thumb/v7e-m\libc.a(lib_a-mlock.o)
 .ARM.attributes
                0x000008ec       0x2e c:/program files (x86)/atmel/studio/7.0/toolchain/arm/arm-gnu-toolchain/bin/../lib/gcc/arm-none-eabi/6.3.1/../../../../arm-none-eabi/lib/thumb/v7e-m\libc.a(lib_a-mprec.o)
 .ARM.attributes
                0x0000091a       0x2e c:/program files (x86)/atmel/studio/7.0/toolchain/arm/arm-gnu-toolchain/bin/../lib/gcc/arm-none-eabi/6.3.1/../../../../arm-none-eabi/lib/thumb/v7e-m\libc.a(lib_a-reallocr.o)
 .ARM.attributes
                0x00000948       0x2e c:/program files (x86)/atmel/studio/7.0/toolchain/arm/arm-gnu-toolchain/bin/../lib/gcc/arm-none-eabi/6.3.1/../../../../arm-none-eabi/lib/thumb/v7e-m\libc.a(lib_a-sbrkr.o)
 .ARM.attributes
                0x00000976       0x2e c:/program files (x86)/atmel/studio/7.0/toolchain/arm/arm-gnu-toolchain/bin/../lib/gcc/arm-none-eabi/6.3.1/../../../../arm-none-eabi/lib/thumb/v7e-m\libc.a(lib_a-stdio.o)
 .ARM.attributes
                0x000009a4       0x2e c:/program files (x86)/atmel/studio/7.0/toolchain/arm/arm-gnu-toolchain/bin/../lib/gcc/arm-none-eabi/6.3.1/../../../../arm-none-eabi/lib/thumb/v7e-m\libc.a(lib_a-svfiprintf.o)
 .ARM.attributes
                0x000009d2       0x2e c:/program files (x86)/atmel/studio/7.0/toolchain/arm/arm-gnu-toolchain/bin/../lib/gcc/arm-none-eabi/6.3.1/../../../../arm-none-eabi/lib/thumb/v7e-m\libc.a(lib_a-wctomb_r.o)
 .ARM.attributes
                0x00000a00       0x2e c:/program files (x86)/atmel/studio/7.0/toolchain/arm/arm-gnu-toolchain/bin/../lib/gcc/arm-none-eabi/6.3.1/../../../../arm-none-eabi/lib/thumb/v7e-m\libc.a(lib_a-writer.o)
 .ARM.attributes
                0x00000a2e       0x2e c:/program files (x86)/atmel/studio/7.0/toolchain/arm/arm-gnu-toolchain/bin/../lib/gcc/arm-none-eabi/6.3.1/../../../../arm-none-eabi/lib/thumb/v7e-m\libc.a(lib_a-__atexit.o)
 .ARM.attributes
                0x00000a5c       0x2e c:/program files (x86)/atmel/studio/7.0/toolchain/arm/arm-gnu-toolchain/bin/../lib/gcc/arm-none-eabi/6.3.1/../../../../arm-none-eabi/lib/thumb/v7e-m\libc.a(lib_a-callocr.o)
 .ARM.attributes
                0x00000a8a       0x2e c:/program files (x86)/atmel/studio/7.0/toolchain/arm/arm-gnu-toolchain/bin/../lib/gcc/arm-none-eabi/6.3.1/../../../../arm-none-eabi/lib/thumb/v7e-m\libc.a(lib_a-closer.o)
 .ARM.attributes
                0x00000ab8       0x2e c:/program files (x86)/atmel/studio/7.0/toolchain/arm/arm-gnu-toolchain/bin/../lib/gcc/arm-none-eabi/6.3.1/../../../../arm-none-eabi/lib/thumb/v7e-m\libc.a(lib_a-ctype_.o)
 .ARM.attributes
                0x00000ae6       0x2e c:/program files (x86)/atmel/studio/7.0/toolchain/arm/arm-gnu-toolchain/bin/../lib/gcc/arm-none-eabi/6.3.1/../../../../arm-none-eabi/lib/thumb/v7e-m\libc.a(lib_a-fclose.o)
 .ARM.attributes
                0x00000b14       0x2e c:/program files (x86)/atmel/studio/7.0/toolchain/arm/arm-gnu-toolchain/bin/../lib/gcc/arm-none-eabi/6.3.1/../../../../arm-none-eabi/lib/thumb/v7e-m\libc.a(lib_a-fstatr.o)
 .ARM.attributes
                0x00000b42       0x2e c:/program files (x86)/atmel/studio/7.0/toolchain/arm/arm-gnu-toolchain/bin/../lib/gcc/arm-none-eabi/6.3.1/../../../../arm-none-eabi/lib/thumb/v7e-m\libc.a(lib_a-lseekr.o)
 .ARM.attributes
                0x00000b70       0x2e c:/program files (x86)/atmel/studio/7.0/toolchain/arm/arm-gnu-toolchain/bin/../lib/gcc/arm-none-eabi/6.3.1/../../../../arm-none-eabi/lib/thumb/v7e-m\libc.a(lib_a-readr.o)
 .ARM.attributes
                0x00000b9e       0x2e c:/program files (x86)/atmel/studio/7.0/toolchain/arm/arm-gnu-toolchain/bin/../lib/gcc/arm-none-eabi/6.3.1/../../../../arm-none-eabi/lib/thumb/v7e-m\libc.a(lib_a-reent.o)
 .ARM.attributes
                0x00000bcc       0x1e c:/program files (x86)/atmel/studio/7.0/toolchain/arm/arm-gnu-toolchain/bin/../lib/gcc/arm-none-eabi/6.3.1/thumb/v7e-m\libgcc.a(_arm_addsubdf3.o)
 .ARM.attributes
                0x00000bea       0x1e c:/program files (x86)/atmel/studio/7.0/toolchain/arm/arm-gnu-toolchain/bin/../lib/gcc/arm-none-eabi/6.3.1/thumb/v7e-m\libgcc.a(_arm_muldivdf3.o)
 .ARM.attributes
                0x00000c08       0x1e c:/program files (x86)/atmel/studio/7.0/toolchain/arm/arm-gnu-toolchain/bin/../lib/gcc/arm-none-eabi/6.3.1/thumb/v7e-m\libgcc.a(_arm_cmpdf2.o)
 .ARM.attributes
                0x00000c26       0x1e c:/program files (x86)/atmel/studio/7.0/toolchain/arm/arm-gnu-toolchain/bin/../lib/gcc/arm-none-eabi/6.3.1/thumb/v7e-m\libgcc.a(_arm_unorddf2.o)
 .ARM.attributes
                0x00000c44       0x1e c:/program files (x86)/atmel/studio/7.0/toolchain/arm/arm-gnu-toolchain/bin/../lib/gcc/arm-none-eabi/6.3.1/thumb/v7e-m\libgcc.a(_arm_fixdfsi.o)
 .ARM.attributes
                0x00000c62       0x1e c:/program files (x86)/atmel/studio/7.0/toolchain/arm/arm-gnu-toolchain/bin/../lib/gcc/arm-none-eabi/6.3.1/thumb/v7e-m\libgcc.a(_aeabi_uldivmod.o)
 .ARM.attributes
                0x00000c80       0x2e c:/program files (x86)/atmel/studio/7.0/toolchain/arm/arm-gnu-toolchain/bin/../lib/gcc/arm-none-eabi/6.3.1/thumb/v7e-m\libgcc.a(_udivmoddi4.o)
 .ARM.attributes
                0x00000cae       0x1e c:/program files (x86)/atmel/studio/7.0/toolchain/arm/arm-gnu-toolchain/bin/../lib/gcc/arm-none-eabi/6.3.1/thumb/v7e-m\libgcc.a(_dvmd_tls.o)
 .ARM.attributes
                0x00000ccc       0x1e c:/program files (x86)/atmel/studio/7.0/toolchain/arm/arm-gnu-toolchain/bin/../lib/gcc/arm-none-eabi/6.3.1/thumb/v7e-m/crtn.o

.comment        0x00000000       0x59
 .comment       0x00000000       0x59 src/ASF/common/utils/stdio/read.o
                                 0x5a (size before relaxing)
 .comment       0x00000059       0x5a src/ASF/common/utils/stdio/write.o
 .comment       0x00000059       0x5a src/ASF/sam/drivers/adc/adc.o
 .comment       0x00000059       0x5a src/ASF/sam/drivers/pwm/pwm.o
 .comment       0x00000059       0x5a src/ASF/sam/drivers/tc/tc.o
 .comment       0x00000059       0x5a src/ASF/sam/drivers/usart/usart.o
 .comment       0x00000059       0x5a src/ASF/sam/drivers/ebi/smc/smc.o
 .comment       0x00000059       0x5a src/ASF/sam/drivers/uart/uart.o
 .comment       0x00000059       0x5a src/ASF/sam/components/display/ili93xx/ili93xx.o
 .comment       0x00000059       0x5a src/ASF/sam/components/display/aat31xx/aat31xx.o
 .comment       0x00000059       0x5a src/ASF/common/services/clock/sam4s/sysclk.o
 .comment       0x00000059       0x5a src/ASF/sam/boards/sam4s_ek2/init.o
 .comment       0x00000059       0x5a src/ASF/sam/drivers/pio/pio.o
 .comment       0x00000059       0x5a src/ASF/sam/drivers/pio/pio_handler.o
 .comment       0x00000059       0x5a src/ASF/sam/drivers/pmc/pmc.o
 .comment       0x00000059       0x5a src/ASF/sam/drivers/wdt/wdt.o
 .comment       0x00000059       0x5a src/ASF/sam/utils/cmsis/sam4s/source/templates/gcc/startup_sam4s.o
 .comment       0x00000059       0x5a src/ASF/sam/utils/cmsis/sam4s/source/templates/system_sam4s.o
 .comment       0x00000059       0x5a src/ASF/sam/utils/syscalls/gcc/syscalls.o
 .comment       0x00000059       0x5a src/main.o

.debug_info     0x00000000    0x1c0ce
 .debug_info    0x00000000      0xac9 src/ASF/common/utils/stdio/read.o
 .debug_info    0x00000ac9      0xac6 src/ASF/common/utils/stdio/write.o
 .debug_info    0x0000158f     0x1b44 src/ASF/sam/drivers/adc/adc.o
 .debug_info    0x000030d3     0x1e75 src/ASF/sam/drivers/pwm/pwm.o
 .debug_info    0x00004f48     0x123f src/ASF/sam/drivers/tc/tc.o
 .debug_info    0x00006187     0x2060 src/ASF/sam/drivers/usart/usart.o
 .debug_info    0x000081e7      0xcee src/ASF/sam/drivers/ebi/smc/smc.o
 .debug_info    0x00008ed5     0x1178 src/ASF/sam/drivers/uart/uart.o
 .debug_info    0x0000a04d     0x343e src/ASF/sam/components/display/ili93xx/ili93xx.o
 .debug_info    0x0000d48b     0x11b8 src/ASF/sam/components/display/aat31xx/aat31xx.o
 .debug_info    0x0000e643     0x10fa src/ASF/common/services/clock/sam4s/sysclk.o
 .debug_info    0x0000f73d     0x1472 src/ASF/sam/boards/sam4s_ek2/init.o
 .debug_info    0x00010baf     0x221d src/ASF/sam/drivers/pio/pio.o
 .debug_info    0x00012dcc     0x18e2 src/ASF/sam/drivers/pio/pio_handler.o
 .debug_info    0x000146ae     0x1a1d src/ASF/sam/drivers/pmc/pmc.o
 .debug_info    0x000160cb      0xbe5 src/ASF/sam/drivers/wdt/wdt.o
 .debug_info    0x00016cb0      0x6eb src/ASF/sam/utils/cmsis/sam4s/source/templates/gcc/startup_sam4s.o
 .debug_info    0x0001739b      0x458 src/ASF/sam/utils/cmsis/sam4s/source/templates/system_sam4s.o
 .debug_info    0x000177f3      0xdb0 src/ASF/sam/utils/syscalls/gcc/syscalls.o
 .debug_info    0x000185a3     0x3b2b src/main.o

.debug_abbrev   0x00000000     0x3868
 .debug_abbrev  0x00000000      0x1fe src/ASF/common/utils/stdio/read.o
 .debug_abbrev  0x000001fe      0x1e9 src/ASF/common/utils/stdio/write.o
 .debug_abbrev  0x000003e7      0x337 src/ASF/sam/drivers/adc/adc.o
 .debug_abbrev  0x0000071e      0x324 src/ASF/sam/drivers/pwm/pwm.o
 .debug_abbrev  0x00000a42      0x293 src/ASF/sam/drivers/tc/tc.o
 .debug_abbrev  0x00000cd5      0x406 src/ASF/sam/drivers/usart/usart.o
 .debug_abbrev  0x000010db      0x205 src/ASF/sam/drivers/ebi/smc/smc.o
 .debug_abbrev  0x000012e0      0x288 src/ASF/sam/drivers/uart/uart.o
 .debug_abbrev  0x00001568      0x447 src/ASF/sam/components/display/ili93xx/ili93xx.o
 .debug_abbrev  0x000019af      0x2cc src/ASF/sam/components/display/aat31xx/aat31xx.o
 .debug_abbrev  0x00001c7b      0x311 src/ASF/common/services/clock/sam4s/sysclk.o
 .debug_abbrev  0x00001f8c      0x26f src/ASF/sam/boards/sam4s_ek2/init.o
 .debug_abbrev  0x000021fb      0x3ff src/ASF/sam/drivers/pio/pio.o
 .debug_abbrev  0x000025fa      0x368 src/ASF/sam/drivers/pio/pio_handler.o
 .debug_abbrev  0x00002962      0x315 src/ASF/sam/drivers/pmc/pmc.o
 .debug_abbrev  0x00002c77      0x230 src/ASF/sam/drivers/wdt/wdt.o
 .debug_abbrev  0x00002ea7      0x17c src/ASF/sam/utils/cmsis/sam4s/source/templates/gcc/startup_sam4s.o
 .debug_abbrev  0x00003023      0x102 src/ASF/sam/utils/cmsis/sam4s/source/templates/system_sam4s.o
 .debug_abbrev  0x00003125      0x264 src/ASF/sam/utils/syscalls/gcc/syscalls.o
 .debug_abbrev  0x00003389      0x4df src/main.o

.debug_loc      0x00000000     0x8083
 .debug_loc     0x00000000       0xb3 src/ASF/common/utils/stdio/read.o
 .debug_loc     0x000000b3      0x12b src/ASF/common/utils/stdio/write.o
 .debug_loc     0x000001de      0x9e6 src/ASF/sam/drivers/adc/adc.o
 .debug_loc     0x00000bc4      0xca9 src/ASF/sam/drivers/pwm/pwm.o
 .debug_loc     0x0000186d      0x5a4 src/ASF/sam/drivers/tc/tc.o
 .debug_loc     0x00001e11      0xe59 src/ASF/sam/drivers/usart/usart.o
 .debug_loc     0x00002c6a       0xe7 src/ASF/sam/drivers/ebi/smc/smc.o
 .debug_loc     0x00002d51      0x241 src/ASF/sam/drivers/uart/uart.o
 .debug_loc     0x00002f92     0x247b src/ASF/sam/components/display/ili93xx/ili93xx.o
 .debug_loc     0x0000540d      0x128 src/ASF/sam/components/display/aat31xx/aat31xx.o
 .debug_loc     0x00005535      0x143 src/ASF/common/services/clock/sam4s/sysclk.o
 .debug_loc     0x00005678       0x5c src/ASF/sam/boards/sam4s_ek2/init.o
 .debug_loc     0x000056d4      0xdef src/ASF/sam/drivers/pio/pio.o
 .debug_loc     0x000064c3      0x549 src/ASF/sam/drivers/pio/pio_handler.o
 .debug_loc     0x00006a0c      0xb91 src/ASF/sam/drivers/pmc/pmc.o
 .debug_loc     0x0000759d      0x145 src/ASF/sam/drivers/wdt/wdt.o
 .debug_loc     0x000076e2       0xa1 src/ASF/sam/utils/cmsis/sam4s/source/templates/gcc/startup_sam4s.o
 .debug_loc     0x00007783       0xfd src/ASF/sam/utils/syscalls/gcc/syscalls.o
 .debug_loc     0x00007880      0x803 src/main.o

.debug_aranges  0x00000000      0xe98
 .debug_aranges
                0x00000000       0x20 src/ASF/common/utils/stdio/read.o
 .debug_aranges
                0x00000020       0x20 src/ASF/common/utils/stdio/write.o
 .debug_aranges
                0x00000040      0x188 src/ASF/sam/drivers/adc/adc.o
 .debug_aranges
                0x000001c8      0x158 src/ASF/sam/drivers/pwm/pwm.o
 .debug_aranges
                0x00000320       0xd0 src/ASF/sam/drivers/tc/tc.o
 .debug_aranges
                0x000003f0      0x210 src/ASF/sam/drivers/usart/usart.o
 .debug_aranges
                0x00000600       0x50 src/ASF/sam/drivers/ebi/smc/smc.o
 .debug_aranges
                0x00000650       0xe8 src/ASF/sam/drivers/uart/uart.o
 .debug_aranges
                0x00000738      0x170 src/ASF/sam/components/display/ili93xx/ili93xx.o
 .debug_aranges
                0x000008a8       0x28 src/ASF/sam/components/display/aat31xx/aat31xx.o
 .debug_aranges
                0x000008d0       0x30 src/ASF/common/services/clock/sam4s/sysclk.o
 .debug_aranges
                0x00000900       0x20 src/ASF/sam/boards/sam4s_ek2/init.o
 .debug_aranges
                0x00000920      0x1a8 src/ASF/sam/drivers/pio/pio.o
 .debug_aranges
                0x00000ac8       0x58 src/ASF/sam/drivers/pio/pio_handler.o
 .debug_aranges
                0x00000b20      0x208 src/ASF/sam/drivers/pmc/pmc.o
 .debug_aranges
                0x00000d28       0x48 src/ASF/sam/drivers/wdt/wdt.o
 .debug_aranges
                0x00000d70       0x28 src/ASF/sam/utils/cmsis/sam4s/source/templates/gcc/startup_sam4s.o
 .debug_aranges
                0x00000d98       0x30 src/ASF/sam/utils/cmsis/sam4s/source/templates/system_sam4s.o
 .debug_aranges
                0x00000dc8       0x60 src/ASF/sam/utils/syscalls/gcc/syscalls.o
 .debug_aranges
                0x00000e28       0x70 src/main.o

.debug_ranges   0x00000000      0xe90
 .debug_ranges  0x00000000       0x10 src/ASF/common/utils/stdio/read.o
 .debug_ranges  0x00000010       0x10 src/ASF/common/utils/stdio/write.o
 .debug_ranges  0x00000020      0x178 src/ASF/sam/drivers/adc/adc.o
 .debug_ranges  0x00000198      0x148 src/ASF/sam/drivers/pwm/pwm.o
 .debug_ranges  0x000002e0       0xc0 src/ASF/sam/drivers/tc/tc.o
 .debug_ranges  0x000003a0      0x200 src/ASF/sam/drivers/usart/usart.o
 .debug_ranges  0x000005a0       0x40 src/ASF/sam/drivers/ebi/smc/smc.o
 .debug_ranges  0x000005e0       0xd8 src/ASF/sam/drivers/uart/uart.o
 .debug_ranges  0x000006b8      0x250 src/ASF/sam/components/display/ili93xx/ili93xx.o
 .debug_ranges  0x00000908       0x30 src/ASF/sam/components/display/aat31xx/aat31xx.o
 .debug_ranges  0x00000938       0x20 src/ASF/common/services/clock/sam4s/sysclk.o
 .debug_ranges  0x00000958       0x10 src/ASF/sam/boards/sam4s_ek2/init.o
 .debug_ranges  0x00000968      0x1b0 src/ASF/sam/drivers/pio/pio.o
 .debug_ranges  0x00000b18       0x60 src/ASF/sam/drivers/pio/pio_handler.o
 .debug_ranges  0x00000b78      0x1f8 src/ASF/sam/drivers/pmc/pmc.o
 .debug_ranges  0x00000d70       0x38 src/ASF/sam/drivers/wdt/wdt.o
 .debug_ranges  0x00000da8       0x18 src/ASF/sam/utils/cmsis/sam4s/source/templates/gcc/startup_sam4s.o
 .debug_ranges  0x00000dc0       0x20 src/ASF/sam/utils/cmsis/sam4s/source/templates/system_sam4s.o
 .debug_ranges  0x00000de0       0x50 src/ASF/sam/utils/syscalls/gcc/syscalls.o
 .debug_ranges  0x00000e30       0x60 src/main.o

.debug_macro    0x00000000    0x15b3e
 .debug_macro   0x00000000      0x524 src/ASF/common/utils/stdio/read.o
 .debug_macro   0x00000524      0x8ce src/ASF/common/utils/stdio/read.o
 .debug_macro   0x00000df2      0x16d src/ASF/common/utils/stdio/read.o
 .debug_macro   0x00000f5f      0x64b src/ASF/common/utils/stdio/read.o
 .debug_macro   0x000015aa       0x76 src/ASF/common/utils/stdio/read.o
 .debug_macro   0x00001620       0x16 src/ASF/common/utils/stdio/read.o
 .debug_macro   0x00001636      0x6e4 src/ASF/common/utils/stdio/read.o
 .debug_macro   0x00001d1a       0x22 src/ASF/common/utils/stdio/read.o
 .debug_macro   0x00001d3c       0x87 src/ASF/common/utils/stdio/read.o
 .debug_macro   0x00001dc3       0x51 src/ASF/common/utils/stdio/read.o
 .debug_macro   0x00001e14       0xef src/ASF/common/utils/stdio/read.o
 .debug_macro   0x00001f03       0x6a src/ASF/common/utils/stdio/read.o
 .debug_macro   0x00001f6d      0x1df src/ASF/common/utils/stdio/read.o
 .debug_macro   0x0000214c       0x27 src/ASF/common/utils/stdio/read.o
 .debug_macro   0x00002173       0x3b src/ASF/common/utils/stdio/read.o
 .debug_macro   0x000021ae       0x2d src/ASF/common/utils/stdio/read.o
 .debug_macro   0x000021db       0x26 src/ASF/common/utils/stdio/read.o
 .debug_macro   0x00002201      0xbbf src/ASF/common/utils/stdio/read.o
 .debug_macro   0x00002dc0      0x159 src/ASF/common/utils/stdio/read.o
 .debug_macro   0x00002f19      0xaaf src/ASF/common/utils/stdio/read.o
 .debug_macro   0x000039c8      0x1b9 src/ASF/common/utils/stdio/read.o
 .debug_macro   0x00003b81      0x11e src/ASF/common/utils/stdio/read.o
 .debug_macro   0x00003c9f       0xac src/ASF/common/utils/stdio/read.o
 .debug_macro   0x00003d4b      0x401 src/ASF/common/utils/stdio/read.o
 .debug_macro   0x0000414c      0x106 src/ASF/common/utils/stdio/read.o
 .debug_macro   0x00004252       0x1c src/ASF/common/utils/stdio/read.o
 .debug_macro   0x0000426e      0x738 src/ASF/common/utils/stdio/read.o
 .debug_macro   0x000049a6      0x2d2 src/ASF/common/utils/stdio/read.o
 .debug_macro   0x00004c78       0xbe src/ASF/common/utils/stdio/read.o
 .debug_macro   0x00004d36     0x280b src/ASF/common/utils/stdio/read.o
 .debug_macro   0x00007541      0x777 src/ASF/common/utils/stdio/read.o
 .debug_macro   0x00007cb8      0xa8e src/ASF/common/utils/stdio/read.o
 .debug_macro   0x00008746       0x9a src/ASF/common/utils/stdio/read.o
 .debug_macro   0x000087e0      0x3d8 src/ASF/common/utils/stdio/read.o
 .debug_macro   0x00008bb8       0x64 src/ASF/common/utils/stdio/read.o
 .debug_macro   0x00008c1c      0x1ae src/ASF/common/utils/stdio/read.o
 .debug_macro   0x00008dca      0x386 src/ASF/common/utils/stdio/read.o
 .debug_macro   0x00009150      0x624 src/ASF/common/utils/stdio/read.o
 .debug_macro   0x00009774      0x690 src/ASF/common/utils/stdio/read.o
 .debug_macro   0x00009e04      0x59f src/ASF/common/utils/stdio/read.o
 .debug_macro   0x0000a3a3      0x34d src/ASF/common/utils/stdio/read.o
 .debug_macro   0x0000a6f0      0x28c src/ASF/common/utils/stdio/read.o
 .debug_macro   0x0000a97c      0x2d6 src/ASF/common/utils/stdio/read.o
 .debug_macro   0x0000ac52      0x6d9 src/ASF/common/utils/stdio/read.o
 .debug_macro   0x0000b32b       0x76 src/ASF/common/utils/stdio/read.o
 .debug_macro   0x0000b3a1       0xb8 src/ASF/common/utils/stdio/read.o
 .debug_macro   0x0000b459       0xb2 src/ASF/common/utils/stdio/read.o
 .debug_macro   0x0000b50b       0x88 src/ASF/common/utils/stdio/read.o
 .debug_macro   0x0000b593      0x105 src/ASF/common/utils/stdio/read.o
 .debug_macro   0x0000b698      0x105 src/ASF/common/utils/stdio/read.o
 .debug_macro   0x0000b79d       0x88 src/ASF/common/utils/stdio/read.o
 .debug_macro   0x0000b825       0x88 src/ASF/common/utils/stdio/read.o
 .debug_macro   0x0000b8ad      0x2cd src/ASF/common/utils/stdio/read.o
 .debug_macro   0x0000bb7a       0xb2 src/ASF/common/utils/stdio/read.o
 .debug_macro   0x0000bc2c       0xb2 src/ASF/common/utils/stdio/read.o
 .debug_macro   0x0000bcde       0x52 src/ASF/common/utils/stdio/read.o
 .debug_macro   0x0000bd30       0xac src/ASF/common/utils/stdio/read.o
 .debug_macro   0x0000bddc       0x7c src/ASF/common/utils/stdio/read.o
 .debug_macro   0x0000be58       0x40 src/ASF/common/utils/stdio/read.o
 .debug_macro   0x0000be98       0x64 src/ASF/common/utils/stdio/read.o
 .debug_macro   0x0000befc       0x46 src/ASF/common/utils/stdio/read.o
 .debug_macro   0x0000bf42       0x88 src/ASF/common/utils/stdio/read.o
 .debug_macro   0x0000bfca       0x4c src/ASF/common/utils/stdio/read.o
 .debug_macro   0x0000c016       0xa6 src/ASF/common/utils/stdio/read.o
 .debug_macro   0x0000c0bc       0x7c src/ASF/common/utils/stdio/read.o
 .debug_macro   0x0000c138       0x16 src/ASF/common/utils/stdio/read.o
 .debug_macro   0x0000c14e       0x7c src/ASF/common/utils/stdio/read.o
 .debug_macro   0x0000c1ca       0x22 src/ASF/common/utils/stdio/read.o
 .debug_macro   0x0000c1ec       0x22 src/ASF/common/utils/stdio/read.o
 .debug_macro   0x0000c20e      0x195 src/ASF/common/utils/stdio/read.o
 .debug_macro   0x0000c3a3      0x165 src/ASF/common/utils/stdio/read.o
 .debug_macro   0x0000c508      0x165 src/ASF/common/utils/stdio/read.o
 .debug_macro   0x0000c66d       0x1c src/ASF/common/utils/stdio/read.o
 .debug_macro   0x0000c689       0x2e src/ASF/common/utils/stdio/read.o
 .debug_macro   0x0000c6b7       0x22 src/ASF/common/utils/stdio/read.o
 .debug_macro   0x0000c6d9       0x1c src/ASF/common/utils/stdio/read.o
 .debug_macro   0x0000c6f5       0x52 src/ASF/common/utils/stdio/read.o
 .debug_macro   0x0000c747       0x10 src/ASF/common/utils/stdio/read.o
 .debug_macro   0x0000c757      0x234 src/ASF/common/utils/stdio/read.o
 .debug_macro   0x0000c98b      0x938 src/ASF/common/utils/stdio/read.o
 .debug_macro   0x0000d2c3      0x12a src/ASF/common/utils/stdio/read.o
 .debug_macro   0x0000d3ed       0x58 src/ASF/common/utils/stdio/read.o
 .debug_macro   0x0000d445       0x35 src/ASF/common/utils/stdio/read.o
 .debug_macro   0x0000d47a       0x9c src/ASF/common/utils/stdio/read.o
 .debug_macro   0x0000d516       0x16 src/ASF/common/utils/stdio/read.o
 .debug_macro   0x0000d52c       0x35 src/ASF/common/utils/stdio/read.o
 .debug_macro   0x0000d561      0x353 src/ASF/common/utils/stdio/read.o
 .debug_macro   0x0000d8b4       0x10 src/ASF/common/utils/stdio/read.o
 .debug_macro   0x0000d8c4       0x58 src/ASF/common/utils/stdio/read.o
 .debug_macro   0x0000d91c       0x1f src/ASF/common/utils/stdio/read.o
 .debug_macro   0x0000d93b       0x43 src/ASF/common/utils/stdio/read.o
 .debug_macro   0x0000d97e       0x20 src/ASF/common/utils/stdio/read.o
 .debug_macro   0x0000d99e      0x187 src/ASF/common/utils/stdio/read.o
 .debug_macro   0x0000db25       0x10 src/ASF/common/utils/stdio/read.o
 .debug_macro   0x0000db35       0x1c src/ASF/common/utils/stdio/read.o
 .debug_macro   0x0000db51       0x52 src/ASF/common/utils/stdio/read.o
 .debug_macro   0x0000dba3       0x40 src/ASF/common/utils/stdio/read.o
 .debug_macro   0x0000dbe3       0x10 src/ASF/common/utils/stdio/read.o
 .debug_macro   0x0000dbf3       0x40 src/ASF/common/utils/stdio/read.o
 .debug_macro   0x0000dc33       0xd7 src/ASF/common/utils/stdio/read.o
 .debug_macro   0x0000dd0a       0x16 src/ASF/common/utils/stdio/read.o
 .debug_macro   0x0000dd20      0x18b src/ASF/common/utils/stdio/read.o
 .debug_macro   0x0000deab       0x22 src/ASF/common/utils/stdio/read.o
 .debug_macro   0x0000decd       0x16 src/ASF/common/utils/stdio/read.o
 .debug_macro   0x0000dee3       0x16 src/ASF/common/utils/stdio/read.o
 .debug_macro   0x0000def9       0x29 src/ASF/common/utils/stdio/read.o
 .debug_macro   0x0000df22       0x75 src/ASF/common/utils/stdio/read.o
 .debug_macro   0x0000df97       0x3f src/ASF/common/utils/stdio/read.o
 .debug_macro   0x0000dfd6      0x3ca src/ASF/common/utils/stdio/read.o
 .debug_macro   0x0000e3a0      0x524 src/ASF/common/utils/stdio/write.o
 .debug_macro   0x0000e8c4      0x53d src/ASF/sam/drivers/adc/adc.o
 .debug_macro   0x0000ee01       0x1c src/ASF/sam/drivers/adc/adc.o
 .debug_macro   0x0000ee1d      0x540 src/ASF/sam/drivers/pwm/pwm.o
 .debug_macro   0x0000f35d      0x53a src/ASF/sam/drivers/tc/tc.o
 .debug_macro   0x0000f897       0x52 src/ASF/sam/drivers/tc/tc.o
 .debug_macro   0x0000f8e9       0x8d src/ASF/sam/drivers/tc/tc.o
 .debug_macro   0x0000f976       0x16 src/ASF/sam/drivers/tc/tc.o
 .debug_macro   0x0000f98c       0x57 src/ASF/sam/drivers/tc/tc.o
 .debug_macro   0x0000f9e3       0x1c src/ASF/sam/drivers/tc/tc.o
 .debug_macro   0x0000f9ff      0x569 src/ASF/sam/drivers/usart/usart.o
 .debug_macro   0x0000ff68       0x28 src/ASF/sam/drivers/usart/usart.o
 .debug_macro   0x0000ff90      0x551 src/ASF/sam/drivers/ebi/smc/smc.o
 .debug_macro   0x000104e1      0x533 src/ASF/sam/drivers/uart/uart.o
 .debug_macro   0x00010a14       0x16 src/ASF/sam/drivers/uart/uart.o
 .debug_macro   0x00010a2a      0x596 src/ASF/sam/components/display/ili93xx/ili93xx.o
 .debug_macro   0x00010fc0       0x10 src/ASF/sam/components/display/ili93xx/ili93xx.o
 .debug_macro   0x00010fd0      0x14f src/ASF/sam/components/display/ili93xx/ili93xx.o
 .debug_macro   0x0001111f      0x287 src/ASF/sam/components/display/ili93xx/ili93xx.o
 .debug_macro   0x000113a6      0x7ed src/ASF/sam/components/display/ili93xx/ili93xx.o
 .debug_macro   0x00011b93      0x5ec src/ASF/sam/components/display/aat31xx/aat31xx.o
 .debug_macro   0x0001217f      0x2c0 src/ASF/sam/components/display/aat31xx/aat31xx.o
 .debug_macro   0x0001243f       0x82 src/ASF/sam/components/display/aat31xx/aat31xx.o
 .debug_macro   0x000124c1       0x46 src/ASF/sam/components/display/aat31xx/aat31xx.o
 .debug_macro   0x00012507       0x16 src/ASF/sam/components/display/aat31xx/aat31xx.o
 .debug_macro   0x0001251d      0x59e src/ASF/common/services/clock/sam4s/sysclk.o
 .debug_macro   0x00012abb      0x5de src/ASF/sam/boards/sam4s_ek2/init.o
 .debug_macro   0x00013099       0x94 src/ASF/sam/boards/sam4s_ek2/init.o
 .debug_macro   0x0001312d       0x40 src/ASF/sam/boards/sam4s_ek2/init.o
 .debug_macro   0x0001316d      0x539 src/ASF/sam/drivers/pio/pio.o
 .debug_macro   0x000136a6       0x8e src/ASF/sam/drivers/pio/pio.o
 .debug_macro   0x00013734      0x543 src/ASF/sam/drivers/pio/pio_handler.o
 .debug_macro   0x00013c77      0x539 src/ASF/sam/drivers/pmc/pmc.o
 .debug_macro   0x000141b0       0x52 src/ASF/sam/drivers/pmc/pmc.o
 .debug_macro   0x00014202      0x546 src/ASF/sam/drivers/wdt/wdt.o
 .debug_macro   0x00014748      0x325 src/ASF/sam/utils/cmsis/sam4s/source/templates/gcc/startup_sam4s.o
 .debug_macro   0x00014a6d      0x32d src/ASF/sam/utils/cmsis/sam4s/source/templates/system_sam4s.o
 .debug_macro   0x00014d9a      0x1d6 src/ASF/sam/utils/syscalls/gcc/syscalls.o
 .debug_macro   0x00014f70       0x97 src/ASF/sam/utils/syscalls/gcc/syscalls.o
 .debug_macro   0x00015007       0xf6 src/ASF/sam/utils/syscalls/gcc/syscalls.o
 .debug_macro   0x000150fd       0x4c src/ASF/sam/utils/syscalls/gcc/syscalls.o
 .debug_macro   0x00015149       0x16 src/ASF/sam/utils/syscalls/gcc/syscalls.o
 .debug_macro   0x0001515f       0x10 src/ASF/sam/utils/syscalls/gcc/syscalls.o
 .debug_macro   0x0001516f       0x10 src/ASF/sam/utils/syscalls/gcc/syscalls.o
 .debug_macro   0x0001517f       0x35 src/ASF/sam/utils/syscalls/gcc/syscalls.o
 .debug_macro   0x000151b4      0x122 src/ASF/sam/utils/syscalls/gcc/syscalls.o
 .debug_macro   0x000152d6      0x765 src/main.o
 .debug_macro   0x00015a3b       0x28 src/main.o
 .debug_macro   0x00015a63       0x23 src/main.o
 .debug_macro   0x00015a86       0x88 src/main.o
 .debug_macro   0x00015b0e       0x10 src/main.o
 .debug_macro   0x00015b1e       0x10 src/main.o
 .debug_macro   0x00015b2e       0x10 src/main.o

.debug_line     0x00000000     0xfba3
 .debug_line    0x00000000      0xab0 src/ASF/common/utils/stdio/read.o
 .debug_line    0x00000ab0      0xaa8 src/ASF/common/utils/stdio/write.o
 .debug_line    0x00001558      0xe76 src/ASF/sam/drivers/adc/adc.o
 .debug_line    0x000023ce      0xe1c src/ASF/sam/drivers/pwm/pwm.o
 .debug_line    0x000031ea      0xc4e src/ASF/sam/drivers/tc/tc.o
 .debug_line    0x00003e38     0x102c src/ASF/sam/drivers/usart/usart.o
 .debug_line    0x00004e64      0xb5a src/ASF/sam/drivers/ebi/smc/smc.o
 .debug_line    0x000059be      0xc63 src/ASF/sam/drivers/uart/uart.o
 .debug_line    0x00006621     0x12dc src/ASF/sam/components/display/ili93xx/ili93xx.o
 .debug_line    0x000078fd      0xcb4 src/ASF/sam/components/display/aat31xx/aat31xx.o
 .debug_line    0x000085b1      0xbe6 src/ASF/common/services/clock/sam4s/sysclk.o
 .debug_line    0x00009197      0xcbf src/ASF/sam/boards/sam4s_ek2/init.o
 .debug_line    0x00009e56      0xf5f src/ASF/sam/drivers/pio/pio.o
 .debug_line    0x0000adb5      0xb7a src/ASF/sam/drivers/pio/pio_handler.o
 .debug_line    0x0000b92f     0x1042 src/ASF/sam/drivers/pmc/pmc.o
 .debug_line    0x0000c971      0xb02 src/ASF/sam/drivers/wdt/wdt.o
 .debug_line    0x0000d473      0x88b src/ASF/sam/utils/cmsis/sam4s/source/templates/gcc/startup_sam4s.o
 .debug_line    0x0000dcfe      0x8bd src/ASF/sam/utils/cmsis/sam4s/source/templates/system_sam4s.o
 .debug_line    0x0000e5bb      0x40b src/ASF/sam/utils/syscalls/gcc/syscalls.o
 .debug_line    0x0000e9c6     0x11dd src/main.o

.debug_str      0x00000000    0x5b484
 .debug_str     0x00000000    0x4a5d0 src/ASF/common/utils/stdio/read.o
                              0x4a996 (size before relaxing)
 .debug_str     0x0004a5d0       0x2e src/ASF/common/utils/stdio/write.o
                              0x4a997 (size before relaxing)
 .debug_str     0x0004a5fe      0xac8 src/ASF/sam/drivers/adc/adc.o
                              0x4b486 (size before relaxing)
 .debug_str     0x0004b0c6      0xb79 src/ASF/sam/drivers/pwm/pwm.o
                              0x4b58c (size before relaxing)
 .debug_str     0x0004bc3f      0x35d src/ASF/sam/drivers/tc/tc.o
                              0x4acfc (size before relaxing)
 .debug_str     0x0004bf9c      0x952 src/ASF/sam/drivers/usart/usart.o
                              0x4b396 (size before relaxing)
 .debug_str     0x0004c8ee     0x42cb src/ASF/sam/drivers/ebi/smc/smc.o
                              0x4ec43 (size before relaxing)
 .debug_str     0x00050bb9      0x32d src/ASF/sam/drivers/uart/uart.o
                              0x4ad50 (size before relaxing)
 .debug_str     0x00050ee6     0x6548 src/ASF/sam/components/display/ili93xx/ili93xx.o
                              0x55129 (size before relaxing)
 .debug_str     0x0005742e     0x10b1 src/ASF/sam/components/display/aat31xx/aat31xx.o
                              0x4fc02 (size before relaxing)
 .debug_str     0x000584df      0x37b src/ASF/common/services/clock/sam4s/sysclk.o
                              0x4f78a (size before relaxing)
 .debug_str     0x0005885a      0x6f4 src/ASF/sam/boards/sam4s_ek2/init.o
                              0x500e7 (size before relaxing)
 .debug_str     0x00058f4e      0x4f8 src/ASF/sam/drivers/pio/pio.o
                              0x4b5b1 (size before relaxing)
 .debug_str     0x00059446      0x402 src/ASF/sam/drivers/pio/pio_handler.o
                              0x4b4dd (size before relaxing)
 .debug_str     0x00059848      0x627 src/ASF/sam/drivers/pmc/pmc.o
                              0x4b40f (size before relaxing)
 .debug_str     0x00059e6f      0x115 src/ASF/sam/drivers/wdt/wdt.o
                              0x4aa98 (size before relaxing)
 .debug_str     0x00059f84      0x435 src/ASF/sam/utils/cmsis/sam4s/source/templates/gcc/startup_sam4s.o
                              0x3b3f3 (size before relaxing)
 .debug_str     0x0005a3b9       0xb9 src/ASF/sam/utils/cmsis/sam4s/source/templates/system_sam4s.o
                              0x3b185 (size before relaxing)
 .debug_str     0x0005a472      0x759 src/ASF/sam/utils/syscalls/gcc/syscalls.o
                               0x7403 (size before relaxing)
 .debug_str     0x0005abcb      0x8b9 src/main.o
                              0x57c1b (size before relaxing)

.debug_frame    0x00000000     0x30d0
 .debug_frame   0x00000000       0x30 src/ASF/common/utils/stdio/read.o